I/System.out(29741): open:https://api-app.meizu.com/apps/oauth/favorite/list?start=0&firmware=Flyme+OS+4.5.0.4Q&mzos=4.0&locale=CN&sn=81CEBMJ22YEC&net=wifi&os=22&vc=199&v=4.5.9&max=50&imei=869130021365775&access_token=eyJ2IjoyLCJ1IjoiMTE0MTM0MDI0IiwidCI6MTQ1MjgyNTk2NDg3MSwicyI6Ind4IiwiciI6IkVTeFlQb1VpTG92VWZZSXkwVGt1IiwiYSI6IkE3MjNCM0IwNTFGODQzNDMyOUFFOEYzQUNBQTc3NjVEIn0&screen_size=1080x1920&device_model=M5714&uid=114134024&language=zh-CN
I/System.out(29741): open:https://api-app.meizu.com/apps/oauth/favorite/list?start=0&firmware=Flyme+OS+4.5.0.4Q&mzos=4.0&locale=CN&sn=81CEBMJ22YEC&net=wifi&os=22&vc=199&v=4.5.9&max=50&imei=869130021365775&access_token=eyJ2IjoyLCJ1IjoiMTE0MTM0MDI0IiwidCI6MTQ1MjgyNTk2NDg3MSwicyI6Ind4IiwiciI6IkVTeFlQb1VpTG92VWZZSXkwVGt1IiwiYSI6IkE3MjNCM0IwNTFGODQzNDMyOUFFOEYzQUNBQTc3NjVEIn0&screen_size=1080x1920&device_model=M5714&uid=114134024&language=zh-CN
D/Surface (29274): Surface::setBuffersDimensions(this=0x7fa4e3c600,w=1080,h=1920)
W/ActivityManager(  823): getRunningAppProcesses: caller 10183 does not hold REAL_GET_TASKS; limiting output
D/Surface (29274): Surface::setBuffersDimensions(this=0x7fa4e3c600,w=1080,h=1920)
D/AudioSystem(  320): +setParameters(): FM_DIRECT_CONTROL=0 
D/AudioFlinger(  320): setParameters(): io 2, keyvalue FM_DIRECT_CONTROL=0, calling pid 320
D/AudioFlinger_Threads(  320): ThreadBase::setParameters() FM_DIRECT_CONTROL=0
D/AudioFlinger_Threads(  320): sendConfigEvent_l() num events 1 event 2
D/AudioFlinger_Threads(  320): processConfigEvents_l() remaining events 1
D/AudioALSAStreamOut(  320): +setParameters(): FM_DIRECT_CONTROL=0
D/AudioALSAStreamOut(  320): -setParameters(): FM_DIRECT_CONTROL=0 
D/AudioSystem(  320): -setParameters(): FM_DIRECT_CONTROL=0 
I/System.out(29741): [CDS][DNS] getAllByNameImpl netId = 0
I/System.out(29741): [CDS][DNS] getAllByNameImpl netId = 0
D/libc-netbsd(29741): [getaddrinfo]: hostname=api-app.meizu.com; servname=(null); cache_mode=(null), netid=0; mark=0
D/libc-netbsd(29741): [getaddrinfo]: hostname=api-app.meizu.com; servname=(null); cache_mode=(null), netid=0; mark=0
D/libc-netbsd(29741): [getaddrinfo]: ai_addrlen=0; ai_canonname=(null); ai_flags=4; ai_family=0
D/libc-netbsd(29741): [getaddrinfo]: ai_addrlen=0; ai_canonname=(null); ai_flags=4; ai_family=0
D/libc-netbsd(29741): [getaddrinfo]: hostname=api-app.meizu.com; servname=(null); cache_mode=(null), netid=0; mark=0
D/libc-netbsd(29741): [getaddrinfo]: ai_addrlen=0; ai_canonname=(null); ai_flags=1024; ai_family=0
D/libc-netbsd(29741): [getaddrinfo]: hostname=api-app.meizu.com; servname=(null); cache_mode=(null), netid=0; mark=0
D/libc-netbsd(29741): [getaddrinfo]: ai_addrlen=0; ai_canonname=(null); ai_flags=1024; ai_family=0
D/FrameworkListener(  315): dispatchCommand data = (getaddrinfo api-app.meizu.com ^ 1024 0 1 0 0)
D/FrameworkListener(  315): dispatchCommand data = (getaddrinfo api-app.meizu.com ^ 1024 0 1 0 0)
D/libc-netbsd(  315): [getaddrinfo]: hostname=api-app.meizu.com; servname=(null); cache_mode=local, netid=100; mark=917604
D/libc-netbsd(  315): [getaddrinfo]: ai_addrlen=0; ai_canonname=(null); ai_flags=1024; ai_family=0
D/libc-netbsd(  315): [getaddrinfo]: hostname=api-app.meizu.com; servname=(null); cache_mode=local, netid=100; mark=917604
D/libc-netbsd(  315): [getaddrinfo]: ai_addrlen=0; ai_canonname=(null); ai_flags=1024; ai_family=0
D/libc-netbsd(  315): default dns: query_ipv6=0, query_ipv4=1
D/libc-netbsd(  315): default dns: query_ipv6=0, query_ipv4=1
D/libc-netbsd(  315): res_queryN name = api-app.meizu.com, class = 1, type = 1
D/libc-netbsd(  315): res_queryN name = api-app.meizu.com, class = 1, type = 1
D/libc-netbsd(  315): netid=100, dns0:202.96.209.5
D/libc-netbsd(  315): netid=100, dns1:202.96.209.133
D/libc-netbsd(  315): netid=100, dns2:8.8.8.8
D/libc-netbsd(  315): netid=100, dns0:202.96.209.5
D/libc-netbsd(  315): netid=100, dns1:202.96.209.133
D/libc-netbsd(  315): netid=100, dns2:8.8.8.8
D/Surface (29274): Surface::setBuffersDimensions(this=0x7fa4e3c600,w=1080,h=1920)
D/libc-netbsd(  315): res_queryN name = api-app.meizu.com succeed
D/libc-netbsd(  315): res_queryN name = api-app.meizu.com succeed
D/SocketClient(  315): SocketClient sendData done: 222
D/SocketClient(  315): SocketClient sendData done: 222
D/SocketClient(  315): SocketClient sendData done: 
D/SocketClient(  315): SocketClient sendData done: 
D/SocketClient(  315): SocketClient sendData done: 
D/SocketClient(  315): SocketClient sendData done: 
D/SocketClient(  315): SocketClient sendData done: 
D/SocketClient(  315): SocketClient sendData done: 
D/SocketClient(  315): SocketClient sendData done: 
D/SocketClient(  315): SocketClient sendData done: 
D/SocketClient(  315): SocketClient sendData done: 
D/SocketClient(  315): SocketClient sendData done: 
D/SocketClient(  315): SocketClient sendData done: 
D/SocketClient(  315): SocketClient sendData done: 
D/libc-netbsd(29741): getaddrinfo: api-app.meizu.com get result from proxy >>
D/libc-netbsd(29741): getaddrinfo: api-app.meizu.com get result from proxy >>
I/System.out(29741): propertyValue:true
I/System.out(29741): propertyValue:true
I/System.out(29741): [CDS]rx timeout:20000
I/System.out(29741): [CDS]rx timeout:20000
I/System.out(29741): [socket][0] connection api-app.meizu.com/221.228.84.161:443;LocalPort=50571(20000)
I/System.out(29741): [socket][0] connection api-app.meizu.com/221.228.84.161:443;LocalPort=51536(20000)
I/System.out(29741): [CDS]connect[api-app.meizu.com/221.228.84.161:443] tm:20
I/System.out(29741): [CDS]connect[api-app.meizu.com/221.228.84.161:443] tm:20
D/SocketClient(  315): SocketClient sendData done: 
D/SocketClient(  315): SocketClient sendData done: 
D/Posix   (29741): [Posix_connect Debug]Process com.meizu.mstore :443 
D/Posix   (29741): [Posix_connect Debug]Process com.meizu.mstore :443 
D/ADB_SERVICES(29561): Adding socket 23 pid 29775 to jdwp process list
D/Surface (29274): Surface::setBuffersDimensions(this=0x7fa4e3c600,w=1080,h=1920)
I/System.out(29741): [socket][/10.88.1.93:51536] connected
I/System.out(29741): [socket][/10.88.1.93:50571] connected
D/libc-netbsd(29741): [getaddrinfo]: hostname=api-app.meizu.com; servname=(null); cache_mode=(null), netid=0; mark=0
D/libc-netbsd(29741): [getaddrinfo]: hostname=api-app.meizu.com; servname=(null); cache_mode=(null), netid=0; mark=0
D/libc-netbsd(29741): [getaddrinfo]: ai_addrlen=0; ai_canonname=(null); ai_flags=4; ai_family=0
D/libc-netbsd(29741): [getaddrinfo]: ai_addrlen=0; ai_canonname=(null); ai_flags=4; ai_family=0
D/NativeCrypto(29741): ssl=0xf4886a00 NativeCrypto_SSL_do_handshake fd=0xdf049660 shc=0xdf049664 timeout_millis=20000 client_mode=1 npn=0x0
D/NativeCrypto(29741): ssl=0xefc3e400 NativeCrypto_SSL_do_handshake fd=0xdef45660 shc=0xdef45664 timeout_millis=20000 client_mode=1 npn=0x0
D/NativeCrypto(29741): doing handshake ++
D/NativeCrypto(29741): doing handshake ++
D/NativeCrypto(29741): ssl=0xefc3e400 info_callback where=0x10 ret=1
D/NativeCrypto(29741): ssl=0xf4886a00 info_callback where=0x10 ret=1
D/NativeCrypto(29741): ssl=0xefc3e400 handshake start in UNKWN  before/connect initialization
D/NativeCrypto(29741): ssl=0xf4886a00 handshake start in UNKWN  before/connect initialization
D/NativeCrypto(29741): ssl=0xefc3e400 info_callback calling handshakeCompleted
D/NativeCrypto(29741): ssl=0xf4886a00 info_callback calling handshakeCompleted
D/NativeCrypto(29741): ssl=0xf4886a00 info_callback completed
D/NativeCrypto(29741): ssl=0xefc3e400 info_callback completed
D/NativeCrypto(29741): ssl=0xefc3e400 info_callback where=0x1001 ret=1
D/NativeCrypto(29741): ssl=0xf4886a00 info_callback where=0x1001 ret=1
D/NativeCrypto(29741): ssl=0xefc3e400 SSL_connect:UNKWN  before/connect initialization
D/NativeCrypto(29741): ssl=0xf4886a00 SSL_connect:UNKWN  before/connect initialization
D/NativeCrypto(29741): ssl=0xefc3e400 info_callback ignored
D/NativeCrypto(29741): ssl=0xf4886a00 info_callback ignored
D/NativeCrypto(29741): ssl=0xf4886a00 info_callback where=0x1001 ret=1
D/NativeCrypto(29741): ssl=0xf4886a00 SSL_connect:23WCHA SSLv2/v3 write client hello A
D/NativeCrypto(29741): ssl=0xefc3e400 info_callback where=0x1001 ret=1
D/NativeCrypto(29741): ssl=0xf4886a00 info_callback ignored
D/NativeCrypto(29741): ssl=0xefc3e400 SSL_connect:23WCHA SSLv2/v3 write client hello A
D/NativeCrypto(29741): ssl=0xefc3e400 info_callback ignored
D/NativeCrypto(29741): ssl=0xf4886a00 info_callback where=0x1002 ret=-1
D/NativeCrypto(29741): ssl=0xefc3e400 info_callback where=0x1002 ret=-1
D/NativeCrypto(29741): ssl=0xf4886a00 SSL_connect:error exit in 23RSHA SSLv2/v3 read server hello A
D/NativeCrypto(29741): ssl=0xefc3e400 SSL_connect:error exit in 23RSHA SSLv2/v3 read server hello A
D/NativeCrypto(29741): ssl=0xf4886a00 info_callback ignored
D/NativeCrypto(29741): ssl=0xefc3e400 info_callback ignored
D/NativeCrypto(29741): doing handshake -- ret=-1
D/NativeCrypto(29741): doing handshake -- ret=-1
D/NativeCrypto(29741): ssl=0xefc3e400 NativeCrypto_SSL_do_handshake ret=-1 errno=11 sslError=2 timeout_millis=20000
D/NativeCrypto(29741): ssl=0xf4886a00 NativeCrypto_SSL_do_handshake ret=-1 errno=11 sslError=2 timeout_millis=20000
D/Surface (29274): Surface::setBuffersDimensions(this=0x7fa4e3c600,w=1080,h=1920)
D/NativeCrypto(29741): doing handshake ++
D/NativeCrypto(29741): ssl=0xefc3e400 info_callback where=0x1001 ret=1
D/NativeCrypto(29741): ssl=0xefc3e400 SSL_connect:3RSH_A SSLv3 read server hello A
D/NativeCrypto(29741): ssl=0xefc3e400 info_callback ignored
D/NativeCrypto(29741): ssl=0xefc3e400 info_callback where=0x1002 ret=-1
D/NativeCrypto(29741): ssl=0xefc3e400 SSL_connect:error exit in 3RSC_A SSLv3 read server certificate A
D/NativeCrypto(29741): ssl=0xefc3e400 info_callback ignored
D/NativeCrypto(29741): ssl=0xefc3e400 info_callback where=0x1002 ret=-1
D/NativeCrypto(29741): ssl=0xefc3e400 SSL_connect:error exit in 3RSC_A SSLv3 read server certificate A
D/NativeCrypto(29741): ssl=0xefc3e400 info_callback ignored
D/NativeCrypto(29741): doing handshake -- ret=-1
D/NativeCrypto(29741): ssl=0xefc3e400 NativeCrypto_SSL_do_handshake ret=-1 errno=11 sslError=2 timeout_millis=20000
D/NativeCrypto(29741): doing handshake ++
E/NativeCrypto(29741): ssl=0xefc3e400 cert_verify_callback x509_store_ctx=0xdef454a0 arg=0x0
E/NativeCrypto(29741): ssl=0xefc3e400 cert_verify_callback calling verifyCertificateChain authMethod=ECDHE_RSA
D/Surface (29274): Surface::setBuffersDimensions(this=0x7fa4e3c600,w=1080,h=1920)
D/NativeCrypto(29741): doing handshake ++
D/NativeCrypto(29741): ssl=0xf4886a00 info_callback where=0x1001 ret=1
D/NativeCrypto(29741): ssl=0xf4886a00 SSL_connect:3RSH_A SSLv3 read server hello A
D/NativeCrypto(29741): ssl=0xf4886a00 info_callback ignored
E/NativeCrypto(29741): ssl=0xf4886a00 cert_verify_callback x509_store_ctx=0xdf049420 arg=0x0
E/NativeCrypto(29741): ssl=0xf4886a00 cert_verify_callback calling verifyCertificateChain authMethod=ECDHE_RSA
D/NativeCrypto(29741): ssl=0xefc3e400 cert_verify_callback => 1
D/NativeCrypto(29741): ssl=0xefc3e400 info_callback where=0x1001 ret=1
D/NativeCrypto(29741): ssl=0xefc3e400 SSL_connect:3RSC_A SSLv3 read server certificate A
D/NativeCrypto(29741): ssl=0xefc3e400 info_callback ignored
D/NativeCrypto(29741): ssl=0xefc3e400 info_callback where=0x1001 ret=1
D/NativeCrypto(29741): ssl=0xefc3e400 SSL_connect:3RSKEA SSLv3 read server key exchange A
D/NativeCrypto(29741): ssl=0xefc3e400 info_callback ignored
D/NativeCrypto(29741): ssl=0xefc3e400 info_callback where=0x1001 ret=1
D/NativeCrypto(29741): ssl=0xefc3e400 SSL_connect:3RSD_A SSLv3 read server done A
D/NativeCrypto(29741): ssl=0xefc3e400 info_callback ignored
D/NativeCrypto(29741): ssl=0xf4886a00 cert_verify_callback => 1
D/NativeCrypto(29741): ssl=0xf4886a00 info_callback where=0x1001 ret=1
D/NativeCrypto(29741): ssl=0xf4886a00 SSL_connect:3RSC_A SSLv3 read server certificate A
D/NativeCrypto(29741): ssl=0xf4886a00 info_callback ignored
D/NativeCrypto(29741): ssl=0xf4886a00 info_callback where=0x1001 ret=1
D/NativeCrypto(29741): ssl=0xf4886a00 SSL_connect:3RSKEA SSLv3 read server key exchange A
D/NativeCrypto(29741): ssl=0xf4886a00 info_callback ignored
D/NativeCrypto(29741): ssl=0xf4886a00 info_callback where=0x1001 ret=1
D/NativeCrypto(29741): ssl=0xf4886a00 SSL_connect:3RSD_A SSLv3 read server done A
D/NativeCrypto(29741): ssl=0xf4886a00 info_callback ignored
D/Surface (29274): Surface::setBuffersDimensions(this=0x7fa4e3c600,w=1080,h=1920)
D/NativeCrypto(29741): ssl=0xefc3e400 info_callback where=0x1001 ret=1
D/NativeCrypto(29741): ssl=0xefc3e400 SSL_connect:3WCKEA SSLv3 write client key exchange A
D/NativeCrypto(29741): ssl=0xefc3e400 info_callback ignored
D/NativeCrypto(29741): ssl=0xefc3e400 info_callback where=0x1001 ret=1
D/NativeCrypto(29741): ssl=0xefc3e400 SSL_connect:3WCCSA SSLv3 write change cipher spec A
D/NativeCrypto(29741): ssl=0xefc3e400 info_callback ignored
D/NativeCrypto(29741): ssl=0xefc3e400 info_callback where=0x1001 ret=1
D/NativeCrypto(29741): ssl=0xefc3e400 SSL_connect:3WFINA SSLv3 write finished A
D/NativeCrypto(29741): ssl=0xefc3e400 info_callback ignored
D/NativeCrypto(29741): ssl=0xefc3e400 info_callback where=0x1001 ret=1
D/NativeCrypto(29741): ssl=0xefc3e400 SSL_connect:3FLUSH SSLv3 flush data
D/NativeCrypto(29741): ssl=0xefc3e400 info_callback ignored
D/NativeCrypto(29741): ssl=0xefc3e400 info_callback where=0x1002 ret=-1
D/NativeCrypto(29741): ssl=0xefc3e400 SSL_connect:error exit in UNKWN  SSLv3 read server session ticket A
D/NativeCrypto(29741): ssl=0xefc3e400 info_callback ignored
D/NativeCrypto(29741): doing handshake -- ret=-1
D/NativeCrypto(29741): ssl=0xefc3e400 NativeCrypto_SSL_do_handshake ret=-1 errno=11 sslError=2 timeout_millis=20000
D/NativeCrypto(29741): ssl=0xf4886a00 info_callback where=0x1001 ret=1
D/NativeCrypto(29741): ssl=0xf4886a00 SSL_connect:3WCKEA SSLv3 write client key exchange A
D/NativeCrypto(29741): ssl=0xf4886a00 info_callback ignored
D/NativeCrypto(29741): ssl=0xf4886a00 info_callback where=0x1001 ret=1
D/NativeCrypto(29741): ssl=0xf4886a00 SSL_connect:3WCCSA SSLv3 write change cipher spec A
D/NativeCrypto(29741): ssl=0xf4886a00 info_callback ignored
D/NativeCrypto(29741): ssl=0xf4886a00 info_callback where=0x1001 ret=1
D/NativeCrypto(29741): ssl=0xf4886a00 SSL_connect:3WFINA SSLv3 write finished A
D/NativeCrypto(29741): ssl=0xf4886a00 info_callback ignored
D/NativeCrypto(29741): ssl=0xf4886a00 info_callback where=0x1001 ret=1
D/NativeCrypto(29741): ssl=0xf4886a00 SSL_connect:3FLUSH SSLv3 flush data
D/NativeCrypto(29741): ssl=0xf4886a00 info_callback ignored
D/NativeCrypto(29741): ssl=0xf4886a00 info_callback where=0x1002 ret=-1
D/NativeCrypto(29741): ssl=0xf4886a00 SSL_connect:error exit in UNKWN  SSLv3 read server session ticket A
D/NativeCrypto(29741): ssl=0xf4886a00 info_callback ignored
D/NativeCrypto(29741): ssl=0xf4886a00 info_callback where=0x1002 ret=-1
D/NativeCrypto(29741): ssl=0xf4886a00 SSL_connect:error exit in UNKWN  SSLv3 read server session ticket A
D/NativeCrypto(29741): ssl=0xf4886a00 info_callback ignored
D/NativeCrypto(29741): doing handshake -- ret=-1
D/NativeCrypto(29741): ssl=0xf4886a00 NativeCrypto_SSL_do_handshake ret=-1 errno=11 sslError=2 timeout_millis=20000
D/NativeCrypto(29741): doing handshake ++
D/NativeCrypto(29741): ssl=0xefc3e400 info_callback where=0x1001 ret=1
D/NativeCrypto(29741): ssl=0xefc3e400 SSL_connect:UNKWN  SSLv3 read server session ticket A
D/NativeCrypto(29741): ssl=0xefc3e400 info_callback ignored
D/NativeCrypto(29741): ssl=0xefc3e400 info_callback where=0x1001 ret=1
D/NativeCrypto(29741): ssl=0xefc3e400 SSL_connect:3RFINA SSLv3 read finished A
D/NativeCrypto(29741): ssl=0xefc3e400 info_callback ignored
D/NativeCrypto(29741): ssl=0xefc3e400 info_callback where=0x20 ret=1
D/NativeCrypto(29741): ssl=0xefc3e400 handshake done in SSLOK  SSL negotiation finished successfully
D/NativeCrypto(29741): ssl=0xefc3e400 info_callback calling handshakeCompleted
D/NativeCrypto(29741): ssl=0xefc3e400 info_callback completed
D/NativeCrypto(29741): ssl=0xefc3e400 info_callback where=0x1002 ret=1
D/NativeCrypto(29741): ssl=0xefc3e400 SSL_connect:ok exit in SSLOK  SSL negotiation finished successfully
D/NativeCrypto(29741): ssl=0xefc3e400 info_callback ignored
D/NativeCrypto(29741): doing handshake -- ret=1
D/NativeCrypto(29741): ssl=0xefc3e400 NativeCrypto_SSL_get_certificate => NULL
I/System.out(29741): gba_cipher_suite:TLS_ECDHE_RSA_WITH_AES_128_GCM_SHA256
I/System.out(29741): [OkHttp] sendRequest>>
I/System.out(29741): [OkHttp] sendRequest<<
D/NativeCrypto(29741): ssl=0xefc3e400 sslWrite buf=0xefd0c800 len=575 write_timeout_millis=0
D/NativeCrypto(29741): ssl=0xefc3e400 sslRead buf=0xefd0c800 len=2048,timeo=20000
D/PerfServiceManager(  823): [PerfService] notifyFrameUpdate - bDuringTouchBoost:true 
D/Surface (29274): Surface::setBuffersDimensions(this=0x7fa4e3c600,w=1080,h=1920)
D/NativeCrypto(29741): doing handshake ++
D/NativeCrypto(29741): ssl=0xf4886a00 info_callback where=0x1001 ret=1
D/NativeCrypto(29741): ssl=0xf4886a00 SSL_connect:UNKWN  SSLv3 read server session ticket A
D/NativeCrypto(29741): ssl=0xf4886a00 info_callback ignored
D/NativeCrypto(29741): ssl=0xf4886a00 info_callback where=0x1001 ret=1
D/NativeCrypto(29741): ssl=0xf4886a00 SSL_connect:3RFINA SSLv3 read finished A
D/NativeCrypto(29741): ssl=0xf4886a00 info_callback ignored
D/NativeCrypto(29741): ssl=0xf4886a00 info_callback where=0x20 ret=1
D/NativeCrypto(29741): ssl=0xf4886a00 handshake done in SSLOK  SSL negotiation finished successfully
D/NativeCrypto(29741): ssl=0xf4886a00 info_callback calling handshakeCompleted
D/NativeCrypto(29741): ssl=0xf4886a00 info_callback completed
D/NativeCrypto(29741): ssl=0xf4886a00 info_callback where=0x1002 ret=1
D/NativeCrypto(29741): ssl=0xf4886a00 SSL_connect:ok exit in SSLOK  SSL negotiation finished successfully
D/NativeCrypto(29741): ssl=0xf4886a00 info_callback ignored
D/NativeCrypto(29741): doing handshake -- ret=1
D/NativeCrypto(29741): ssl=0xf4886a00 NativeCrypto_SSL_get_certificate => NULL
I/System.out(29741): gba_cipher_suite:TLS_ECDHE_RSA_WITH_AES_128_GCM_SHA256
I/System.out(29741): [OkHttp] sendRequest>>
I/System.out(29741): [OkHttp] sendRequest<<
D/NativeCrypto(29741): ssl=0xf4886a00 sslWrite buf=0xf48fb000 len=575 write_timeout_millis=0
D/NativeCrypto(29741): ssl=0xf4886a00 sslRead buf=0xf48fb000 len=2048,timeo=20000
D/AndroidRuntime(29775): Calling main entry com.android.commands.am.Am
D/Surface (29274): Surface::setBuffersDimensions(this=0x7fa4e3c600,w=1080,h=1920)
I/ActivityManager(  823): [AppLaunch] startActivity now
I/ActivityManager(  823): START u0 {act=android.intent.action.MAIN flg=0x10000000 cmp=com.android.settings/.root.RootRequestActivity (has extras)} from uid 10091 on display 0 from pid 29775
V/SettingsInterface(  823): get setting for user -3 by user 0 so skipping cache
I/SettingsInterface(  823): call-query of user -3 by 0 so not updating cache
D/PerfServiceManager(  823): [PerfService] MESSAGE_USER_ENABLE_TIMEOUT: 10, 3 
D/FeatureProxyBase(  823): FeatureProxyBase class constructor
D/MultiWindow(  823): MultiWindowProxy constructor.
D/FeatureProxyBase(  823): getService(), serviceName = multiwindow_service_v1
D/FeatureProxyBase(  823): FeatureProxyBase class constructor
D/MultiWindow(  823): MultiWindowProxy constructor.
D/FeatureProxyBase(  823): getService(), serviceName = multiwindow_service_v1
D/FeatureProxyBase(  823): FeatureProxyBase class constructor
D/MultiWindow(  823): MultiWindowProxy constructor.
D/FeatureProxyBase(  823): getService(), serviceName = multiwindow_service_v1
D/ActivityManager(  823): [BMW] insertTaskAtTop fromHome = false lastStack = ActivityStack{2dfefd7d stackId=1, 30 tasks} this = ActivityStack{2dfefd7d stackId=1, 30 tasks} topTask() = TaskRecord{9c87068 #770 A=me.meowo.adb U=0 sz=1}
D/FeatureProxyBase(  823): FeatureProxyBase class constructor
D/MultiWindow(  823): MultiWindowProxy constructor.
D/FeatureProxyBase(  823): getService(), serviceName = multiwindow_service_v1
D/FeatureProxyBase(  823): FeatureProxyBase class constructor
D/MultiWindow(  823): MultiWindowProxy constructor.
D/FeatureProxyBase(  823): getService(), serviceName = multiwindow_service_v1
D/ActivityManager(  823): [BMW] insertTaskAtTop fromHome = false lastStack = ActivityStack{2dfefd7d stackId=1, 31 tasks} this = ActivityStack{2dfefd7d stackId=1, 31 tasks} topTask() = TaskRecord{f9df7bb #773 I=com.android.settings/.root.RootRequestActivity U=0 sz=0}
D/FeatureProxyBase(  823): FeatureProxyBase class constructor
D/MultiWindow(  823): MultiWindowProxy constructor.
D/FeatureProxyBase(  823): getService(), serviceName = multiwindow_service_v1
V/WindowManager(  823): addAppToken: AppWindowToken{29f0a316 token=Token{3d033031 ActivityRecord{8560c4a u0 com.android.settings/.root.RootRequestActivity t773}}} to stack=1 task=773 at 0
I/BufferQueue(  823): [unnamed-823-184](this:0x7f895b1000,id:184,api:0,p:-1,c:-1) BufferQueue core=(823:system_server)
I/BufferQueueConsumer(  823): [unnamed-823-184](this:0x7f895b1000,id:184,api:0,p:-1,c:823) connect(C): consumer=(823:system_server) controlledByApp=false
I/BufferQueueConsumer(  823): [unnamed-823-184](this:0x7f895b1000,id:184,api:0,p:-1,c:823) setConsumerName: unnamed-823-184
I/BufferQueueConsumer(  823): [ScreenshotClient](this:0x7f895b1000,id:184,api:0,p:-1,c:823) setConsumerName: ScreenshotClient
D/Surface (  296): Surface::connect(this=0x7fa15f6c00,api=1)
I/BufferQueueProducer(  823): [ScreenshotClient](this:0x7f895b1000,id:184,api:1,p:296,c:823) connect(P): api=1 producer=(296:/system/bin/surfaceflinger) producerControlledByApp=false
D/Surface (  296): Surface::setBuffersDimensions(this=0x7fa15f6c00,w=576,h=576)
I/BufferQueueProducer(  823): [ScreenshotClient](this:0x7f895b1000,id:184,api:1,p:296,c:823) new GraphicBuffer needed
I/[MALI][Gralloc](  296): Usage: 0x333, format: 0x1 stride: 576 vertical_stride: 576 size: 1327104
D/GraphicBuffer(  296): alloc, handle(0x7fa0c139c0) (w:576 h:576 s:576 f:0x1 u:0x000333) err(0)
D/GraphicBuffer(  823): register, handle(0x7f8948b8e0) (w:576 h:576 s:576 f:0x1 u:0x000333)
D/GraphicBuffer(  296): free, handle(0x7fa0c139c0) (w:576 h:576 s:576 f:0x1 u:0x000333)
D/GraphicBuffer(  296): register, handle(0x7f9a838980) (w:576 h:576 s:576 f:0x1 u:0x000333)
D/Surface (29274): Surface::setBuffersDimensions(this=0x7fa4e3c600,w=1080,h=1920)
D/Surface (  296): Surface::disconnect(this=0x7fa15f6c00,api=1)
D/GraphicBuffer(  296): unregister, handle(0x7f9a838980) (w:576 h:576 s:576 f:0x1 u:0x000333)
I/BufferQueueProducer(  823): [ScreenshotClient](this:0x7f895b1000,id:184,api:1,p:-1,c:823) disconnect(P): api 1
I/BufferQueueConsumer(  823): [ScreenshotClient](this:0x7f895b1000,id:184,api:1,p:-1,c:823) getReleasedBuffers: returning mask 0xffffffffffffffff
I/art     (  823): [heap] RegisterNativeAllocation start bytes:1327104
I/art     (  823): [heap] RegisterNativeAllocation native_bytes_allocated_:0
I/art     (  823): [heap] RegisterNativeAllocation new_native_bytes_allocated:0, native_bytes_allocated_:1327104, native_footprint_gc_watermark_:524288, growth_limit_:268435456
I/art     (  823): [heap] RegisterNativeAllocation end
I/BufferQueueConsumer(  823): [ScreenshotClient](this:0x7f895b1000,id:184,api:1,p:-1,c:-1) disconnect(C)
D/GraphicBuffer(  823): unregister, handle(0x7f8948b8e0) (w:576 h:576 s:576 f:0x1 u:0x000333)
I/BufferQueue(  823): [ScreenshotClient](this:0x7f895b1000,id:184,api:1,p:-1,c:-1) ~BufferQueueCore
D/PowerManagerService(  823): acquireWakeLockInternal: lock=185361496, flags=0x1, tag="ActivityManager-Launch", ws=null, uid=1000, pid=823
D/PowerManagerService(  823): updateWakeLockSummaryLocked: mWakefulness=Awake, mWakeLockSummary=0x1
D/PowerManagerService(  823): updateUserActivitySummaryLocked: mWakefulness=Awake, mUserActivitySummary=0x1, nextTimeout=71227757 (in 1792458 ms)
D/PowerManagerService(  823): mDisplayPowerRequest.policy = 3
D/PowerManagerService(  823): isWfdEnabled() mWfdStatus=WifiDisplayStatus{featureState=2, scanState=0, activeDisplayState=0, activeDisplay=null, displays=[], sessionInfo=WifiDisplaySessionInfo: C/O:Client,GId:,Pp:,SId:0,IP:}, return false
D/DisplayPowerController(  823): requestPowerState: policy=BRIGHT, useProximitySensor=false, screenBrightness=64, screenAutoBrightnessAdjustment=0.0, useAutoBrightness=true, blockScreenOn=false, lowPowerMode=false, boostScreenBrightness=false, dozeScreenBrightness=-1, useSettingBrightness=false, dozeScreenState=UNKNOWN, waitForNegativeProximity=false
I/PowerManagerService(  823): setBrightness mButtonLight 0.
D/PowerManagerService(  823): updateDisplayPowerStateLocked: mDisplayReady=true, policy=3, mWakefulness=1, mWakeLockSummary=0x1, mUserActivitySummary=0x1, mBootCompleted=true, mScreenBrightnessBoostInProgress=false
D/PowerManagerNotifier(  823): onWakeLockAcquired: flags=1, tag="ActivityManager-Launch", packageName=android, ownerUid=1000, ownerPid=823, workSource=null
D/FeatureProxyBase(  823): FeatureProxyBase class constructor
D/MultiWindow(  823): MultiWindowProxy constructor.
D/FeatureProxyBase(  823): getService(), serviceName = multiwindow_service_v1
D/FeatureProxyBase(  823): FeatureProxyBase class constructor
D/MultiWindow(  823): MultiWindowProxy constructor.
D/FeatureProxyBase(  823): getService(), serviceName = multiwindow_service_v1
V/WindowManager(  823): Changing focus from Window{2c977872 u0 me.meowo.adb/me.meowo.adb.MainActivity} to null Callers=com.android.server.wm.WindowManagerService.setFocusedApp:4703 com.android.server.am.ActivityManagerService.setFocusedActivityLocked:2563 com.android.server.am.ActivityStackSupervisor.startActivityUncheckedLocked:2703 com.android.server.am.ActivityStackSupervisor.startActivityLocked:1708 
I/WindowManager(  823): Losing focus: Window{2c977872 u0 me.meowo.adb/me.meowo.adb.MainActivity}
D/AndroidRuntime(29775): Shutting down VM
W/ADB_SERVICES(29561): terminating JDWP 29775 connection: Invalid argument
D/ADB_SERVICES(29561): remove pid 29775 to jdwp process list
D/ActivityThread(29274): ACT-AM_ON_PAUSE_CALLED ActivityRecord{b1e4de7 token=android.os.BinderProxy@1f4dbd94 {me.meowo.adb/me.meowo.adb.MainActivity}}
D/Surface (29274): Surface::setBuffersDimensions(this=0x7fa4e3c600,w=1080,h=1920)
I/libPerfService(  823): perfSetFavorPid - pid:32730, 7fda
I/ActivityManager(  823): [AppLaunch] scheduleLaunchActivity -> ActivityThread
V/ActivityManager(  823): Broadcast: Intent { act=com.meizu.recenttask.changed flg=0x10 } ordered=false userid=-1 callerApp=null
E/ActivityThread(32730): mtprof entry can not be found
E/ActivityThread(32730): java.io.FileNotFoundException: /proc/mtprof/status: open failed: ENOENT (No such file or directory)
E/ActivityThread(32730): 	at libcore.io.IoBridge.open(IoBridge.java:496)
E/ActivityThread(32730): 	at java.io.FileInputStream.<init>(FileInputStream.java:76)
E/ActivityThread(32730): 	at java.io.FileInputStream.<init>(FileInputStream.java:103)
E/ActivityThread(32730): 	at android.app.ActivityThread$H.handleMessage(ActivityThread.java:1494)
E/ActivityThread(32730): 	at android.os.Handler.dispatchMessage(Handler.java:111)
E/ActivityThread(32730): 	at android.os.Looper.loop(Looper.java:194)
E/ActivityThread(32730): 	at android.app.ActivityThread.main(ActivityThread.java:5692)
E/ActivityThread(32730): 	at java.lang.reflect.Method.invoke(Native Method)
E/ActivityThread(32730): 	at java.lang.reflect.Method.invoke(Method.java:372)
E/ActivityThread(32730): 	at com.android.internal.os.ZygoteInit$MethodAndArgsCaller.run(ZygoteInit.java:959)
E/ActivityThread(32730): 	at com.android.internal.os.ZygoteInit.main(ZygoteInit.java:754)
E/ActivityThread(32730): Caused by: android.system.ErrnoException: open failed: ENOENT (No such file or directory)
E/ActivityThread(32730): 	at libcore.io.Posix.open(Native Method)
E/ActivityThread(32730): 	at libcore.io.BlockGuardOs.open(BlockGuardOs.java:186)
E/ActivityThread(32730): 	at libcore.io.IoBridge.open(IoBridge.java:482)
E/ActivityThread(32730): 	... 10 more
I/ActivityThread(32730): [AppLaunch] handleLaunchActivity is called
D/FeatureProxyBase(  823): FeatureProxyBase class constructor
V/ActivityThread(32730): Handling launch of ActivityRecord{6769a50 token=android.os.BinderProxy@d644449 {com.android.settings/com.android.settings.root.RootRequestActivity}}
D/MultiWindow(  823): MultiWindowProxy constructor.
D/FeatureProxyBase(  823): getService(), serviceName = multiwindow_service_v1
V/ActivityThread(32730): ActivityRecord{6769a50 token=android.os.BinderProxy@d644449 {com.android.settings/com.android.settings.root.RootRequestActivity}}: app=android.app.Application@230b2b2c, appName=com.android.settings, pkg=com.android.settings, comp={com.android.settings/com.android.settings.root.RootRequestActivity}, dir=/system/priv-app/Settings/Settings.apk
D/FeatureProxyBase(  823): FeatureProxyBase class constructor
D/MultiWindow(  823): MultiWindowProxy constructor.
D/FeatureProxyBase(  823): getService(), serviceName = multiwindow_service_v1
D/ActivityThread(29274): ACT-PAUSE_ACTIVITY handled : 1 / android.os.BinderProxy@1f4dbd94
D/FeatureProxyBase(32730): FeatureProxyBase class constructor
D/MultiWindow(32730): MultiWindowProxy constructor.
D/PhoneStatusBar( 1072): MSG_DELAY_UPDATE_RECENT, rotation 0,   mManuRemoveTask = false
D/FeatureProxyBase(32730): getService(), serviceName = multiwindow_service_v1
D/FeatureProxyBase(32730): FeatureProxyBase class constructor
D/MultiWindow(32730): MultiWindowProxy constructor.
D/FeatureProxyBase(32730): getService(), serviceName = multiwindow_service_v1
D/Surface (29274): Surface::setBuffersDimensions(this=0x7fa4e3c600,w=1080,h=1920)
D/FeatureProxyBase(32730): FeatureProxyBase class constructor
D/MultiWindow(32730): MultiWindowProxy constructor.
D/FeatureProxyBase(32730): getService(), serviceName = multiwindow_service_v1
D/ProgressBar( 1072): setMax, old = 10000, new = 10000, backtrace = android.widget.AbsSeekBar.setMax:354 com.android.systemui.mzrecent.RecentSlidingDrawer.initSeekBarState:3787 com.android.systemui.mzrecent.RecentSlidingDrawer.initRecentPages:907 com.android.systemui.statusbar.phone.PhoneStatusBar$16.handleMessage:1514 android.os.Handler.dispatchMessage:111 , this = android.widget.SeekBar{1b034795 VFED.... ......I. 0,0-0,0 #7f0e014e app:id/seek_bar}
V/SettingsInterface( 1072):  from settings cache , name = screen_brightness_mode , value = 1
V/SettingsInterface( 1072):  from settings cache , name = screen_brightness , value = 64
D/ProgressBar( 1072): setProgress, old = 2204, new = 2204, max = 10000, backtrace = android.widget.ProgressBar.setProgress:1311 com.android.systemui.mzrecent.RecentSlidingDrawer.initSeekBarState:3789 com.android.systemui.mzrecent.RecentSlidingDrawer.initRecentPages:907 com.android.systemui.statusbar.phone.PhoneStatusBar$16.handleMessage:1514 android.os.Handler.dispatchMessage:111 , this = android.widget.SeekBar{1b034795 VFED.... ......I. 0,0-0,0 #7f0e014e app:id/seek_bar}
I/Instrumentation(32730): [AppLaunch] activity.onCreate +
D/RootRequestActivity(32730): isEdit false
D/RootPermissionDataHelper(32730): loaded map :{com.qihoo.appstore=2, me.meowo.adb=2}
D/RootRequestActivity(32730): me.meowo.adb allowed
D/RootRequestActivity(32730): finish
D/FeatureProxyBase(  823): FeatureProxyBase class constructor
D/MultiWindow(  823): MultiWindowProxy constructor.
D/FeatureProxyBase(  823): getService(), serviceName = multiwindow_service_v1
D/FeatureProxyBase(  823): FeatureProxyBase class constructor
D/MultiWindow(  823): MultiWindowProxy constructor.
D/FeatureProxyBase(  823): getService(), serviceName = multiwindow_service_v1
V/WindowManager(  823): Changing focus from null to Window{2c977872 u0 me.meowo.adb/me.meowo.adb.MainActivity} Callers=com.android.server.wm.WindowManagerService.setFocusedApp:4703 com.android.server.am.ActivityManagerService.setFocusedActivityLocked:2563 com.android.server.am.ActivityStack.adjustFocusedActivityLocked:2929 com.android.server.am.ActivityStack.finishActivityLocked:3186 
I/WindowManager(  823): Gaining focus: Window{2c977872 u0 me.meowo.adb/me.meowo.adb.MainActivity}
D/PowerManagerService(  823): acquireWakeLockInternal: lock=185361496, flags=0x1, tag="ActivityManager-Launch", ws=null, uid=1000, pid=823
D/PowerManagerService(  823): updateWakeLockSummaryLocked: mWakefulness=Awake, mWakeLockSummary=0x1
D/PowerManagerService(  823): updateUserActivitySummaryLocked: mWakefulness=Awake, mUserActivitySummary=0x1, nextTimeout=71227757 (in 1792417 ms)
D/PowerManagerService(  823): mDisplayPowerRequest.policy = 3
D/PowerManagerService(  823): isWfdEnabled() mWfdStatus=WifiDisplayStatus{featureState=2, scanState=0, activeDisplayState=0, activeDisplay=null, displays=[], sessionInfo=WifiDisplaySessionInfo: C/O:Client,GId:,Pp:,SId:0,IP:}, return false
D/DisplayPowerController(  823): requestPowerState: policy=BRIGHT, useProximitySensor=false, screenBrightness=64, screenAutoBrightnessAdjustment=0.0, useAutoBrightness=true, blockScreenOn=false, lowPowerMode=false, boostScreenBrightness=false, dozeScreenBrightness=-1, useSettingBrightness=false, dozeScreenState=UNKNOWN, waitForNegativeProximity=false
I/PowerManagerService(  823): setBrightness mButtonLight 0.
D/PowerManagerService(  823): updateDisplayPowerStateLocked: mDisplayReady=true, policy=3, mWakefulness=1, mWakeLockSummary=0x1, mUserActivitySummary=0x1, mBootCompleted=true, mScreenBrightnessBoostInProgress=false
I/Instrumentation(32730): [AppLaunch] activity.onCreate -
V/ActivityThread(32730): Performing resume of ActivityRecord{6769a50 token=android.os.BinderProxy@d644449 {com.android.settings/com.android.settings.root.RootRequestActivity}}
V/ActivityThread(32730): Resume ActivityRecord{6769a50 token=android.os.BinderProxy@d644449 {com.android.settings/com.android.settings.root.RootRequestActivity}} started activity: false, hideForNow: false, finished: true
V/ActivityThread(32730): Scheduling idle handler for ActivityRecord{6769a50 token=android.os.BinderProxy@d644449 {com.android.settings/com.android.settings.root.RootRequestActivity}}
D/ActivityThread(32730): ACT-LAUNCH_ACTIVITY handled : 0 / ActivityRecord{6769a50 token=android.os.BinderProxy@d644449 {com.android.settings/com.android.settings.root.RootRequestActivity}}
V/ActivityManager(  823): Broadcast: Intent { act=com.meizu.recenttask.changed flg=0x10 } ordered=false userid=-1 callerApp=null
I/libPerfService(  823): perfSetFavorPid - pid:29274, 725a
V/InputMethodManager(29274): onWindowFocus: null softInputMode=288 first=false flags=#8d810100
D/Surface (29274): Surface::setBuffersDimensions(this=0x7fa4e3c600,w=1080,h=1920)
V/InputMethodManagerService(  823): windowGainedFocus: android.os.BinderProxy@8ef03e6 controlFlags=#0 softInputMode=#120 windowFlags=#8d810100
W/InputMethodManagerService(  823): Window already focused, ignoring focus gain of: com.android.internal.view.IInputMethodClient$Stub$Proxy@2aceb469 attribute=null, token = android.os.BinderProxy@262cd17d
D/FeatureProxyBase(  823): FeatureProxyBase class constructor
D/MultiWindow(  823): MultiWindowProxy constructor.
D/FeatureProxyBase(  823): getService(), serviceName = multiwindow_service_v1
D/FeatureProxyBase(  823): FeatureProxyBase class constructor
D/MultiWindow(  823): MultiWindowProxy constructor.
D/FeatureProxyBase(  823): getService(), serviceName = multiwindow_service_v1
V/SettingsInterface( 1072): get setting for user -3 by user 0 so skipping cache
D/FeatureProxyBase(  823): FeatureProxyBase class constructor
I/SettingsInterface( 1072): call-query of user -3 by 0 so not updating cache
D/MultiWindow(  823): MultiWindowProxy constructor.
D/FeatureProxyBase(  823): getService(), serviceName = multiwindow_service_v1
V/SettingsInterface( 1072): get setting for user -3 by user 0 so skipping cache
I/SettingsInterface( 1072): call-query of user -3 by 0 so not updating cache
D/FeatureProxyBase(  823): FeatureProxyBase class constructor
D/MultiWindow(  823): MultiWindowProxy constructor.
D/FeatureProxyBase(  823): getService(), serviceName = multiwindow_service_v1
V/SettingsInterface( 1072): get setting for user -3 by user 0 so skipping cache
I/SettingsInterface( 1072): call-query of user -3 by 0 so not updating cache
V/SettingsInterface( 1072): get setting for user -3 by user 0 so skipping cache
I/SettingsInterface( 1072): call-query of user -3 by 0 so not updating cache
D/FeatureProxyBase(  823): FeatureProxyBase class constructor
D/MultiWindow(  823): MultiWindowProxy constructor.
D/FeatureProxyBase(  823): getService(), serviceName = multiwindow_service_v1
D/FeatureProxyBase(  823): FeatureProxyBase class constructor
D/MultiWindow(  823): MultiWindowProxy constructor.
D/FeatureProxyBase(  823): getService(), serviceName = multiwindow_service_v1
V/SettingsInterface( 1072): get setting for user -3 by user 0 so skipping cache
I/SettingsInterface( 1072): call-query of user -3 by 0 so not updating cache
D/ActivityThread(32730): ACT-PAUSE_ACTIVITY_FINISHING handled : 0 / android.os.BinderProxy@d644449
V/SettingsInterface( 1072): get setting for user -3 by user 0 so skipping cache
I/SettingsInterface( 1072): call-query of user -3 by 0 so not updating cache
V/SettingsInterface( 1072): get setting for user -3 by user 0 so skipping cache
I/SettingsInterface( 1072): call-query of user -3 by 0 so not updating cache
V/SettingsInterface( 1072): get setting for user -3 by user 0 so skipping cache
I/SettingsInterface( 1072): call-query of user -3 by 0 so not updating cache
V/ActivityThread(29274): Performing resume of ActivityRecord{b1e4de7 token=android.os.BinderProxy@1f4dbd94 {me.meowo.adb/me.meowo.adb.MainActivity}}
I/Instrumentation(29274): [AppLaunch] activity.onResume +
V/SettingsInterface(29274): get setting for user -3 by user 0 so skipping cache
D/Surface (29274): Surface::setBuffersDimensions(this=0x7fa4e3c600,w=1080,h=1920)
W/ActivityManager(  823): getTasks: caller 10182 does not hold REAL_GET_TASKS; limiting output
I/SettingsInterface(29274): call-query of user -3 by 0 so not updating cache
I/Instrumentation(29274): [AppLaunch] activity.onResume -
D/ActivityThread(29274): ACT-AM_ON_RESUME_CALLED ActivityRecord{b1e4de7 token=android.os.BinderProxy@1f4dbd94 {me.meowo.adb/me.meowo.adb.MainActivity}}
V/ActivityThread(29274): Resume ActivityRecord{b1e4de7 token=android.os.BinderProxy@1f4dbd94 {me.meowo.adb/me.meowo.adb.MainActivity}} started activity: false, hideForNow: false, finished: false
V/ActivityThread(29274): Resuming ActivityRecord{b1e4de7 token=android.os.BinderProxy@1f4dbd94 {me.meowo.adb/me.meowo.adb.MainActivity}} with isForward=true
D/FeatureProxyBase(29274): FeatureProxyBase class constructor
D/MultiWindow(29274): MultiWindowProxy constructor.
D/FeatureProxyBase(29274): getService(), serviceName = multiwindow_service_v1
V/SettingsInterface(29274):  from settings cache , name = mz_status_bar_tint , value = 1
V/PhoneWindow(29274): DecorView setVisiblity: visibility = 0 ,Parent =ViewRoot{3f79a33a me.meowo.adb/me.meowo.adb.MainActivity,ident = 0}, this =com.android.internal.policy.impl.PhoneWindow$DecorView{759cd7e V.E..... R.....ID 0,0-1080,1920}
V/ActivityThread(29274): Scheduling idle handler for ActivityRecord{b1e4de7 token=android.os.BinderProxy@1f4dbd94 {me.meowo.adb/me.meowo.adb.MainActivity}}
D/ActivityThread(29274): ACT-RESUME_ACTIVITY handled : 1 / android.os.BinderProxy@1f4dbd94
W/ActivityManager(  823): getRunningAppProcesses: caller 10182 does not hold REAL_GET_TASKS; limiting output
D/PhoneStatusBar( 1072): MSG_DELAY_UPDATE_RECENT, rotation 0,   mManuRemoveTask = false
D/ProgressBar( 1072): setMax, old = 10000, new = 10000, backtrace = android.widget.AbsSeekBar.setMax:354 com.android.systemui.mzrecent.RecentSlidingDrawer.initSeekBarState:3787 com.android.systemui.mzrecent.RecentSlidingDrawer.initRecentPages:907 com.android.systemui.statusbar.phone.PhoneStatusBar$16.handleMessage:1514 android.os.Handler.dispatchMessage:111 , this = android.widget.SeekBar{1b034795 VFED.... ......I. 0,0-0,0 #7f0e014e app:id/seek_bar}
V/SettingsInterface( 1072):  from settings cache , name = screen_brightness_mode , value = 1
V/SettingsInterface( 1072):  from settings cache , name = screen_brightness , value = 64
D/ProgressBar( 1072): setProgress, old = 2204, new = 2204, max = 10000, backtrace = android.widget.ProgressBar.setProgress:1311 com.android.systemui.mzrecent.RecentSlidingDrawer.initSeekBarState:3789 com.android.systemui.mzrecent.RecentSlidingDrawer.initRecentPages:907 com.android.systemui.statusbar.phone.PhoneStatusBar$16.handleMessage:1514 android.os.Handler.dispatchMessage:111 , this = android.widget.SeekBar{1b034795 VFED.... ......I. 0,0-0,0 #7f0e014e app:id/seek_bar}
D/FeatureProxyBase(  823): FeatureProxyBase class constructor
D/MultiWindow(  823): MultiWindowProxy constructor.
D/FeatureProxyBase(  823): getService(), serviceName = multiwindow_service_v1
D/ActivityThread( 5408): SVC-Calling onStartCommand: com.morgoo.droidplugin.stub.ServiceStub$StubP06$P00@42696d5, flags=0, startId=27110
D/FeatureProxyBase(  823): FeatureProxyBase class constructor
D/MultiWindow(  823): MultiWindowProxy constructor.
D/FeatureProxyBase(  823): getService(), serviceName = multiwindow_service_v1
D/STATUS_BAR_TINT(29274): inject makeVisible: auto status bar icon theme
D/STATUS_BAR_TINT(29274): average color factor: 216
D/Surface (29274): Surface::setBuffersDimensions(this=0x7fa4e3c600,w=1080,h=1920)
D/STATUS_BAR_TINT(29274): inject makeVisible: status bar tint effect
D/STATUS_BAR_TINT(29274): setupStatusBarTint
D/STATUS_BAR_TINT(29274): show status bar tint: false
D/STATUS_BAR_TINT(29274): Do NOT show status bar tint
D/ActivityThread( 5408): SVC-SERVICE_ARGS handled : 0 / ServiceArgsData{token=android.os.BinderProxy@22f0f9f5 startId=27110 args=Intent { cmp=com.qihoo.appstore/com.morgoo.droidplugin.stub.ServiceStub$StubP06$P00 (has extras) }}
D/DisplayManagerService(  823): Display listener for pid 16372 died.
I/ActivityManager(  823): Process com.iflytek.speechcloud (pid 16372) has died
D/ActivityManager(  823): SVC-handleAppDiedLocked: app = ProcessRecord{2570678d 16372:com.iflytek.speechcloud/u0a45}, app.pid = 16372
V/SettingsInterface( 1072): get setting for user -3 by user 0 so skipping cache
W/ActivityManager(  823): Scheduling restart of crashed service com.iflytek.speechcloud/com.iflytek.business.BusinessService in 19056ms
D/ActivityManager(  823): SVC-mBroadcastQueues: com.android.server.am.BroadcastQueue@37b5d706
D/ActivityManager(  823): SVC-mBroadcastQueues: com.android.server.am.BroadcastQueue@349491c7
I/SettingsInterface( 1072): call-query of user -3 by 0 so not updating cache
I/libPerfService(  823): perfSetFavorPid - pid:29274, 725a
V/SettingsInterface( 1072): get setting for user -3 by user 0 so skipping cache
I/SettingsInterface( 1072): call-query of user -3 by 0 so not updating cache
V/SettingsInterface( 1072): get setting for user -3 by user 0 so skipping cache
I/SettingsInterface( 1072): call-query of user -3 by 0 so not updating cache
V/SettingsInterface( 1072): get setting for user -3 by user 0 so skipping cache
I/SettingsInterface( 1072): call-query of user -3 by 0 so not updating cache
V/SettingsInterface( 1072): get setting for user -3 by user 0 so skipping cache
D/FeatureProxyBase(  823): FeatureProxyBase class constructor
D/MultiWindow(  823): MultiWindowProxy constructor.
D/FeatureProxyBase(  823): getService(), serviceName = multiwindow_service_v1
I/SettingsInterface( 1072): call-query of user -3 by 0 so not updating cache
V/SettingsInterface( 1072): get setting for user -3 by user 0 so skipping cache
I/SettingsInterface( 1072): call-query of user -3 by 0 so not updating cache
V/SettingsInterface( 1072): get setting for user -3 by user 0 so skipping cache
D/FeatureProxyBase(  823): FeatureProxyBase class constructor
D/MultiWindow(  823): MultiWindowProxy constructor.
D/FeatureProxyBase(  823): getService(), serviceName = multiwindow_service_v1
I/SettingsInterface( 1072): call-query of user -3 by 0 so not updating cache
V/SettingsInterface( 1072): get setting for user -3 by user 0 so skipping cache
I/SettingsInterface( 1072): call-query of user -3 by 0 so not updating cache
D/PowerManagerService(  823): releaseWakeLockInternal: lock=185361496 [ActivityManager-Launch], flags=0x0, total_time=104ms
D/PowerManagerNotifier(  823): onWakeLockReleased: flags=1, tag="ActivityManager-Launch", packageName=android, ownerUid=1000, ownerPid=823, workSource=null
D/PowerManagerService(  823): updateWakeLockSummaryLocked: mWakefulness=Awake, mWakeLockSummary=0x1
D/PowerManagerService(  823): updateUserActivitySummaryLocked: mWakefulness=Awake, mUserActivitySummary=0x1, nextTimeout=71227757 (in 1792354 ms)
D/PowerManagerService(  823): mDisplayPowerRequest.policy = 3
D/PowerManagerService(  823): isWfdEnabled() mWfdStatus=WifiDisplayStatus{featureState=2, scanState=0, activeDisplayState=0, activeDisplay=null, displays=[], sessionInfo=WifiDisplaySessionInfo: C/O:Client,GId:,Pp:,SId:0,IP:}, return false
D/DisplayPowerController(  823): requestPowerState: policy=BRIGHT, useProximitySensor=false, screenBrightness=64, screenAutoBrightnessAdjustment=0.0, useAutoBrightness=true, blockScreenOn=false, lowPowerMode=false, boostScreenBrightness=false, dozeScreenBrightness=-1, useSettingBrightness=false, dozeScreenState=UNKNOWN, waitForNegativeProximity=false
I/PowerManagerService(  823): setBrightness mButtonLight 0.
D/PowerManagerService(  823): updateDisplayPowerStateLocked: mDisplayReady=true, policy=3, mWakefulness=1, mWakeLockSummary=0x1, mUserActivitySummary=0x1, mBootCompleted=true, mScreenBrightnessBoostInProgress=false
I/libPerfService(  823): perfSetFavorPid - pid:29274, 725a
D/ActivityThread(32730): ACT-DESTROY_ACTIVITY handled : 1 / android.os.BinderProxy@d644449
D/FeatureProxyBase(  823): FeatureProxyBase class constructor
D/MultiWindow(  823): MultiWindowProxy constructor.
D/FeatureProxyBase(  823): getService(), serviceName = multiwindow_service_v1
D/FeatureProxyBase(  823): FeatureProxyBase class constructor
D/MultiWindow(  823): MultiWindowProxy constructor.
D/FeatureProxyBase(  823): getService(), serviceName = multiwindow_service_v1
V/AlarmManager(  823): Checking for alarms... rtc=1452829142729, elapsed=237429528
D/AlarmManager(  823): set alarm to RTC 2-11:40:11
V/AlarmManager(  823): sending alarm Alarm{13443052 type 2 when 11:39:02 start 11:39:02 end 11:39:02 com.eg.android.AlipayGphone}
D/AlarmManager(  823): wakeup alarm = Alarm{13443052 type 2 when 11:39:02 start 11:39:02 end 11:39:02 com.eg.android.AlipayGphone}; package = com.eg.android.AlipayGphoneneedGrouping = true
I/ActivityManager(  823): [Background Service Priority Adjustment] Set callerFg as false for service.getFlags():260
D/ActivityThread( 2660): SVC-Calling onStartCommand: com.alipay.pushsdk.push.NotificationService@21643173, flags=0, startId=122
D/AlarmManager(  823): onSendFinished begin
V/AlarmManager(  823): sending alarm Alarm{13443052 type 2 when 11:39:02 start 11:39:02 end 11:39:02 com.eg.android.AlipayGphone} success
D/PowerManagerService(  823): acquireWakeLockInternal: lock=131043231, flags=0x1, tag="*alarm*", ws=WorkSource{10075}, uid=1000, pid=823
D/PowerManagerService(  823): updateWakeLockSummaryLocked: mWakefulness=Awake, mWakeLockSummary=0x1
D/PowerManagerService(  823): updateUserActivitySummaryLocked: mWakefulness=Awake, mUserActivitySummary=0x1, nextTimeout=71227757 (in 1792291 ms)
D/PowerManagerService(  823): mDisplayPowerRequest.policy = 3
D/PowerManagerService(  823): isWfdEnabled() mWfdStatus=WifiDisplayStatus{featureState=2, scanState=0, activeDisplayState=0, activeDisplay=null, displays=[], sessionInfo=WifiDisplaySessionInfo: C/O:Client,GId:,Pp:,SId:0,IP:}, return false
D/DisplayPowerController(  823): requestPowerState: policy=BRIGHT, useProximitySensor=false, screenBrightness=64, screenAutoBrightnessAdjustment=0.0, useAutoBrightness=true, blockScreenOn=false, lowPowerMode=false, boostScreenBrightness=false, dozeScreenBrightness=-1, useSettingBrightness=false, dozeScreenState=UNKNOWN, waitForNegativeProximity=false
I/PowerManagerService(  823): setBrightness mButtonLight 0.
D/PowerManagerService(  823): updateDisplayPowerStateLocked: mDisplayReady=true, policy=3, mWakefulness=1, mWakeLockSummary=0x1, mUserActivitySummary=0x1, mBootCompleted=true, mScreenBrightnessBoostInProgress=false
D/PowerManagerNotifier(  823): onWakeLockAcquired: flags=1, tag="*alarm*", packageName=android, ownerUid=1000, ownerPid=823, workSource=WorkSource{10075}
D/PowerManagerService(  823): releaseWakeLockInternal: lock=131043231 [*alarm*], flags=0x0, total_time=1ms
D/PowerManagerNotifier(  823): onWakeLockReleased: flags=1, tag="*alarm*", packageName=android, ownerUid=1000, ownerPid=823, workSource=WorkSource{10075}
D/PowerManagerService(  823): updateWakeLockSummaryLocked: mWakefulness=Awake, mWakeLockSummary=0x1
D/PowerManagerService(  823): updateUserActivitySummaryLocked: mWakefulness=Awake, mUserActivitySummary=0x1, nextTimeout=71227757 (in 1792290 ms)
D/PowerManagerService(  823): mDisplayPowerRequest.policy = 3
D/PowerManagerService(  823): isWfdEnabled() mWfdStatus=WifiDisplayStatus{featureState=2, scanState=0, activeDisplayState=0, activeDisplay=null, displays=[], sessionInfo=WifiDisplaySessionInfo: C/O:Client,GId:,Pp:,SId:0,IP:}, return false
