D/SocketClient(  315): SocketClient sendData done: 
D/SocketClient(  315): SocketClient sendData done: 
D/SocketClient(  315): SocketClient sendData done: 
D/SocketClient(  315): SocketClient sendData done: 
D/SocketClient(  315): SocketClient sendData done: 
D/SocketClient(  315): SocketClient sendData done: 
D/SocketClient(  315): SocketClient sendData done: 
D/SocketClient(  315): SocketClient sendData done: 
D/ActivityThread(29666): SVC-SERVICE_ARGS handled : 0 / ServiceArgsData{token=android.os.BinderProxy@16244071 startId=21 args=null}
D/ActivityThread(29666): SVC-SERVICE_ARGS handled : 0 / ServiceArgsData{token=android.os.BinderProxy@16244071 startId=22 args=Intent { cmp=com.meizu.smartcomservice/.SmartComService }}
D/CSLegacyTypeTracker(  823): getNetworkForType type 1
D/ActivityThread(29666): SVC-SERVICE_ARGS handled : 0 / ServiceArgsData{token=android.os.BinderProxy@1f4dbd94 startId=22 args=Intent { cmp=com.meizu.smartcomservice/com.yulore.superyellowpage.service.IntelligentCacheService }}
D/CSLegacyTypeTracker(  823): getNetworkForType type 1
D/ActivityThread(29666): SVC-SERVICE_ARGS handled : 0 / ServiceArgsData{token=android.os.BinderProxy@759cd7e startId=23 args=Intent { cmp=com.meizu.smartcomservice/com.yulore.sdk.smartsms.service.SmartSMSService }}
I/thermal_repeater(  341): oh, queryMdThermalInfo (0)Bad file number
I/thermal_repeater(  341): [recvMdThermalInfo] ret=5, strLen=127, ERROR
W/ActivityManager(  823): getRunningAppProcesses: caller 10183 does not hold REAL_GET_TASKS; limiting output
W/ActivityManager(  823): getTasks: caller 10182 does not hold REAL_GET_TASKS; limiting output
D/StatusBar.NetworkControllerTelecom( 1072): hasDataConnection dataSub =0
D/StatusBar.NetworkControllerTelecom( 1072): hasDataConnection: SUB0 is DDS.  check data connection state further.
D/StatusBar.NetworkControllerTelecom( 1072): hasDataConnection dataSub =0
D/StatusBar.NetworkControllerTelecom( 1072): hasDataConnection: SUB0 is DDS.  check data connection state further.
D/StatusBar.NetworkControllerTelecom( 1072): hasDataConnection dataSub =0
D/StatusBar.NetworkControllerTelecom( 1072): hasDataConnection: SUB1 is not DDS.  return false.
W/ActivityManager(  823): getRunningAppProcesses: caller 10182 does not hold REAL_GET_TASKS; limiting output
D/StatusBar.NetworkControllerTelecom( 1072): hasDataConnection dataSub =0
D/StatusBar.NetworkControllerTelecom( 1072): hasDataConnection: SUB0 is DDS.  check data connection state further.
D/StatusBar.NetworkControllerTelecom( 1072): hasDataConnection dataSub =0
D/StatusBar.NetworkControllerTelecom( 1072): hasDataConnection: SUB0 is DDS.  check data connection state further.
D/StatusBar.NetworkControllerTelecom( 1072): hasDataConnection dataSub =0
D/StatusBar.NetworkControllerTelecom( 1072): hasDataConnection: SUB1 is not DDS.  return false.
D/StatusBar.NetworkControllerTelecom( 1072): hasDataConnection dataSub =0
D/StatusBar.NetworkControllerTelecom( 1072): hasDataConnection: SUB0 is DDS.  check data connection state further.
D/StatusBar.NetworkControllerTelecom( 1072): hasDataConnection dataSub =0
D/StatusBar.NetworkControllerTelecom( 1072): hasDataConnection: SUB0 is DDS.  check data connection state further.
D/StatusBar.NetworkControllerTelecom( 1072): hasDataConnection dataSub =0
D/StatusBar.NetworkControllerTelecom( 1072): hasDataConnection: SUB1 is not DDS.  return false.
D/ActivityThread( 5408): SVC-SERVICE_ARGS handled : 0 / ServiceArgsData{token=android.os.BinderProxy@22f0f9f5 startId=27091 args=Intent { cmp=com.qihoo.appstore/com.morgoo.droidplugin.stub.ServiceStub$StubP06$P00 (has extras) }}
D/AutomaticBrightnessController(  823): onSensorChanged: lux = 48.0
W/ActivityManager(  823): getRunningAppProcesses: caller 10183 does not hold REAL_GET_TASKS; limiting output
D/AutomaticBrightnessController(  823): onSensorChanged: lux = 50.0
V/ActivityManager(  823): Broadcast sticky: Intent { act=android.net.wifi.RSSI_CHANGED flg=0x4000010 (has extras) } ordered=false userid=-1 callerApp=ProcessRecord{25a5d567 823:system/1000}
D/AutomaticBrightnessController(  823): onSensorChanged: lux = 50.0
W/ActivityManager(  823): getTasks: caller 10182 does not hold REAL_GET_TASKS; limiting output
W/ActivityManager(  823): getRunningAppProcesses: caller 10182 does not hold REAL_GET_TASKS; limiting output
D/ActivityThread( 5408): SVC-SERVICE_ARGS handled : 0 / ServiceArgsData{token=android.os.BinderProxy@22f0f9f5 startId=27092 args=Intent { cmp=com.qihoo.appstore/com.morgoo.droidplugin.stub.ServiceStub$StubP06$P00 (has extras) }}
W/ActivityManager(  823): getRunningAppProcesses: caller 10183 does not hold REAL_GET_TASKS; limiting output
D/StatusBar.NetworkControllerTelecom( 1072): hasDataConnection dataSub =0
D/StatusBar.NetworkControllerTelecom( 1072): hasDataConnection: SUB0 is DDS.  check data connection state further.
D/StatusBar.NetworkControllerTelecom( 1072): hasDataConnection dataSub =0
D/StatusBar.NetworkControllerTelecom( 1072): hasDataConnection: SUB0 is DDS.  check data connection state further.
D/StatusBar.NetworkControllerTelecom( 1072): hasDataConnection dataSub =0
D/StatusBar.NetworkControllerTelecom( 1072): hasDataConnection: SUB1 is not DDS.  return false.
D/StatusBar.NetworkControllerTelecom( 1072): hasDataConnection dataSub =0
D/StatusBar.NetworkControllerTelecom( 1072): hasDataConnection: SUB0 is DDS.  check data connection state further.
D/StatusBar.NetworkControllerTelecom( 1072): hasDataConnection dataSub =0
D/StatusBar.NetworkControllerTelecom( 1072): hasDataConnection: SUB0 is DDS.  check data connection state further.
D/StatusBar.NetworkControllerTelecom( 1072): hasDataConnection dataSub =0
D/StatusBar.NetworkControllerTelecom( 1072): hasDataConnection: SUB1 is not DDS.  return false.
D/StatusBar.NetworkControllerTelecom( 1072): hasDataConnection dataSub =0
D/StatusBar.NetworkControllerTelecom( 1072): hasDataConnection: SUB0 is DDS.  check data connection state further.
D/StatusBar.NetworkControllerTelecom( 1072): hasDataConnection dataSub =0
D/StatusBar.NetworkControllerTelecom( 1072): hasDataConnection: SUB0 is DDS.  check data connection state further.
D/StatusBar.NetworkControllerTelecom( 1072): hasDataConnection dataSub =0
D/StatusBar.NetworkControllerTelecom( 1072): hasDataConnection: SUB1 is not DDS.  return false.
D/AutomaticBrightnessController(  823): onSensorChanged: lux = 48.0
W/ActivityManager(  823): getRunningAppProcesses: caller 10183 does not hold REAL_GET_TASKS; limiting output
D/AutomaticBrightnessController(  823): onSensorChanged: lux = 48.0
D/StatusBar.NetworkControllerTelecom( 1072): hasDataConnection dataSub =0
D/StatusBar.NetworkControllerTelecom( 1072): hasDataConnection: SUB0 is DDS.  check data connection state further.
D/StatusBar.NetworkControllerTelecom( 1072): hasDataConnection dataSub =0
D/StatusBar.NetworkControllerTelecom( 1072): hasDataConnection: SUB0 is DDS.  check data connection state further.
D/StatusBar.NetworkControllerTelecom( 1072): hasDataConnection dataSub =0
D/StatusBar.NetworkControllerTelecom( 1072): hasDataConnection: SUB1 is not DDS.  return false.
D/StatusBar.NetworkControllerTelecom( 1072): hasDataConnection dataSub =0
D/StatusBar.NetworkControllerTelecom( 1072): hasDataConnection: SUB0 is DDS.  check data connection state further.
D/StatusBar.NetworkControllerTelecom( 1072): hasDataConnection dataSub =0
D/StatusBar.NetworkControllerTelecom( 1072): hasDataConnection: SUB0 is DDS.  check data connection state further.
D/StatusBar.NetworkControllerTelecom( 1072): hasDataConnection dataSub =0
D/StatusBar.NetworkControllerTelecom( 1072): hasDataConnection: SUB1 is not DDS.  return false.
D/StatusBar.NetworkControllerTelecom( 1072): hasDataConnection dataSub =0
D/StatusBar.NetworkControllerTelecom( 1072): hasDataConnection: SUB0 is DDS.  check data connection state further.
D/StatusBar.NetworkControllerTelecom( 1072): hasDataConnection dataSub =0
D/StatusBar.NetworkControllerTelecom( 1072): hasDataConnection: SUB0 is DDS.  check data connection state further.
D/StatusBar.NetworkControllerTelecom( 1072): hasDataConnection dataSub =0
D/StatusBar.NetworkControllerTelecom( 1072): hasDataConnection: SUB1 is not DDS.  return false.
W/ActivityManager(  823): getTasks: caller 10182 does not hold REAL_GET_TASKS; limiting output
W/ActivityManager(  823): getRunningAppProcesses: caller 10182 does not hold REAL_GET_TASKS; limiting output
D/ActivityThread( 5408): SVC-SERVICE_ARGS handled : 0 / ServiceArgsData{token=android.os.BinderProxy@22f0f9f5 startId=27093 args=Intent { cmp=com.qihoo.appstore/com.morgoo.droidplugin.stub.ServiceStub$StubP06$P00 (has extras) }}
W/ActivityManager(  823): getRunningAppProcesses: caller 10143 does not hold REAL_GET_TASKS; limiting output
W/ActivityManager(  823): getTasks: caller 10184 does not hold REAL_GET_TASKS; limiting output
W/ActivityManager(  823): getRunningAppProcesses: caller 10183 does not hold REAL_GET_TASKS; limiting output
D/AutomaticBrightnessController(  823): onSensorChanged: lux = 48.0
D/StatusBar.NetworkControllerTelecom( 1072): hasDataConnection dataSub =0
D/StatusBar.NetworkControllerTelecom( 1072): hasDataConnection: SUB0 is DDS.  check data connection state further.
D/StatusBar.NetworkControllerTelecom( 1072): hasDataConnection dataSub =0
D/StatusBar.NetworkControllerTelecom( 1072): hasDataConnection: SUB0 is DDS.  check data connection state further.
D/StatusBar.NetworkControllerTelecom( 1072): hasDataConnection dataSub =0
D/StatusBar.NetworkControllerTelecom( 1072): hasDataConnection: SUB1 is not DDS.  return false.
D/StatusBar.NetworkControllerTelecom( 1072): hasDataConnection dataSub =0
D/StatusBar.NetworkControllerTelecom( 1072): hasDataConnection: SUB0 is DDS.  check data connection state further.
D/StatusBar.NetworkControllerTelecom( 1072): hasDataConnection dataSub =0
D/StatusBar.NetworkControllerTelecom( 1072): hasDataConnection: SUB0 is DDS.  check data connection state further.
D/StatusBar.NetworkControllerTelecom( 1072): hasDataConnection dataSub =0
D/StatusBar.NetworkControllerTelecom( 1072): hasDataConnection: SUB1 is not DDS.  return false.
D/StatusBar.NetworkControllerTelecom( 1072): hasDataConnection dataSub =0
D/StatusBar.NetworkControllerTelecom( 1072): hasDataConnection: SUB0 is DDS.  check data connection state further.
D/StatusBar.NetworkControllerTelecom( 1072): hasDataConnection dataSub =0
D/StatusBar.NetworkControllerTelecom( 1072): hasDataConnection: SUB0 is DDS.  check data connection state further.
D/StatusBar.NetworkControllerTelecom( 1072): hasDataConnection dataSub =0
D/StatusBar.NetworkControllerTelecom( 1072): hasDataConnection: SUB1 is not DDS.  return false.
V/ActivityManager(  823): Broadcast sticky: Intent { act=android.net.wifi.RSSI_CHANGED flg=0x4000010 (has extras) } ordered=false userid=-1 callerApp=ProcessRecord{25a5d567 823:system/1000}
D/AutomaticBrightnessController(  823): onSensorChanged: lux = 48.0
I/thermal_repeater(  341): oh, queryMdThermalInfo (0)Bad file number
I/thermal_repeater(  341): [recvMdThermalInfo] ret=5, strLen=127, ERROR
W/ActivityManager(  823): getRunningAppProcesses: caller 10183 does not hold REAL_GET_TASKS; limiting output
W/ActivityManager(  823): getTasks: caller 10182 does not hold REAL_GET_TASKS; limiting output
W/ActivityManager(  823): getRunningAppProcesses: caller 10182 does not hold REAL_GET_TASKS; limiting output
D/ActivityThread( 5408): SVC-SERVICE_ARGS handled : 0 / ServiceArgsData{token=android.os.BinderProxy@22f0f9f5 startId=27094 args=Intent { cmp=com.qihoo.appstore/com.morgoo.droidplugin.stub.ServiceStub$StubP06$P00 (has extras) }}
D/AutomaticBrightnessController(  823): onSensorChanged: lux = 50.0
W/ActivityManager(  823): getRunningAppProcesses: caller 10183 does not hold REAL_GET_TASKS; limiting output
D/AutomaticBrightnessController(  823): onSensorChanged: lux = 50.0
D/StatusBar.NetworkControllerTelecom( 1072): hasDataConnection dataSub =0
D/StatusBar.NetworkControllerTelecom( 1072): hasDataConnection: SUB0 is DDS.  check data connection state further.
D/StatusBar.NetworkControllerTelecom( 1072): hasDataConnection dataSub =0
D/StatusBar.NetworkControllerTelecom( 1072): hasDataConnection: SUB0 is DDS.  check data connection state further.
D/StatusBar.NetworkControllerTelecom( 1072): hasDataConnection dataSub =0
D/StatusBar.NetworkControllerTelecom( 1072): hasDataConnection: SUB1 is not DDS.  return false.
D/StatusBar.NetworkControllerTelecom( 1072): hasDataConnection dataSub =0
D/StatusBar.NetworkControllerTelecom( 1072): hasDataConnection: SUB0 is DDS.  check data connection state further.
D/StatusBar.NetworkControllerTelecom( 1072): hasDataConnection dataSub =0
D/StatusBar.NetworkControllerTelecom( 1072): hasDataConnection: SUB0 is DDS.  check data connection state further.
D/StatusBar.NetworkControllerTelecom( 1072): hasDataConnection dataSub =0
D/StatusBar.NetworkControllerTelecom( 1072): hasDataConnection: SUB1 is not DDS.  return false.
D/StatusBar.NetworkControllerTelecom( 1072): hasDataConnection dataSub =0
D/StatusBar.NetworkControllerTelecom( 1072): hasDataConnection: SUB0 is DDS.  check data connection state further.
D/StatusBar.NetworkControllerTelecom( 1072): hasDataConnection dataSub =0
D/StatusBar.NetworkControllerTelecom( 1072): hasDataConnection: SUB0 is DDS.  check data connection state further.
D/StatusBar.NetworkControllerTelecom( 1072): hasDataConnection dataSub =0
D/StatusBar.NetworkControllerTelecom( 1072): hasDataConnection: SUB1 is not DDS.  return false.
W/ActivityManager(  823): getTasks: caller 10182 does not hold REAL_GET_TASKS; limiting output
W/ActivityManager(  823): getRunningAppProcesses: caller 10182 does not hold REAL_GET_TASKS; limiting output
D/ActivityThread( 5408): SVC-SERVICE_ARGS handled : 0 / ServiceArgsData{token=android.os.BinderProxy@22f0f9f5 startId=27095 args=Intent { cmp=com.qihoo.appstore/com.morgoo.droidplugin.stub.ServiceStub$StubP06$P00 (has extras) }}
D/AutomaticBrightnessController(  823): onSensorChanged: lux = 48.0
W/ActivityManager(  823): getRunningAppProcesses: caller 10183 does not hold REAL_GET_TASKS; limiting output
V/AlarmManager(  823): Checking for alarms... rtc=1452829119737, elapsed=237406536
D/AlarmManager(  823): set alarm to RTC 2-11:40:11
D/AlarmManager(  823): set alarm to RTC 3-11:38:56
V/AlarmManager(  823): sending alarm Alarm{ec689ef type 2 when 11:38:39 start 11:38:39 end 11:38:39 com.meizu.cloud}
D/AlarmManager(  823): wakeup alarm = Alarm{ec689ef type 2 when 11:38:39 start 11:38:39 end 11:38:39 com.meizu.cloud}; package = com.meizu.cloudneedGrouping = false
V/AlarmManager(  823): sending alarm Alarm{3f945813 type 2 when 11:38:39 start 11:38:39 end 11:38:39 com.meizu.cloud}
D/AlarmManager(  823): wakeup alarm = Alarm{3f945813 type 2 when 11:38:39 start 11:38:39 end 11:38:39 com.meizu.cloud}; package = com.meizu.cloudneedGrouping = false
V/ActivityManager(  823): Broadcast sticky: Intent { act=android.net.wifi.RSSI_CHANGED flg=0x4000010 (has extras) } ordered=false userid=-1 callerApp=ProcessRecord{25a5d567 823:system/1000}
D/AutomaticBrightnessController(  823): onSensorChanged: lux = 48.0
W/ActivityManager(  823): getRunningAppProcesses: caller 10183 does not hold REAL_GET_TASKS; limiting output
W/ActivityManager(  823): getTasks: caller 10182 does not hold REAL_GET_TASKS; limiting output
W/ActivityManager(  823): getRunningAppProcesses: caller 10182 does not hold REAL_GET_TASKS; limiting output
D/ActivityThread( 5408): SVC-SERVICE_ARGS handled : 0 / ServiceArgsData{token=android.os.BinderProxy@22f0f9f5 startId=27096 args=Intent { cmp=com.qihoo.appstore/com.morgoo.droidplugin.stub.ServiceStub$StubP06$P00 (has extras) }}
V/ActivityManager(  823): Broadcast sticky: Intent { act=android.intent.action.BATTERY_CHANGED flg=0x60000010 (has extras) } ordered=false userid=-1 callerApp=null
D/PowerManagerService(  823): updateIsPoweredLocked: wasPowered=false, mIsPowered=false, oldPlugType=0, mPlugType=0, mBatteryLevel=47
D/PowerUI ( 1072): buckets   .....20 .. 15 .. 4
D/PowerUI ( 1072): level          47 --> 47
D/PowerUI ( 1072): status         4 --> 4
D/PowerUI ( 1072): plugType       0 --> 0
D/PowerUI ( 1072): invalidCharger 0 --> 0
D/PowerUI ( 1072): bucket         1 --> 1
D/PowerUI ( 1072): plugged        false --> false
D/UsbDeviceManager(  823): onReceive - BATTERY_CHANGED - mPlugType: 0, mSettingUsbCharging: false, mConnected: false, mSettingUsbBicr: false
D/WifiService(  823): onReceive, action:android.intent.action.BATTERY_CHANGED
D/WifiController(  823): DeviceActiveState{ when=0 what=155652 target=com.android.internal.util.StateMachine$SmHandler }
D/WifiController(  823): StaEnabledState{ when=0 what=155652 target=com.android.internal.util.StateMachine$SmHandler }
D/WifiController(  823): DefaultState{ when=0 what=155652 target=com.android.internal.util.StateMachine$SmHandler }
D/WifiController(  823): battery changed pluggedType: 0
V/ActivityManager(  823): Broadcast: Intent { act=com.qihoo.appstore.ACTION_CLEAN_STOP_SERVICE flg=0x10 } ordered=false userid=0 callerApp=ProcessRecord{3a1b0b1d 3819:com.qihoo.daemon/u0a182}
D/ActivityThread( 8290): BDC-Calling onReceive: intent=Intent { act=com.qihoo.appstore.ACTION_CLEAN_STOP_SERVICE flg=0x10 cmp=com.qihoo.appstore/.reveiver.CleanStartServiceReceiver }, receiver=com.qihoo.appstore.reveiver.CleanStartServiceReceiver@3cfb992d
D/ActivityThread( 8290): BDC-RECEIVER handled : 0 / ReceiverData{intent=Intent { act=com.qihoo.appstore.ACTION_CLEAN_STOP_SERVICE flg=0x10 cmp=com.qihoo.appstore/.reveiver.CleanStartServiceReceiver } packageName=com.qihoo.appstore resultCode=-1 resultData=null resultExtras=null}
W/ActivityManager(  823): getRunningAppProcesses: caller 10182 does not hold REAL_GET_TASKS; limiting output
D/ActivityThread( 3819): SVC-SERVICE_ARGS handled : 0 / ServiceArgsData{token=android.os.BinderProxy@d00670c startId=175 args=Intent { act=com.qihoo.appstore.ACTION_CLEAR_BACKGROUND (has extras) }}
D/ActivityThread( 8290): SVC-SERVICE_ARGS handled : 0 / ServiceArgsData{token=android.os.BinderProxy@289c0ef2 startId=176 args=Intent { cmp=com.qihoo.appstore/com.morgoo.droidplugin.stub.ServiceStub$StubP00$P00 (has extras) }}
D/StatusBar.NetworkControllerTelecom( 1072): hasDataConnection dataSub =0
D/StatusBar.NetworkControllerTelecom( 1072): hasDataConnection: SUB0 is DDS.  check data connection state further.
D/StatusBar.NetworkControllerTelecom( 1072): hasDataConnection dataSub =0
D/StatusBar.NetworkControllerTelecom( 1072): hasDataConnection: SUB0 is DDS.  check data connection state further.
D/StatusBar.NetworkControllerTelecom( 1072): hasDataConnection dataSub =0
D/StatusBar.NetworkControllerTelecom( 1072): hasDataConnection: SUB1 is not DDS.  return false.
D/StatusBar.NetworkControllerTelecom( 1072): hasDataConnection dataSub =0
D/StatusBar.NetworkControllerTelecom( 1072): hasDataConnection: SUB0 is DDS.  check data connection state further.
D/StatusBar.NetworkControllerTelecom( 1072): hasDataConnection dataSub =0
D/StatusBar.NetworkControllerTelecom( 1072): hasDataConnection: SUB0 is DDS.  check data connection state further.
D/StatusBar.NetworkControllerTelecom( 1072): hasDataConnection dataSub =0
D/StatusBar.NetworkControllerTelecom( 1072): hasDataConnection: SUB1 is not DDS.  return false.
D/StatusBar.NetworkControllerTelecom( 1072): hasDataConnection dataSub =0
D/StatusBar.NetworkControllerTelecom( 1072): hasDataConnection: SUB0 is DDS.  check data connection state further.
D/StatusBar.NetworkControllerTelecom( 1072): hasDataConnection dataSub =0
D/StatusBar.NetworkControllerTelecom( 1072): hasDataConnection: SUB0 is DDS.  check data connection state further.
D/StatusBar.NetworkControllerTelecom( 1072): hasDataConnection dataSub =0
D/StatusBar.NetworkControllerTelecom( 1072): hasDataConnection: SUB1 is not DDS.  return false.
D/AutomaticBrightnessController(  823): onSensorChanged: lux = 48.0
W/ActivityManager(  823): getRunningAppProcesses: caller 10183 does not hold REAL_GET_TASKS; limiting output
D/AutomaticBrightnessController(  823): onSensorChanged: lux = 50.0
D/ActivityThread(29591): SVC-Destroying service: com.qihoo360.mobilesafe.update.impl.UpdateService@1780e56
D/ActivityThread(29591): SVC-STOP_SERVICE handled : 0 / android.os.BinderProxy@1f95ce18
D/ActivityManager(  823): getContentProviderImpl: from caller=android.app.ApplicationThreadProxy@2669bcfc (pid=2600, userId=0) to get content provider com.android.launcher3.settings cpr=ContentProviderRecord{3a25187e u0 com.android.launcher3/.LauncherProvider}
D/ActivityManager(  823): getContentProviderImpl: updateLruProcessLocked cpr.proc=ProcessRecord{fcd8070 1779:com.android.launcher3/u0a11}
D/ActivityThread( 2600): hoder:android.app.IActivityManager$ContentProviderHolder@335e4ab3,provider,holder.Provider:android.content.ContentProviderProxy@135a8870
D/ActivityManager(  823): getContentProviderImpl: from caller=android.app.ApplicationThreadProxy@39826f85 (pid=2600, userId=0) to get content provider com.android.launcher3.settings cpr=ContentProviderRecord{3a25187e u0 com.android.launcher3/.LauncherProvider}
D/ActivityManager(  823): getContentProviderImpl: updateLruProcessLocked cpr.proc=ProcessRecord{fcd8070 1779:com.android.launcher3/u0a11}
D/ActivityThread( 2600): hoder:android.app.IActivityManager$ContentProviderHolder@9be67e9,provider,holder.Provider:android.content.ContentProviderProxy@30f16c6e
V/ActivityManager(  823): Broadcast: Intent { act=android.com.meizu.safe.provider.SafeWidgetProvider flg=0x10 (has extras) } ordered=false userid=-2 callerApp=ProcessRecord{3b15e7bc 2600:com.meizu.safe/1000}
D/ActivityThread( 2600): BDC-Calling onReceive: intent=Intent { act=android.com.meizu.safe.provider.SafeWidgetProvider flg=0x10 cmp=com.meizu.safe/.provider.SafeWidgetProvider (has extras) }, receiver=com.meizu.safe.provider.SafeWidgetProvider@30e8df0f
D/ActivityThread( 2600): BDC-RECEIVER handled : 0 / ReceiverData{intent=Intent { act=android.com.meizu.safe.provider.SafeWidgetProvider flg=0x10 cmp=com.meizu.safe/.provider.SafeWidgetProvider (has extras) } packageName=com.meizu.safe resultCode=-1 resultData=null resultExtras=null}
V/ActivityManager(  823): Broadcast: Intent { act=android.com.meizu.safe.provider.SafeWidgetProvider flg=0x10 (has extras) } ordered=false userid=-2 callerApp=ProcessRecord{3b15e7bc 2600:com.meizu.safe/1000}
D/ActivityThread( 2600): BDC-Calling onReceive: intent=Intent { act=android.com.meizu.safe.provider.SafeWidgetProvider flg=0x10 cmp=com.meizu.safe/.provider.SafeWidgetProvider (has extras) }, receiver=com.meizu.safe.provider.SafeWidgetProvider@1bb7bb9c
D/ActivityThread( 2600): BDC-RECEIVER handled : 0 / ReceiverData{intent=Intent { act=android.com.meizu.safe.provider.SafeWidgetProvider flg=0x10 cmp=com.meizu.safe/.provider.SafeWidgetProvider (has extras) } packageName=com.meizu.safe resultCode=-1 resultData=null resultExtras=null}
W/ActivityManager(  823): getTasks: caller 10182 does not hold REAL_GET_TASKS; limiting output
W/ActivityManager(  823): getRunningAppProcesses: caller 10182 does not hold REAL_GET_TASKS; limiting output
D/ActivityThread( 5408): SVC-SERVICE_ARGS handled : 0 / ServiceArgsData{token=android.os.BinderProxy@22f0f9f5 startId=27097 args=Intent { cmp=com.qihoo.appstore/com.morgoo.droidplugin.stub.ServiceStub$StubP06$P00 (has extras) }}
D/AutomaticBrightnessController(  823): onSensorChanged: lux = 50.0
I/thermal_repeater(  341): oh, queryMdThermalInfo (0)Bad file number
I/thermal_repeater(  341): [recvMdThermalInfo] ret=5, strLen=127, ERROR
W/ActivityManager(  823): getRunningAppProcesses: caller 10183 does not hold REAL_GET_TASKS; limiting output
V/ActivityManager(  823): Broadcast sticky: Intent { act=android.intent.action.SIG_STR flg=0x20000010 (has extras) } ordered=false userid=-1 callerApp=ProcessRecord{25a5d567 823:system/1000}
D/AutomaticBrightnessController(  823): onSensorChanged: lux = 48.0
V/ActivityManager(  823): Broadcast sticky: Intent { act=android.net.wifi.RSSI_CHANGED flg=0x4000010 (has extras) } ordered=false userid=-1 callerApp=ProcessRecord{25a5d567 823:system/1000}
W/ActivityManager(  823): getRunningAppProcesses: caller 10183 does not hold REAL_GET_TASKS; limiting output
D/AutomaticBrightnessController(  823): onSensorChanged: lux = 48.0
W/ActivityManager(  823): getTasks: caller 10182 does not hold REAL_GET_TASKS; limiting output
W/ActivityManager(  823): getRunningAppProcesses: caller 10182 does not hold REAL_GET_TASKS; limiting output
D/ActivityThread( 5408): SVC-SERVICE_ARGS handled : 0 / ServiceArgsData{token=android.os.BinderProxy@22f0f9f5 startId=27098 args=Intent { cmp=com.qihoo.appstore/com.morgoo.droidplugin.stub.ServiceStub$StubP06$P00 (has extras) }}
D/DisplayManagerService(  823): Display listener for pid 29591 died.
I/ActivityManager(  823): Process com.qihoo360.mobilesafe:update (pid 29591) has died
D/ActivityManager(  823): SVC-handleAppDiedLocked: app = ProcessRecord{13dddd22 29591:com.qihoo360.mobilesafe:update/u0a183}, app.pid = 29591
D/ActivityManager(  823): SVC-mBroadcastQueues: com.android.server.am.BroadcastQueue@37b5d706
D/ActivityManager(  823): SVC-mBroadcastQueues: com.android.server.am.BroadcastQueue@349491c7
W/ActivityManager(  823): getRunningAppProcesses: caller 10183 does not hold REAL_GET_TASKS; limiting output
D/AutomaticBrightnessController(  823): onSensorChanged: lux = 48.0
D/AutomaticBrightnessController(  823): onSensorChanged: lux = 48.0
W/ActivityManager(  823): getTasks: caller 10182 does not hold REAL_GET_TASKS; limiting output
W/ActivityManager(  823): getRunningAppProcesses: caller 10182 does not hold REAL_GET_TASKS; limiting output
D/ActivityThread( 5408): SVC-SERVICE_ARGS handled : 0 / ServiceArgsData{token=android.os.BinderProxy@22f0f9f5 startId=27099 args=Intent { cmp=com.qihoo.appstore/com.morgoo.droidplugin.stub.ServiceStub$StubP06$P00 (has extras) }}
W/ActivityManager(  823): getRunningAppProcesses: caller 10183 does not hold REAL_GET_TASKS; limiting output
D/AutomaticBrightnessController(  823): onSensorChanged: lux = 50.0
V/ActivityManager(  823): Broadcast sticky: Intent { act=android.net.wifi.RSSI_CHANGED flg=0x4000010 (has extras) } ordered=false userid=-1 callerApp=ProcessRecord{25a5d567 823:system/1000}
W/ActivityManager(  823): getTasks: caller 10184 does not hold REAL_GET_TASKS; limiting output
W/ActivityManager(  823): getRunningAppProcesses: caller 10183 does not hold REAL_GET_TASKS; limiting output
D/AutomaticBrightnessController(  823): onSensorChanged: lux = 48.0
W/ActivityManager(  823): getTasks: caller 10182 does not hold REAL_GET_TASKS; limiting output
W/ActivityManager(  823): getRunningAppProcesses: caller 10182 does not hold REAL_GET_TASKS; limiting output
D/ActivityThread( 5408): SVC-SERVICE_ARGS handled : 0 / ServiceArgsData{token=android.os.BinderProxy@22f0f9f5 startId=27100 args=Intent { cmp=com.qihoo.appstore/com.morgoo.droidplugin.stub.ServiceStub$StubP06$P00 (has extras) }}
D/AutomaticBrightnessController(  823): onSensorChanged: lux = 48.0
I/thermal_repeater(  341): oh, queryMdThermalInfo (0)Bad file number
I/thermal_repeater(  341): [recvMdThermalInfo] ret=5, strLen=127, ERROR
W/ActivityManager(  823): getRunningAppProcesses: caller 10183 does not hold REAL_GET_TASKS; limiting output
V/ActivityManager(  823): Broadcast sticky: Intent { act=android.intent.action.SIG_STR flg=0x20000010 (has extras) } ordered=false userid=-1 callerApp=ProcessRecord{25a5d567 823:system/1000}
D/AutomaticBrightnessController(  823): onSensorChanged: lux = 48.0
W/ActivityManager(  823): getRunningAppProcesses: caller 10183 does not hold REAL_GET_TASKS; limiting output
W/ActivityManager(  823): getTasks: caller 10182 does not hold REAL_GET_TASKS; limiting output
W/ActivityManager(  823): getRunningAppProcesses: caller 10182 does not hold REAL_GET_TASKS; limiting output
D/ActivityThread( 5408): SVC-SERVICE_ARGS handled : 0 / ServiceArgsData{token=android.os.BinderProxy@22f0f9f5 startId=27101 args=Intent { cmp=com.qihoo.appstore/com.morgoo.droidplugin.stub.ServiceStub$StubP06$P00 (has extras) }}
D/AutomaticBrightnessController(  823): onSensorChanged: lux = 48.0
V/ActivityManager(  823): Broadcast sticky: Intent { act=android.net.wifi.RSSI_CHANGED flg=0x4000010 (has extras) } ordered=false userid=-1 callerApp=ProcessRecord{25a5d567 823:system/1000}
W/ActivityManager(  823): getRunningAppProcesses: caller 10183 does not hold REAL_GET_TASKS; limiting output
D/AutomaticBrightnessController(  823): onSensorChanged: lux = 48.0
W/ActivityManager(  823): getTasks: caller 10182 does not hold REAL_GET_TASKS; limiting output
W/ActivityManager(  823): getRunningAppProcesses: caller 10182 does not hold REAL_GET_TASKS; limiting output
D/ActivityThread( 5408): SVC-SERVICE_ARGS handled : 0 / ServiceArgsData{token=android.os.BinderProxy@22f0f9f5 startId=27102 args=Intent { cmp=com.qihoo.appstore/com.morgoo.droidplugin.stub.ServiceStub$StubP06$P00 (has extras) }}
D/AutomaticBrightnessController(  823): onSensorChanged: lux = 50.0
W/ActivityManager(  823): getRunningAppProcesses: caller 10183 does not hold REAL_GET_TASKS; limiting output
V/ActivityManager(  823): Broadcast sticky: Intent { act=android.intent.action.BATTERY_CHANGED flg=0x60000010 (has extras) } ordered=false userid=-1 callerApp=null
D/PowerManagerService(  823): updateIsPoweredLocked: wasPowered=false, mIsPowered=false, oldPlugType=0, mPlugType=0, mBatteryLevel=47
D/PowerUI ( 1072): buckets   .....20 .. 15 .. 4
D/PowerUI ( 1072): level          47 --> 47
D/PowerUI ( 1072): status         4 --> 4
D/PowerUI ( 1072): plugType       0 --> 0
D/PowerUI ( 1072): invalidCharger 0 --> 0
D/PowerUI ( 1072): bucket         1 --> 1
D/PowerUI ( 1072): plugged        false --> false
D/UsbDeviceManager(  823): onReceive - BATTERY_CHANGED - mPlugType: 0, mSettingUsbCharging: false, mConnected: false, mSettingUsbBicr: false
D/WifiService(  823): onReceive, action:android.intent.action.BATTERY_CHANGED
D/WifiController(  823): DeviceActiveState{ when=0 what=155652 target=com.android.internal.util.StateMachine$SmHandler }
D/WifiController(  823): StaEnabledState{ when=0 what=155652 target=com.android.internal.util.StateMachine$SmHandler }
D/WifiController(  823): DefaultState{ when=0 what=155652 target=com.android.internal.util.StateMachine$SmHandler }
D/WifiController(  823): battery changed pluggedType: 0
V/ActivityManager(  823): Broadcast: Intent { act=com.qihoo.appstore.ACTION_CLEAN_STOP_SERVICE flg=0x10 } ordered=false userid=0 callerApp=ProcessRecord{3a1b0b1d 3819:com.qihoo.daemon/u0a182}
D/ActivityThread( 3819): SVC-SERVICE_ARGS handled : 0 / ServiceArgsData{token=android.os.BinderProxy@d00670c startId=176 args=Intent { act=com.qihoo.appstore.ACTION_CLEAR_BACKGROUND (has extras) }}
D/ActivityThread( 8290): BDC-Calling onReceive: intent=Intent { act=com.qihoo.appstore.ACTION_CLEAN_STOP_SERVICE flg=0x10 cmp=com.qihoo.appstore/.reveiver.CleanStartServiceReceiver }, receiver=com.qihoo.appstore.reveiver.CleanStartServiceReceiver@59a1e62
D/ActivityThread( 8290): BDC-RECEIVER handled : 0 / ReceiverData{intent=Intent { act=com.qihoo.appstore.ACTION_CLEAN_STOP_SERVICE flg=0x10 cmp=com.qihoo.appstore/.reveiver.CleanStartServiceReceiver } packageName=com.qihoo.appstore resultCode=-1 resultData=null resultExtras=null}
W/ActivityManager(  823): getRunningAppProcesses: caller 10182 does not hold REAL_GET_TASKS; limiting output
D/ActivityThread( 8290): SVC-SERVICE_ARGS handled : 0 / ServiceArgsData{token=android.os.BinderProxy@289c0ef2 startId=177 args=Intent { cmp=com.qihoo.appstore/com.morgoo.droidplugin.stub.ServiceStub$StubP00$P00 (has extras) }}
D/AutomaticBrightnessController(  823): onSensorChanged: lux = 50.0
W/ActivityManager(  823): getRunningAppProcesses: caller 10183 does not hold REAL_GET_TASKS; limiting output
W/ActivityManager(  823): getTasks: caller 10182 does not hold REAL_GET_TASKS; limiting output
W/ActivityManager(  823): getRunningAppProcesses: caller 10182 does not hold REAL_GET_TASKS; limiting output
D/ActivityThread( 5408): SVC-SERVICE_ARGS handled : 0 / ServiceArgsData{token=android.os.BinderProxy@22f0f9f5 startId=27103 args=Intent { cmp=com.qihoo.appstore/com.morgoo.droidplugin.stub.ServiceStub$StubP06$P00 (has extras) }}
D/AutomaticBrightnessController(  823): onSensorChanged: lux = 48.0
V/ActivityManager(  823): Broadcast sticky: Intent { act=android.net.wifi.RSSI_CHANGED flg=0x4000010 (has extras) } ordered=false userid=-1 callerApp=ProcessRecord{25a5d567 823:system/1000}
D/ActivityManager(  823): getContentProviderImpl: from caller=android.app.ApplicationThreadProxy@207f7f01 (pid=2600, userId=0) to get content provider com.android.launcher3.settings cpr=ContentProviderRecord{3a25187e u0 com.android.launcher3/.LauncherProvider}
D/ActivityManager(  823): getContentProviderImpl: updateLruProcessLocked cpr.proc=ProcessRecord{fcd8070 1779:com.android.launcher3/u0a11}
D/ActivityThread( 2600): hoder:android.app.IActivityManager$ContentProviderHolder@8de5d2b,provider,holder.Provider:android.content.ContentProviderProxy@152f588
D/ActivityManager(  823): getContentProviderImpl: from caller=android.app.ApplicationThreadProxy@2ac191a6 (pid=2600, userId=0) to get content provider com.android.launcher3.settings cpr=ContentProviderRecord{3a25187e u0 com.android.launcher3/.LauncherProvider}
D/ActivityManager(  823): getContentProviderImpl: updateLruProcessLocked cpr.proc=ProcessRecord{fcd8070 1779:com.android.launcher3/u0a11}
D/ActivityThread( 2600): hoder:android.app.IActivityManager$ContentProviderHolder@6522b21,provider,holder.Provider:android.content.ContentProviderProxy@36a69b46
V/ActivityManager(  823): Broadcast: Intent { act=android.com.meizu.safe.provider.SafeWidgetProvider flg=0x10 (has extras) } ordered=false userid=-2 callerApp=ProcessRecord{3b15e7bc 2600:com.meizu.safe/1000}
D/ActivityThread( 2600): BDC-Calling onReceive: intent=Intent { act=android.com.meizu.safe.provider.SafeWidgetProvider flg=0x10 cmp=com.meizu.safe/.provider.SafeWidgetProvider (has extras) }, receiver=com.meizu.safe.provider.SafeWidgetProvider@2663a107
D/ActivityThread( 2600): BDC-RECEIVER handled : 0 / ReceiverData{intent=Intent { act=android.com.meizu.safe.provider.SafeWidgetProvider flg=0x10 cmp=com.meizu.safe/.provider.SafeWidgetProvider (has extras) } packageName=com.meizu.safe resultCode=-1 resultData=null resultExtras=null}
V/ActivityManager(  823): Broadcast: Intent { act=android.com.meizu.safe.provider.SafeWidgetProvider flg=0x10 (has extras) } ordered=false userid=-2 callerApp=ProcessRecord{3b15e7bc 2600:com.meizu.safe/1000}
D/ActivityThread( 2600): BDC-Calling onReceive: intent=Intent { act=android.com.meizu.safe.provider.SafeWidgetProvider flg=0x10 cmp=com.meizu.safe/.provider.SafeWidgetProvider (has extras) }, receiver=com.meizu.safe.provider.SafeWidgetProvider@5e5e234
D/ActivityThread( 2600): BDC-RECEIVER handled : 0 / ReceiverData{intent=Intent { act=android.com.meizu.safe.provider.SafeWidgetProvider flg=0x10 cmp=com.meizu.safe/.provider.SafeWidgetProvider (has extras) } packageName=com.meizu.safe resultCode=-1 resultData=null resultExtras=null}
I/thermal_repeater(  341): oh, queryMdThermalInfo (0)Bad file number
I/thermal_repeater(  341): [recvMdThermalInfo] ret=5, strLen=127, ERROR
W/ActivityManager(  823): getRunningAppProcesses: caller 10183 does not hold REAL_GET_TASKS; limiting output
D/AutomaticBrightnessController(  823): onSensorChanged: lux = 48.0
W/ActivityManager(  823): getTasks: caller 10182 does not hold REAL_GET_TASKS; limiting output
W/ActivityManager(  823): getRunningAppProcesses: caller 10182 does not hold REAL_GET_TASKS; limiting output
D/ActivityThread( 5408): SVC-SERVICE_ARGS handled : 0 / ServiceArgsData{token=android.os.BinderProxy@22f0f9f5 startId=27104 args=Intent { cmp=com.qihoo.appstore/com.morgoo.droidplugin.stub.ServiceStub$StubP06$P00 (has extras) }}
D/AutomaticBrightnessController(  823): onSensorChanged: lux = 48.0
W/ActivityManager(  823): getRunningAppProcesses: caller 10183 does not hold REAL_GET_TASKS; limiting output
D/FrameworkListener(  315): dispatchCommand data = (getaddrinfo s.360.cn ^ 1024 0 1 0 0)
D/SocketClient(  315): SocketClient sendData done: 222
D/SocketClient(  315): SocketClient sendData done: 
D/SocketClient(  315): SocketClient sendData done: 
D/SocketClient(  315): SocketClient sendData done: 
D/SocketClient(  315): SocketClient sendData done: 
D/SocketClient(  315): SocketClient sendData done: 
D/SocketClient(  315): SocketClient sendData done: 
D/SocketClient(  315): SocketClient sendData done: 
D/SocketClient(  315): SocketClient sendData done: 
D/SocketClient(  315): SocketClient sendData done: 
D/SocketClient(  315): SocketClient sendData done: 
D/SocketClient(  315): SocketClient sendData done: 
D/SocketClient(  315): SocketClient sendData done: 
D/SocketClient(  315): SocketClient sendData done: 
D/SocketClient(  315): SocketClient sendData done: 
D/SocketClient(  315): SocketClient sendData done: 
D/SocketClient(  315): SocketClient sendData done: 
D/SocketClient(  315): SocketClient sendData done: 
D/SocketClient(  315): SocketClient sendData done: 
D/SocketClient(  315): SocketClient sendData done: 
D/SocketClient(  315): SocketClient sendData done: 
D/SocketClient(  315): SocketClient sendData done: 
D/SocketClient(  315): SocketClient sendData done: 
D/SocketClient(  315): SocketClient sendData done: 
D/SocketClient(  315): SocketClient sendData done: 
D/SocketClient(  315): SocketClient sendData done: 
D/SocketClient(  315): SocketClient sendData done: 
D/SocketClient(  315): SocketClient sendData done: 
D/SocketClient(  315): SocketClient sendData done: 
D/SocketClient(  315): SocketClient sendData done: 
D/SocketClient(  315): SocketClient sendData done: 
D/SocketClient(  315): SocketClient sendData done: 
D/SocketClient(  315): SocketClient sendData done: 
D/SocketClient(  315): SocketClient sendData done: 
D/SocketClient(  315): SocketClient sendData done: 
D/SocketClient(  315): SocketClient sendData done: 
D/SocketClient(  315): SocketClient sendData done: 
D/SocketClient(  315): SocketClient sendData done: 
D/SocketClient(  315): SocketClient sendData done: 
D/SocketClient(  315): SocketClient sendData done: 
D/SocketClient(  315): SocketClient sendData done: 
D/SocketClient(  315): SocketClient sendData done: 
D/SocketClient(  315): SocketClient sendData done: 
D/StatusBar.NetworkControllerTelecom( 1072): hasDataConnection dataSub =0
D/StatusBar.NetworkControllerTelecom( 1072): hasDataConnection: SUB0 is DDS.  check data connection state further.
D/StatusBar.NetworkControllerTelecom( 1072): hasDataConnection dataSub =0
D/StatusBar.NetworkControllerTelecom( 1072): hasDataConnection: SUB0 is DDS.  check data connection state further.
D/StatusBar.NetworkControllerTelecom( 1072): hasDataConnection dataSub =0
D/StatusBar.NetworkControllerTelecom( 1072): hasDataConnection: SUB1 is not DDS.  return false.
D/StatusBar.NetworkControllerTelecom( 1072): hasDataConnection dataSub =0
D/StatusBar.NetworkControllerTelecom( 1072): hasDataConnection: SUB0 is DDS.  check data connection state further.
D/StatusBar.NetworkControllerTelecom( 1072): hasDataConnection dataSub =0
D/StatusBar.NetworkControllerTelecom( 1072): hasDataConnection: SUB0 is DDS.  check data connection state further.
D/StatusBar.NetworkControllerTelecom( 1072): hasDataConnection dataSub =0
D/StatusBar.NetworkControllerTelecom( 1072): hasDataConnection: SUB1 is not DDS.  return false.
D/StatusBar.NetworkControllerTelecom( 1072): hasDataConnection dataSub =0
D/StatusBar.NetworkControllerTelecom( 1072): hasDataConnection: SUB0 is DDS.  check data connection state further.
D/StatusBar.NetworkControllerTelecom( 1072): hasDataConnection dataSub =0
D/StatusBar.NetworkControllerTelecom( 1072): hasDataConnection: SUB0 is DDS.  check data connection state further.
D/StatusBar.NetworkControllerTelecom( 1072): hasDataConnection dataSub =0
D/StatusBar.NetworkControllerTelecom( 1072): hasDataConnection: SUB1 is not DDS.  return false.
D/AutomaticBrightnessController(  823): onSensorChanged: lux = 48.0
W/ActivityManager(  823): getRunningAppProcesses: caller 10183 does not hold REAL_GET_TASKS; limiting output
W/ActivityManager(  823): getTasks: caller 10182 does not hold REAL_GET_TASKS; limiting output
W/ActivityManager(  823): getRunningAppProcesses: caller 10182 does not hold REAL_GET_TASKS; limiting output
D/StatusBar.NetworkControllerTelecom( 1072): hasDataConnection dataSub =0
D/StatusBar.NetworkControllerTelecom( 1072): hasDataConnection: SUB0 is DDS.  check data connection state further.
D/StatusBar.NetworkControllerTelecom( 1072): hasDataConnection dataSub =0
D/StatusBar.NetworkControllerTelecom( 1072): hasDataConnection: SUB0 is DDS.  check data connection state further.
D/StatusBar.NetworkControllerTelecom( 1072): hasDataConnection dataSub =0
D/StatusBar.NetworkControllerTelecom( 1072): hasDataConnection: SUB1 is not DDS.  return false.
D/StatusBar.NetworkControllerTelecom( 1072): hasDataConnection dataSub =0
D/StatusBar.NetworkControllerTelecom( 1072): hasDataConnection: SUB0 is DDS.  check data connection state further.
D/StatusBar.NetworkControllerTelecom( 1072): hasDataConnection dataSub =0
D/StatusBar.NetworkControllerTelecom( 1072): hasDataConnection: SUB0 is DDS.  check data connection state further.
D/StatusBar.NetworkControllerTelecom( 1072): hasDataConnection dataSub =0
D/StatusBar.NetworkControllerTelecom( 1072): hasDataConnection: SUB1 is not DDS.  return false.
D/StatusBar.NetworkControllerTelecom( 1072): hasDataConnection dataSub =0
D/StatusBar.NetworkControllerTelecom( 1072): hasDataConnection: SUB0 is DDS.  check data connection state further.
D/StatusBar.NetworkControllerTelecom( 1072): hasDataConnection dataSub =0
D/StatusBar.NetworkControllerTelecom( 1072): hasDataConnection: SUB0 is DDS.  check data connection state further.
D/StatusBar.NetworkControllerTelecom( 1072): hasDataConnection dataSub =0
D/StatusBar.NetworkControllerTelecom( 1072): hasDataConnection: SUB1 is not DDS.  return false.
D/ActivityThread( 5408): SVC-SERVICE_ARGS handled : 0 / ServiceArgsData{token=android.os.BinderProxy@22f0f9f5 startId=27105 args=Intent { cmp=com.qihoo.appstore/com.morgoo.droidplugin.stub.ServiceStub$StubP06$P00 (has extras) }}
D/AutomaticBrightnessController(  823): onSensorChanged: lux = 50.0
V/ActivityManager(  823): Broadcast sticky: Intent { act=android.net.wifi.RSSI_CHANGED flg=0x4000010 (has extras) } ordered=false userid=-1 callerApp=ProcessRecord{25a5d567 823:system/1000}
W/ActivityManager(  823): getRunningAppProcesses: caller 10183 does not hold REAL_GET_TASKS; limiting output
D/AutomaticBrightnessController(  823): onSensorChanged: lux = 50.0
D/AutomaticBrightnessController(  823): onSensorChanged: lux = 50.0
W/ActivityManager(  823): getTasks: caller 10184 does not hold REAL_GET_TASKS; limiting output
W/ActivityManager(  823): getTasks: caller 10182 does not hold REAL_GET_TASKS; limiting output
W/ActivityManager(  823): getRunningAppProcesses: caller 10182 does not hold REAL_GET_TASKS; limiting output
D/ActivityThread( 5408): SVC-SERVICE_ARGS handled : 0 / ServiceArgsData{token=android.os.BinderProxy@22f0f9f5 startId=27106 args=Intent { cmp=com.qihoo.appstore/com.morgoo.droidplugin.stub.ServiceStub$StubP06$P00 (has extras) }}
W/ActivityManager(  823): getRunningAppProcesses: caller 10183 does not hold REAL_GET_TASKS; limiting output
D/AutomaticBrightnessController(  823): onSensorChanged: lux = 48.0
V/AlarmManager(  823): Checking for alarms... rtc=1452829136947, elapsed=237423746
D/AlarmManager(  823): set alarm to RTC 3-11:39:00
V/AlarmManager(  823): sending alarm Alarm{3b2fc7e7 type 3 when 11:38:56 start 11:38:56 end 11:38:56 android}
V/ActivityManager(  823): Broadcast: Intent { act=android.content.jobscheduler.JOB_DELAY_EXPIRED flg=0x114 (has extras) } ordered=true userid=0 callerApp=null
V/AlarmManager(  823): sending alarm Alarm{3b2fc7e7 type 3 when 11:38:56 start 11:38:56 end 11:38:56 android} success
D/PowerManagerService(  823): acquireWakeLockInternal: lock=131043231, flags=0x1, tag="*alarm*", ws=WorkSource{1000}, uid=1000, pid=823
D/PowerManagerService(  823): updateWakeLockSummaryLocked: mWakefulness=Awake, mWakeLockSummary=0x1
D/PowerManagerService(  823): updateUserActivitySummaryLocked: mWakefulness=Awake, mUserActivitySummary=0x1, nextTimeout=71172688 (in 1743000 ms)
D/PowerManagerService(  823): mDisplayPowerRequest.policy = 3
D/PowerManagerService(  823): isWfdEnabled() mWfdStatus=WifiDisplayStatus{featureState=2, scanState=0, activeDisplayState=0, activeDisplay=null, displays=[], sessionInfo=WifiDisplaySessionInfo: C/O:Client,GId:,Pp:,SId:0,IP:}, return false
D/DisplayPowerController(  823): requestPowerState: policy=BRIGHT, useProximitySensor=false, screenBrightness=64, screenAutoBrightnessAdjustment=0.0, useAutoBrightness=true, blockScreenOn=false, lowPowerMode=false, boostScreenBrightness=false, dozeScreenBrightness=-1, useSettingBrightness=false, dozeScreenState=UNKNOWN, waitForNegativeProximity=false
I/PowerManagerService(  823): setBrightness mButtonLight 0.
D/PowerManagerService(  823): updateDisplayPowerStateLocked: mDisplayReady=true, policy=3, mWakefulness=1, mWakeLockSummary=0x1, mUserActivitySummary=0x1, mBootCompleted=true, mScreenBrightnessBoostInProgress=false
D/PowerManagerService(  823): Acquiring suspend blocker "PowerManagerService.WakeLocks".
D/PowerManagerNotifier(  823): onWakeLockAcquired: flags=1, tag="*alarm*", packageName=android, ownerUid=1000, ownerPid=823, workSource=WorkSource{1000}
V/AlarmManager(  823): APP set(PendingIntent{29b8dd16: PendingIntentRecord{2c170697 android broadcastIntent}}) : type=3 triggerAtTime=237428793 win=-1 tElapsed=237428793 maxElapsed=237428793 interval=0 standalone=false
D/ActivityThread(  823): BDC-Calling finishReceiver: IIntentReceiver=3c9ba8d8
D/ActivityThread( 8139): SVC-Creating service: CreateServiceData{token=android.os.BinderProxy@221a8929 className=com.qihoo360.mobilesafe.service.KLJobService packageName=com.qihoo360.mobilesafe intent=null}
D/ActivityThread( 8139): SVC-CREATE_SERVICE handled : 0 / CreateServiceData{token=android.os.BinderProxy@221a8929 className=com.qihoo360.mobilesafe.service.KLJobService packageName=com.qihoo360.mobilesafe intent=null}
D/ActivityThread( 8139): SVC-BIND_SERVICE handled : 0 / BindServiceData{token=android.os.BinderProxy@221a8929 intent=Intent { cmp=com.qihoo360.mobilesafe/.service.KLJobService }}
D/ActivityThread( 3819): SVC-Creating service: CreateServiceData{token=android.os.BinderProxy@3148f463 className=com.qihoo.appstore.scheduler.KLJobService packageName=com.qihoo.appstore intent=null}
D/ActivityThread( 3819): SVC-CREATE_SERVICE handled : 0 / CreateServiceData{token=android.os.BinderProxy@3148f463 className=com.qihoo.appstore.scheduler.KLJobService packageName=com.qihoo.appstore intent=null}
D/ActivityThread( 3819): SVC-BIND_SERVICE handled : 0 / BindServiceData{token=android.os.BinderProxy@3148f463 intent=Intent { cmp=com.qihoo.appstore/.scheduler.KLJobService }}
D/ActivityThread( 3819): SVC-SERVICE_ARGS handled : 0 / ServiceArgsData{token=android.os.BinderProxy@137da4f0 startId=1142 args=Intent { pkg=com.qihoo.appstore cmp=com.qihoo.appstore/com.qihoo.express.mini.service.DaemonCoreService (has extras) }}
D/AlarmManager(  823): onSendFinished begin
D/PowerManagerService(  823): releaseWakeLockInternal: lock=131043231 [*alarm*], flags=0x0, total_time=27ms
D/PowerManagerNotifier(  823): onWakeLockReleased: flags=1, tag="*alarm*", packageName=android, ownerUid=1000, ownerPid=823, workSource=WorkSource{1000}
D/PowerManagerService(  823): updateWakeLockSummaryLocked: mWakefulness=Awake, mWakeLockSummary=0x0
D/PowerManagerService(  823): updateUserActivitySummaryLocked: mWakefulness=Awake, mUserActivitySummary=0x1, nextTimeout=71172688 (in 1742973 ms)
D/PowerManagerService(  823): mDisplayPowerRequest.policy = 3
D/PowerManagerService(  823): isWfdEnabled() mWfdStatus=WifiDisplayStatus{featureState=2, scanState=0, activeDisplayState=0, activeDisplay=null, displays=[], sessionInfo=WifiDisplaySessionInfo: C/O:Client,GId:,Pp:,SId:0,IP:}, return false
D/DisplayPowerController(  823): requestPowerState: policy=BRIGHT, useProximitySensor=false, screenBrightness=64, screenAutoBrightnessAdjustment=0.0, useAutoBrightness=true, blockScreenOn=false, lowPowerMode=false, boostScreenBrightness=false, dozeScreenBrightness=-1, useSettingBrightness=false, dozeScreenState=UNKNOWN, waitForNegativeProximity=false
I/PowerManagerService(  823): setBrightness mButtonLight 0.
D/PowerManagerService(  823): updateDisplayPowerStateLocked: mDisplayReady=true, policy=3, mWakefulness=1, mWakeLockSummary=0x0, mUserActivitySummary=0x1, mBootCompleted=true, mScreenBrightnessBoostInProgress=false
D/PowerManagerService(  823): Releasing suspend blocker "PowerManagerService.WakeLocks".
D/PowerManagerService(  823): acquireWakeLockInternal: lock=608120702, flags=0x1, tag="*job*/com.qihoo360.mobilesafe/.service.KLJobService", ws=WorkSource{10183}, uid=1000, pid=823
D/PowerManagerService(  823): updateWakeLockSummaryLocked: mWakefulness=Awake, mWakeLockSummary=0x1
D/PowerManagerService(  823): updateUserActivitySummaryLocked: mWakefulness=Awake, mUserActivitySummary=0x1, nextTimeout=71172688 (in 1742972 ms)
D/PowerManagerService(  823): mDisplayPowerRequest.policy = 3
D/PowerManagerService(  823): isWfdEnabled() mWfdStatus=WifiDisplayStatus{featureState=2, scanState=0, activeDisplayState=0, activeDisplay=null, displays=[], sessionInfo=WifiDisplaySessionInfo: C/O:Client,GId:,Pp:,SId:0,IP:}, return false
