D/SubmitHistory(29741): 	},
D/SubmitHistory(29741): 	{
D/SubmitHistory(29741): 		"operate":1,
D/SubmitHistory(29741): 		"package_name":"com.telecom.video.ikan4g",
D/SubmitHistory(29741): 		"version_code":2105234017
D/SubmitHistory(29741): 	},
D/SubmitHistory(29741): 	{
D/SubmitHistory(29741): 		"operate":1,
D/SubmitHistory(29741): 		"package_name":"com.baidu.input",
D/SubmitHistory(29741): 		"version_code":108
D/SubmitHistory(29741): 	},
D/SubmitHistory(29741): 	{
D/SubmitHistory(29741): 		"operate":1,
D/SubmitHistory(29741): 		"package_name":"com.tencent.mobileqq",
D/SubmitHistory(29741): 		"version_code":320
D/SubmitHistory(29741): 	},
D/SubmitHistory(29741): 	{
D/SubmitHistory(29741): 		"operate":1,
D/SubmitHistory(29741): 		"package_name":"com.netease.newsreader.activity",
D/SubmitHistory(29741): 		"version_code":2147483647
D/SubmitHistory(29741): 	},
D/SubmitHistory(29741): 	{
D/SubmitHistory(29741): 		"operate":1,
D/SubmitHistory(29741): 		"package_name":"com.corp21cn.mail189",
D/SubmitHistory(29741): 		"version_code":54
D/SubmitHistory(29741): 	},
D/SubmitHistory(29741): 	{
D/SubmitHistory(29741): 		"operate":1,
D/SubmitHistory(29741): 		"package_name":"com.xun.qianfanzhiche",
D/SubmitHistory(29741): 		"version_code":100200
D/SubmitHistory(29741): 	},
D/SubmitHistory(29741): 	{
D/SubmitHistory(29741): 		"operate":1,
D/SubmitHistory(29741): 		"package_name":"com.wandoujia.phoenix2",
D/SubmitHistory(29741): 		"version_code":8958
D/SubmitHistory(29741): 	},
D/SubmitHistory(29741): 	{
D/SubmitHistory(29741): 		"operate":1,
D/SubmitHistory(29741): 		"package_name":"com.ximalaya.ting.android",
D/SubmitHistory(29741): 		"version_code":2147483647
D/SubmitHistory(29741): 	},
D/SubmitHistory(29741): 	{
D/SubmitHistory(29741): 		"operate":1,
D/SubmitHistory(29741): 		"package_name":"com.Qunar",
D/SubmitHistory(29741): 		"version_code":2147483647
D/SubmitHistory(29741): 	},
D/SubmitHistory(29741): 	{
D/SubmitHistory(29741): 		"operate":1,
D/SubmitHistory(29741): 		"package_name":"com.qihoo.appstore",
D/SubmitHistory(29741): 		"version_code":300030535
D/SubmitHistory(29741): 	},
D/SubmitHistory(29741): 	{
D/SubmitHistory(29741): 		"operate":1,
D/SubmitHistory(29741): 		"package_name":"cn.egame.terminal.client4g",
D/SubmitHistory(29741): 		"version_code":114
D/SubmitHistory(29741): 	},
D/SubmitHistory(29741): 	{
D/SubmitHistory(29741): 		"operate":1,
D/SubmitHistory(29741): 		"package_name":"io.appium.android.ime",
D/SubmitHistory(29741): 		"version_code":1
D/SubmitHistory(29741): 	},
D/SubmitHistory(29741): 	{
D/SubmitHistory(29741): 		"operate":1,
D/SubmitHistory(29741): 		"package_name":"com.jingdong.app.mall",
D/SubmitHistory(29741): 		"version_code":2147483647
D/SubmitHistory(29741): 	},
D/SubmitHistory(29741): 	{
D/SubmitHistory(29741): 		"operate":1,
D/SubmitHistory(29741): 		"package_name":"com.example.myviedowebview",
D/SubmitHistory(29741): 		"version_code":1
D/SubmitHistory(29741): 	},
D/SubmitHistory(29741): 	{
D/SubmitHistory(29741): 		"operate":1,
D/SubmitHistory(29741): 		"package_name":"com.autonavi.minimap",
D/SubmitHistory(29741): 		"version_code":2147483647
D/SubmitHistory(29741): 	},
D/SubmitHistory(29741): 	{
D/SubmitHistory(29741): 		"operate":1,
D/SubmitHistory(29741): 		"package_name":"com.wenba.bangbang",
D/SubmitHistory(29741): 		"version_code":4006003
D/SubmitHistory(29741): 	},
D/SubmitHistory(29741): 	{
D/SubmitHistory(29741): 		"operate":1,
D/SubmitHistory(29741): 		"package_name":"com.sina.weibo",
D/SubmitHistory(29741): 		"version_code":2147483647
D/SubmitHistory(29741): 	},
D/SubmitHistory(29741): 	{
D/SubmitHistory(29741): 		"operate":1,
D/SubmitHistory(29741): 		"package_name":"com.imusic.iting",
D/SubmitHistory(29741): 		"version_code":2009001
D/SubmitHistory(29741): 	},
D/SubmitHistory(29741): 	{
D/SubmitHistory(29741): 		"operate":1,
D/SubmitHistory(29741): 		"package_name":"io.appium.unlock",
D/SubmitHistory(29741): 		"version_code":1
D/SubmitHistory(29741): 	},
D/SubmitHistory(29741): 	{
D/SubmitHistory(29741): 		"operate":1,
D/SubmitHistory(29741): 		"package_name":"com.meizu.media.life",
D/SubmitHistory(29741): 		"version_code":31
D/SubmitHistory(29741): 	},
D/SubmitHistory(29741): 	{
D/SubmitHistory(29741): 		"operate":1,
D/SubmitHistory(29741): 		"package_name":"com.ct.client",
D/SubmitHistory(29741): 		"version_code":5500
D/SubmitHistory(29741): 	},
D/SubmitHistory(29741): 	{
D/SubmitHistory(29741): 		"operate":1,
D/SubmitHistory(29741): 		"package_name":"im.yixin",
D/SubmitHistory(29741): 		"version_code":223
D/SubmitHistory(29741): 	},
D/SubmitHistory(29741): 	{
D/SubmitHistory(29741): 		"operate":1,
D/SubmitHistory(29741): 		"package_name":"com.eg.android.AlipayGphone",
D/SubmitHistory(29741): 		"version_code":89
D/SubmitHistory(29741): 	},
D/SubmitHistory(29741): 	{
D/SubmitHistory(29741): 		"operate":1,
D/SubmitHistory(29741): 		"package_name":"com.qihoo.permmgr",
D/SubmitHistory(29741): 		"version_code":367
D/SubmitHistory(29741): 	}
D/SubmitHistory(29741): ]
D/libc-netbsd(29741): [getaddrinfo]: hostname=api-app.meizu.com; servname=(null); cache_mode=(null), netid=0; mark=0
D/libc-netbsd(29741): [getaddrinfo]: ai_addrlen=0; ai_canonname=(null); ai_flags=4; ai_family=0
D/libc-netbsd(29741): [getaddrinfo]: hostname=api-app.meizu.com; servname=(null); cache_mode=(null), netid=0; mark=0
D/libc-netbsd(29741): [getaddrinfo]: ai_addrlen=0; ai_canonname=(null); ai_flags=1024; ai_family=0
D/libc-netbsd(  315): [getaddrinfo]: hostname=api-app.meizu.com; servname=(null); cache_mode=local, netid=100; mark=917604
D/libc-netbsd(  315): [getaddrinfo]: ai_addrlen=0; ai_canonname=(null); ai_flags=1024; ai_family=0
D/libc-netbsd(  315): default dns: query_ipv6=0, query_ipv4=1
D/libc-netbsd(  315): res_queryN name = api-app.meizu.com, class = 1, type = 1
D/libc-netbsd(  315): res_queryN name = api-app.meizu.com succeed
D/libc-netbsd(29741): getaddrinfo: api-app.meizu.com get result from proxy >>
D/libc-netbsd(29741): [getaddrinfo]: hostname=api-app.meizu.com; servname=(null); cache_mode=(null), netid=0; mark=0
D/libc-netbsd(29741): [getaddrinfo]: ai_addrlen=0; ai_canonname=(null); ai_flags=4; ai_family=0
E/WifiTrafficPoller(  823): TRAFFIC_STATS_POLL true Token 73 num clients 19
E/WifiTrafficPoller(  823):  packet count Tx=512248 Rx=968580
E/WifiTrafficPoller(  823): notifying of data activity 3
E/WifiStateMachine(  823):  ConnectedState (when=-3ms what=131155 arg1=43!CMD_RSSI_POLL 43 0 "Wenba 5G" 58:66:ba:af:6c:b1 rssi=-47 f=2412 sc=60 link=54 tx=2.4, 0.0, 0.0  rx=35.4 bcn=0 [on:0 tx:0 rx:0 period:2997] from screen [on:0 period:1130206987] gl u24 rssi=-47 ag=0 hr ticks 0,0,0 ls-=0 [56,56,56,56,61] brc=0 lrc=0
E/WifiStateMachine(  823):  L2ConnectedState (when=-6ms what=131155 arg1=43!CMD_RSSI_POLL 43 0 "Wenba 5G" 58:66:ba:af:6c:b1 rssi=-47 f=2412 sc=60 link=54 tx=2.4, 0.0, 0.0  rx=35.4 bcn=0 [on:0 tx:0 rx:0 period:3] from screen [on:0 period:1130206990] gl u24 rssi=-47 ag=0 hr ticks 0,0,0 ls-=0 [56,56,56,56,61] brc=0 lrc=0
E/WifiStateMachine(  823):  get link layer stats 0
D/wpa_supplicant( 1301): wlan0: Control interface command 'SIGNAL_POLL'
E/WifiConfigStore(  823): updateConfiguration freq=2412 BSSID=58:66:ba:af:6c:b1 RSSI=-47 "Wenba 5G"WPA_PSK
E/WifiTrafficPoller(  823): TRAFFIC_STATS_POLL true Token 73 num clients 19
E/WifiTrafficPoller(  823):  packet count Tx=512287 Rx=968662
E/WifiTrafficPoller(  823): TRAFFIC_STATS_POLL true Token 73 num clients 19
E/WifiTrafficPoller(  823):  packet count Tx=512287 Rx=968692
E/WifiTrafficPoller(  823): notifying of data activity 1
E/WifiTrafficPoller(  823): TRAFFIC_STATS_POLL true Token 73 num clients 19
E/WifiTrafficPoller(  823):  packet count Tx=512287 Rx=968711
E/WifiStateMachine(  823):  ConnectedState (when=-5ms what=131155 arg1=43!CMD_RSSI_POLL 43 0 "Wenba 5G" 58:66:ba:af:6c:b1 rssi=-48 f=2412 sc=60 link=54 tx=6.2, 0.0, 0.0  rx=49.7 bcn=0 [on:0 tx:0 rx:0 period:2999] from screen [on:0 period:1130210002] gl u24 rssi=-48 ag=0 hr ticks 0,0,0 ls-=0 [56,56,60,60,65] brc=0 lrc=0
E/WifiStateMachine(  823):  L2ConnectedState (when=-8ms what=131155 arg1=43!CMD_RSSI_POLL 43 0 "Wenba 5G" 58:66:ba:af:6c:b1 rssi=-48 f=2412 sc=60 link=54 tx=6.2, 0.0, 0.0  rx=49.7 bcn=0 [on:0 tx:0 rx:0 period:2] from screen [on:0 period:1130210004] gl u24 rssi=-48 ag=0 hr ticks 0,0,0 ls-=0 [56,56,60,60,65] brc=0 lrc=0
E/WifiStateMachine(  823):  get link layer stats 0
D/wpa_supplicant( 1301): wlan0: Control interface command 'SIGNAL_POLL'
E/WifiConfigStore(  823): updateConfiguration freq=2412 BSSID=58:66:ba:af:6c:b1 RSSI=-47 "Wenba 5G"WPA_PSK
D/PermissionHistoryHelper(  823): getInteractionTime() userId: 0 timeBound(ns): 20000
D/PermissionHistoryHelper(  823): getInteractionTime() currentTime: 69449071 searchTime: 69429071
E/WifiTrafficPoller(  823): TRAFFIC_STATS_POLL true Token 73 num clients 19
E/WifiTrafficPoller(  823):  packet count Tx=512287 Rx=968744
E/WifiTrafficPoller(  823): TRAFFIC_STATS_POLL true Token 73 num clients 19
E/WifiTrafficPoller(  823):  packet count Tx=512287 Rx=968781
D/Volley  (29741): [1764] BasicNetwork.logSlowRequests: HTTP response for request=<[ ] https://api-app.meizu.com/apps/oauth/history/submit 0x3be6375f NORMAL 3> [lifetime=6208], [size=188], [rc=401], [retryCount=0]
E/Volley  (29741): [1764] BasicNetwork.performRequest: Unexpected response code 401 for https://api-app.meizu.com/apps/oauth/history/submit
E/PhoneUtils(29024): Get Mz Phone SN 81CEBMJ22YECXXX
E/MPlugin (29024): Unsupported class: com.mediatek.common.telephony.IOnlyOwnerSimSupport
E/PhoneUtils(29024): Get Mz Phone SN 81CEBMJ22YECXXX
D/libc-netbsd(29024): [getaddrinfo]: hostname=api.meizu.com; servname=(null); cache_mode=(null), netid=0; mark=0
D/libc-netbsd(29024): [getaddrinfo]: ai_addrlen=0; ai_canonname=(null); ai_flags=4; ai_family=0
D/libc-netbsd(29024): [getaddrinfo]: hostname=api.meizu.com; servname=(null); cache_mode=(null), netid=0; mark=0
D/libc-netbsd(29024): [getaddrinfo]: ai_addrlen=0; ai_canonname=(null); ai_flags=1024; ai_family=0
D/libc-netbsd(  315): [getaddrinfo]: hostname=api.meizu.com; servname=(null); cache_mode=local, netid=100; mark=917604
D/libc-netbsd(  315): [getaddrinfo]: ai_addrlen=0; ai_canonname=(null); ai_flags=1024; ai_family=0
D/libc-netbsd(  315): default dns: query_ipv6=0, query_ipv4=1
D/libc-netbsd(  315): res_queryN name = api.meizu.com, class = 1, type = 1
D/libc-netbsd(  315): netid=100, dns0:202.96.209.5
D/libc-netbsd(  315): netid=100, dns1:202.96.209.133
D/libc-netbsd(  315): netid=100, dns2:8.8.8.8
D/libc-netbsd(  315): res_queryN name = api.meizu.com succeed
D/libc-netbsd(29024): getaddrinfo: api.meizu.com get result from proxy >>
D/libc-netbsd(29024): [getaddrinfo]: hostname=221.228.84.168; servname=(null); cache_mode=(null), netid=0; mark=0
D/libc-netbsd(29024): [getaddrinfo]: ai_addrlen=0; ai_canonname=(null); ai_flags=4; ai_family=0
E/NativeCrypto(29024): ssl=0xefc3f800 cert_verify_callback x509_store_ctx=0xe1a29c70 arg=0x0
E/NativeCrypto(29024): ssl=0xefc3f800 cert_verify_callback calling verifyCertificateChain authMethod=ECDHE_RSA
E/WifiTrafficPoller(  823): TRAFFIC_STATS_POLL true Token 73 num clients 19
E/WifiTrafficPoller(  823):  packet count Tx=512301 Rx=968806
E/WifiTrafficPoller(  823): notifying of data activity 3
D/libc-netbsd(29024): [getaddrinfo]: hostname=api.meizu.com; servname=(null); cache_mode=(null), netid=0; mark=0
D/libc-netbsd(29024): [getaddrinfo]: ai_addrlen=0; ai_canonname=(null); ai_flags=4; ai_family=0
I/BasicOAuthManager(29024): get token success!
D/libc-netbsd(29024): [getaddrinfo]: hostname=api.meizu.com; servname=(null); cache_mode=(null), netid=0; mark=0
D/libc-netbsd(29024): [getaddrinfo]: ai_addrlen=0; ai_canonname=(null); ai_flags=4; ai_family=0
D/libc-netbsd(29024): [getaddrinfo]: hostname=221.228.84.168; servname=(null); cache_mode=(null), netid=0; mark=0
D/libc-netbsd(29024): [getaddrinfo]: ai_addrlen=0; ai_canonname=(null); ai_flags=4; ai_family=0
E/WifiStateMachine(  823):  ConnectedState (when=-3ms what=131155 arg1=43!CMD_RSSI_POLL 43 0 "Wenba 5G" 58:66:ba:af:6c:b1 rssi=-48 f=2412 sc=60 link=54 tx=22.6, 0.0, 0.0  rx=93.3 bcn=0 [on:0 tx:0 rx:0 period:2997] from screen [on:0 period:1130213028] gl u24 rssi=-48 ag=0 hr ticks 0,0,0 ls-=0 [56,56,60,60,65] brc=0 lrc=0
E/WifiStateMachine(  823):  L2ConnectedState (when=-4ms what=131155 arg1=43!CMD_RSSI_POLL 43 0 "Wenba 5G" 58:66:ba:af:6c:b1 rssi=-48 f=2412 sc=60 link=54 tx=22.6, 0.0, 0.0  rx=93.3 bcn=0 [on:0 tx:0 rx:0 period:0] from screen [on:0 period:1130213028] gl u24 rssi=-48 ag=0 hr ticks 0,0,0 ls-=0 [56,56,60,60,65] brc=0 lrc=0
E/WifiStateMachine(  823):  get link layer stats 0
D/wpa_supplicant( 1301): wlan0: Control interface command 'SIGNAL_POLL'
E/WifiConfigStore(  823): updateConfiguration freq=2412 BSSID=58:66:ba:af:6c:b1 RSSI=-47 "Wenba 5G"WPA_PSK
D/Volley  (29741): [1763] BasicNetwork.logSlowRequests: HTTP response for request=<[ ] https://api-app.meizu.com/apps/oauth/favorite/list 0x3be6375f NORMAL 2> [lifetime=17179], [size=188], [rc=401], [retryCount=0]
D/Volley  (29741): [1762] BasicNetwork.logSlowRequests: HTTP response for request=<[ ] https://api-app.meizu.com/apps/oauth/favorite/list 0x3be6375f NORMAL 1> [lifetime=17184], [size=188], [rc=401], [retryCount=0]
E/WifiTrafficPoller(  823): TRAFFIC_STATS_POLL true Token 73 num clients 19
E/WifiTrafficPoller(  823):  packet count Tx=512520 Rx=968982
E/NativeCrypto(29024): ssl=0xefc41200 cert_verify_callback x509_store_ctx=0xe1a29c70 arg=0x0
E/NativeCrypto(29024): ssl=0xefc41200 cert_verify_callback calling verifyCertificateChain authMethod=ECDHE_RSA
D/libc-netbsd(29024): [getaddrinfo]: hostname=api.meizu.com; servname=(null); cache_mode=(null), netid=0; mark=0
D/libc-netbsd(29024): [getaddrinfo]: ai_addrlen=0; ai_canonname=(null); ai_flags=4; ai_family=0
I/BasicAuthManager(29024): get client token success : [eyJ2IjoyLCJ1IjoiMTE0MTM0MDI0IiwidCI6MTQ1MjgyOTE2MDAwOSwicyI6Ind4IiwiciI6InU4TnVDSWdUZFR3NHZFQnBLWmdBIiwiYSI6IkE3MjNCM0IwNTFGODQzNDMyOUFFOEYzQUNBQTc3NjVEIn0 , eyJ2IjoyLCJ1IjoiMTE0MTM0MDI0IiwidCI6MTQ1MjgyOTE2MDAwOSwicyI6Ind4IiwiciI6ImNEUVRRUGw2aHV5QkhGUnpZTnBTIiwiYSI6IkE3MjNCM0IwNTFGODQzNDMyOUFFOEYzQUNBQTc3NjVEIn0 , 259199 , app_trust basic , bearer]
E/Volley  (29741): [1762] BasicNetwork.performRequest: Unexpected response code 401 for https://api-app.meizu.com/apps/oauth/favorite/list?start=0&firmware=Flyme+OS+4.5.0.4Q&mzos=4.0&locale=CN&sn=81CEBMJ22YEC&net=wifi&os=22&vc=199&v=4.5.9&max=50&imei=869130021365775&access_token=eyJ2IjoyLCJ1IjoiMTE0MTM0MDI0IiwidCI6MTQ1MjgyOTE2MDAwOSwicyI6Ind4IiwiciI6InU4TnVDSWdUZFR3NHZFQnBLWmdBIiwiYSI6IkE3MjNCM0IwNTFGODQzNDMyOUFFOEYzQUNBQTc3NjVEIn0&screen_size=1080x1920&device_model=M5714&uid=114134024&language=zh-CN
E/Volley  (29741): [1763] BasicNetwork.performRequest: Unexpected response code 401 for https://api-app.meizu.com/apps/oauth/favorite/list?start=0&firmware=Flyme+OS+4.5.0.4Q&mzos=4.0&locale=CN&sn=81CEBMJ22YEC&net=wifi&os=22&vc=199&v=4.5.9&max=50&imei=869130021365775&access_token=eyJ2IjoyLCJ1IjoiMTE0MTM0MDI0IiwidCI6MTQ1MjgyOTE2MDAwOSwicyI6Ind4IiwiciI6InU4TnVDSWdUZFR3NHZFQnBLWmdBIiwiYSI6IkE3MjNCM0IwNTFGODQzNDMyOUFFOEYzQUNBQTc3NjVEIn0&screen_size=1080x1920&device_model=M5714&uid=114134024&language=zh-CN
E/PhoneUtils(29024): Get Mz Phone SN 81CEBMJ22YECXXX
D/libc-netbsd(29024): [getaddrinfo]: hostname=api.meizu.com; servname=(null); cache_mode=(null), netid=0; mark=0
D/libc-netbsd(29024): [getaddrinfo]: ai_addrlen=0; ai_canonname=(null); ai_flags=4; ai_family=0
D/libc-netbsd(29024): [getaddrinfo]: hostname=221.228.84.168; servname=(null); cache_mode=(null), netid=0; mark=0
D/libc-netbsd(29024): [getaddrinfo]: ai_addrlen=0; ai_canonname=(null); ai_flags=4; ai_family=0
E/NativeCrypto(29024): ssl=0xefc42000 cert_verify_callback x509_store_ctx=0xe1a29cf0 arg=0x0
E/NativeCrypto(29024): ssl=0xefc42000 cert_verify_callback calling verifyCertificateChain authMethod=ECDHE_RSA
D/libc-netbsd(29024): [getaddrinfo]: hostname=api.meizu.com; servname=(null); cache_mode=(null), netid=0; mark=0
D/libc-netbsd(29024): [getaddrinfo]: ai_addrlen=0; ai_canonname=(null); ai_flags=4; ai_family=0
I/BasicAuthManager(29024): get client token success : [eyJ2IjoyLCJ1IjoiMTE0MTM0MDI0IiwidCI6MTQ1MjgyOTE2MDI2OSwicyI6Ind4IiwiciI6IlNReHpwQm93SW5Zb3hsZGEwa01jIiwiYSI6IkE3MjNCM0IwNTFGODQzNDMyOUFFOEYzQUNBQTc3NjVEIn0 , eyJ2IjoyLCJ1IjoiMTE0MTM0MDI0IiwidCI6MTQ1MjgyOTE2MDI2OSwicyI6Ind4IiwiciI6ImxFUjlsNkVqcmRvc21vR1luajlpIiwiYSI6IkE3MjNCM0IwNTFGODQzNDMyOUFFOEYzQUNBQTc3NjVEIn0 , 259199 , app_trust basic , bearer]
E/PhoneUtils(29024): Get Mz Phone SN 81CEBMJ22YECXXX
D/libc-netbsd(29024): [getaddrinfo]: hostname=api.meizu.com; servname=(null); cache_mode=(null), netid=0; mark=0
D/libc-netbsd(29024): [getaddrinfo]: ai_addrlen=0; ai_canonname=(null); ai_flags=4; ai_family=0
D/libc-netbsd(29024): [getaddrinfo]: hostname=221.228.84.168; servname=(null); cache_mode=(null), netid=0; mark=0
D/libc-netbsd(29024): [getaddrinfo]: ai_addrlen=0; ai_canonname=(null); ai_flags=4; ai_family=0
E/NativeCrypto(29024): ssl=0xefc42e00 cert_verify_callback x509_store_ctx=0xe1a29cf0 arg=0x0
E/NativeCrypto(29024): ssl=0xefc42e00 cert_verify_callback calling verifyCertificateChain authMethod=ECDHE_RSA
D/libc-netbsd(29024): [getaddrinfo]: hostname=api.meizu.com; servname=(null); cache_mode=(null), netid=0; mark=0
D/libc-netbsd(29024): [getaddrinfo]: ai_addrlen=0; ai_canonname=(null); ai_flags=4; ai_family=0
I/BasicAuthManager(29024): get client token success : [eyJ2IjoyLCJ1IjoiMTE0MTM0MDI0IiwidCI6MTQ1MjgyOTE2MDQyMywicyI6Ind4IiwiciI6Ikt3SlhkYXNMd3NZeDQ4RlNsQTFtIiwiYSI6IkE3MjNCM0IwNTFGODQzNDMyOUFFOEYzQUNBQTc3NjVEIn0 , eyJ2IjoyLCJ1IjoiMTE0MTM0MDI0IiwidCI6MTQ1MjgyOTE2MDQyMywicyI6Ind4IiwiciI6IkQ0OUF0U3gwd2o4SDF6cEdtRWplIiwiYSI6IkE3MjNCM0IwNTFGODQzNDMyOUFFOEYzQUNBQTc3NjVEIn0 , 259199 , app_trust basic , bearer]
E/WifiTrafficPoller(  823): TRAFFIC_STATS_POLL true Token 73 num clients 19
E/WifiTrafficPoller(  823):  packet count Tx=512616 Rx=969060
E/WifiStateMachine(  823):  ConnectedState (when=-3ms what=131143 arg1=-2 arg2=1740) !CMD_START_SCAN -2 1740 ic=0 proc(ms):20003 dur:2716 cnt=1740 rssi=-47 f=2412 sc=60 link=54 tx=81.3, 0.0, 0.0  rx=143.2 fiv=20000 [on:0 tx:0 rx:0 period:2010] from screen [on:0 period:1130215045]
E/WifiStateMachine(  823):  L2ConnectedState (when=-5ms what=131143 arg1=-2 arg2=1740) !CMD_START_SCAN -2 1740 ic=0 proc(ms):20005 dur:2716 cnt=1740 rssi=-47 f=2412 sc=60 link=54 tx=81.3, 0.0, 0.0  rx=143.2 fiv=20000 [on:0 tx:0 rx:0 period:1] from screen [on:0 period:1130215046]
E/WifiStateMachine(  823): WifiStateMachine CMD_START_SCAN source -2 txSuccessRate=81.30 rxSuccessRate=143.17 targetRoamBSSID=any RSSI=-47
E/WifiStateMachine(  823): startDelayedScan send -> 1741 milli 20000
E/WifiStateMachine(  823): WifiStateMachine CMD_START_SCAN with age=3561666 interval=20000 maxinterval=300000
E/WifiStateMachine(  823): WifiStateMachine CMD_START_SCAN try full band scan age=3561666 interval=20000 maxinterval=300000
E/WifiStateMachine(  823): WifiStateMachine CMD_START_SCAN prevent full band scan due to pkt rate
E/WifiStateMachine(  823): WifiStateMachine CMD_START_SCAN source -2 ...and ignore scans tx=81.30 rx=143.17
E/MTPROF  (29881): mtprof entry can not be found!
E/MTPROF  (29881): java.io.FileNotFoundException: /proc/mtprof/status: open failed: ENOENT (No such file or directory)
E/MTPROF  (29881): 	at libcore.io.IoBridge.open(IoBridge.java:496)
E/MTPROF  (29881): 	at java.io.FileInputStream.<init>(FileInputStream.java:76)
E/MTPROF  (29881): 	at java.io.FileInputStream.<init>(FileInputStream.java:103)
E/MTPROF  (29881): 	at android.app.ActivityThread.attach(ActivityThread.java:5464)
E/MTPROF  (29881): 	at android.app.ActivityThread.main(ActivityThread.java:5666)
E/MTPROF  (29881): 	at java.lang.reflect.Method.invoke(Native Method)
E/MTPROF  (29881): 	at java.lang.reflect.Method.invoke(Method.java:372)
E/MTPROF  (29881): 	at com.android.internal.os.ZygoteInit$MethodAndArgsCaller.run(ZygoteInit.java:959)
E/MTPROF  (29881): 	at com.android.internal.os.ZygoteInit.main(ZygoteInit.java:754)
E/MTPROF  (29881): Caused by: android.system.ErrnoException: open failed: ENOENT (No such file or directory)
E/MTPROF  (29881): 	at libcore.io.Posix.open(Native Method)
E/MTPROF  (29881): 	at libcore.io.BlockGuardOs.open(BlockGuardOs.java:186)
E/MTPROF  (29881): 	at libcore.io.IoBridge.open(IoBridge.java:482)
E/MTPROF  (29881): 	... 8 more
E/WifiTrafficPoller(  823): TRAFFIC_STATS_POLL true Token 73 num clients 19
E/WifiTrafficPoller(  823):  packet count Tx=512616 Rx=969069
E/WifiTrafficPoller(  823): notifying of data activity 1
D/NotificationController(29881): cancelAllNotifications
E/WifiStateMachine(  823):  ConnectedState (when=-2ms what=131155 arg1=43!CMD_RSSI_POLL 43 0 "Wenba 5G" 58:66:ba:af:6c:b1 rssi=-47 f=2412 sc=60 link=54 tx=81.3, 0.0, 0.0  rx=143.2 bcn=0 [on:0 tx:0 rx:0 period:985] from screen [on:0 period:1130216034] gl u24 rssi=-47 ag=0 hr ticks 0,0,0 ls-=0 [56,56,60,60,65] brc=0 lrc=0
E/WifiStateMachine(  823):  L2ConnectedState (when=-4ms what=131155 arg1=43!CMD_RSSI_POLL 43 0 "Wenba 5G" 58:66:ba:af:6c:b1 rssi=-47 f=2412 sc=60 link=54 tx=81.3, 0.0, 0.0  rx=143.2 bcn=0 [on:0 tx:0 rx:0 period:2] from screen [on:0 period:1130216036] gl u24 rssi=-47 ag=0 hr ticks 0,0,0 ls-=0 [56,56,60,60,65] brc=0 lrc=0
E/WifiStateMachine(  823):  get link layer stats 0
D/wpa_supplicant( 1301): wlan0: Control interface command 'SIGNAL_POLL'
E/WifiConfigStore(  823): updateConfiguration freq=2412 BSSID=58:66:ba:af:6c:b1 RSSI=-47 "Wenba 5G"WPA_PSK
E/WifiTrafficPoller(  823): TRAFFIC_STATS_POLL true Token 73 num clients 19
E/WifiTrafficPoller(  823):  packet count Tx=512618 Rx=969084
E/WifiTrafficPoller(  823): notifying of data activity 3
E/WifiTrafficPoller(  823): TRAFFIC_STATS_POLL true Token 73 num clients 19
E/WifiTrafficPoller(  823):  packet count Tx=512618 Rx=969092
E/WifiTrafficPoller(  823): notifying of data activity 1
E/WifiTrafficPoller(  823): TRAFFIC_STATS_POLL true Token 73 num clients 19
E/WifiTrafficPoller(  823):  packet count Tx=512618 Rx=969101
E/WifiStateMachine(  823):  ConnectedState (when=-3ms what=131155 arg1=43!CMD_RSSI_POLL 43 0 "Wenba 5G" 58:66:ba:af:6c:b1 rssi=-47 f=2412 sc=60 link=54 tx=136.1, 0.0, 0.0  rx=155.6 bcn=0 [on:0 tx:0 rx:0 period:2997] from screen [on:0 period:1130219046] gl u24 rssi=-47 ag=0 hr ticks 0,0,0 ls-=0 [56,56,60,60,65] brc=0 lrc=0
E/WifiStateMachine(  823):  L2ConnectedState (when=-6ms what=131155 arg1=43!CMD_RSSI_POLL 43 0 "Wenba 5G" 58:66:ba:af:6c:b1 rssi=-47 f=2412 sc=60 link=54 tx=136.1, 0.0, 0.0  rx=155.6 bcn=0 [on:0 tx:0 rx:0 period:3] from screen [on:0 period:1130219049] gl u24 rssi=-47 ag=0 hr ticks 0,0,0 ls-=0 [56,56,60,60,65] brc=0 lrc=0
E/WifiStateMachine(  823):  get link layer stats 0
D/wpa_supplicant( 1301): wlan0: Control interface command 'SIGNAL_POLL'
E/WifiConfigStore(  823): updateConfiguration freq=2412 BSSID=58:66:ba:af:6c:b1 RSSI=-47 "Wenba 5G"WPA_PSK
E/WifiTrafficPoller(  823): TRAFFIC_STATS_POLL true Token 73 num clients 19
E/WifiTrafficPoller(  823):  packet count Tx=512618 Rx=969107
E/WifiTrafficPoller(  823): TRAFFIC_STATS_POLL true Token 73 num clients 19
E/WifiTrafficPoller(  823):  packet count Tx=512618 Rx=969112
E/WifiTrafficPoller(  823): TRAFFIC_STATS_POLL true Token 73 num clients 19
E/WifiTrafficPoller(  823):  packet count Tx=512618 Rx=969121
E/WifiStateMachine(  823):  ConnectedState (when=-5ms what=131155 arg1=43!CMD_RSSI_POLL 43 0 "Wenba 5G" 58:66:ba:af:6c:b1 rssi=-47 f=2412 sc=60 link=54 tx=68.1, 0.0, 0.0  rx=88.8 bcn=0 [on:0 tx:0 rx:0 period:2999] from screen [on:0 period:1130222081] gl u24 rssi=-47 ag=0 hr ticks 0,0,0 ls-=0 [56,56,60,60,65] brc=0 lrc=0
E/WifiStateMachine(  823):  L2ConnectedState (when=-8ms what=131155 arg1=43!CMD_RSSI_POLL 43 0 "Wenba 5G" 58:66:ba:af:6c:b1 rssi=-47 f=2412 sc=60 link=54 tx=68.1, 0.0, 0.0  rx=88.8 bcn=0 [on:0 tx:0 rx:0 period:3] from screen [on:0 period:1130222084] gl u24 rssi=-47 ag=0 hr ticks 0,0,0 ls-=0 [56,56,60,60,65] brc=0 lrc=0
E/WifiStateMachine(  823):  get link layer stats 0
D/wpa_supplicant( 1301): wlan0: Control interface command 'SIGNAL_POLL'
E/WifiConfigStore(  823): updateConfiguration freq=2412 BSSID=58:66:ba:af:6c:b1 RSSI=-47 "Wenba 5G"WPA_PSK
E/WifiTrafficPoller(  823): TRAFFIC_STATS_POLL true Token 73 num clients 19
E/WifiTrafficPoller(  823):  packet count Tx=512618 Rx=969134
E/WifiTrafficPoller(  823): TRAFFIC_STATS_POLL true Token 73 num clients 19
E/WifiTrafficPoller(  823):  packet count Tx=512618 Rx=969148
E/WifiTrafficPoller(  823): TRAFFIC_STATS_POLL true Token 73 num clients 19
E/WifiTrafficPoller(  823):  packet count Tx=512618 Rx=969180
E/WifiStateMachine(  823):  ConnectedState (when=-4ms what=131155 arg1=43!CMD_RSSI_POLL 43 0 "Wenba 5G" 58:66:ba:af:6c:b1 rssi=-47 f=2412 sc=60 link=54 tx=34.0, 0.0, 0.0  rx=55.4 bcn=0 [on:0 tx:0 rx:0 period:2997] from screen [on:0 period:1130225108] gl u24 rssi=-47 ag=0 hr ticks 0,0,0 ls-=0 [56,56,60,60,65] brc=0 lrc=0
E/WifiStateMachine(  823):  L2ConnectedState (when=-5ms what=131155 arg1=43!CMD_RSSI_POLL 43 0 "Wenba 5G" 58:66:ba:af:6c:b1 rssi=-47 f=2412 sc=60 link=54 tx=34.0, 0.0, 0.0  rx=55.4 bcn=0 [on:0 tx:0 rx:0 period:1] from screen [on:0 period:1130225109] gl u24 rssi=-47 ag=0 hr ticks 0,0,0 ls-=0 [56,56,60,60,65] brc=0 lrc=0
E/WifiStateMachine(  823):  get link layer stats 0
D/wpa_supplicant( 1301): wlan0: Control interface command 'SIGNAL_POLL'
E/WifiConfigStore(  823): updateConfiguration freq=2412 BSSID=58:66:ba:af:6c:b1 RSSI=-47 "Wenba 5G"WPA_PSK
E/WifiTrafficPoller(  823): TRAFFIC_STATS_POLL true Token 73 num clients 19
E/WifiTrafficPoller(  823):  packet count Tx=512618 Rx=969193
D/Volley  (29741): [1764] BasicNetwork.logSlowRequests: HTTP response for request=<[ ] https://api-app.meizu.com/apps/oauth/history/submit 0x3be6375f NORMAL 3> [lifetime=20236], [size=188], [rc=401], [retryCount=0]
E/Volley  (29741): [1764] BasicNetwork.performRequest: Unexpected response code 401 for https://api-app.meizu.com/apps/oauth/history/submit
D/Volley  (29741): [1] Request.finish: 20240 ms: [ ] https://api-app.meizu.com/apps/oauth/history/submit 0x3be6375f NORMAL 3
E/WifiTrafficPoller(  823): TRAFFIC_STATS_POLL true Token 73 num clients 19
E/WifiTrafficPoller(  823):  packet count Tx=512619 Rx=969227
E/WifiTrafficPoller(  823): notifying of data activity 3
E/WifiTrafficPoller(  823): TRAFFIC_STATS_POLL true Token 73 num clients 19
E/WifiTrafficPoller(  823):  packet count Tx=512619 Rx=969257
E/WifiTrafficPoller(  823): notifying of data activity 1
D/Volley  (29741): [1763] BasicNetwork.logSlowRequests: HTTP response for request=<[ ] https://api-app.meizu.com/apps/oauth/favorite/list 0x3be6375f NORMAL 2> [lifetime=31802], [size=188], [rc=401], [retryCount=0]
D/Volley  (29741): [1762] BasicNetwork.logSlowRequests: HTTP response for request=<[ ] https://api-app.meizu.com/apps/oauth/favorite/list 0x3be6375f NORMAL 1> [lifetime=31807], [size=188], [rc=401], [retryCount=0]
E/WifiStateMachine(  823):  ConnectedState (when=-4ms what=131155 arg1=43!CMD_RSSI_POLL 43 0 "Wenba 5G" 58:66:ba:af:6c:b1 rssi=-47 f=2412 sc=60 link=54 tx=17.0, 0.0, 0.0  rx=56.2 bcn=0 [on:0 tx:0 rx:0 period:3002] from screen [on:0 period:1130228136] gl u24 rssi=-47 ag=0 hr ticks 0,0,0 ls-=0 [56,56,60,60,65] brc=0 lrc=0
E/WifiStateMachine(  823):  L2ConnectedState (when=-5ms what=131155 arg1=43!CMD_RSSI_POLL 43 0 "Wenba 5G" 58:66:ba:af:6c:b1 rssi=-47 f=2412 sc=60 link=54 tx=17.0, 0.0, 0.0  rx=56.2 bcn=0 [on:0 tx:0 rx:0 period:1] from screen [on:0 period:1130228137] gl u24 rssi=-47 ag=0 hr ticks 0,0,0 ls-=0 [56,56,60,60,65] brc=0 lrc=0
E/WifiStateMachine(  823):  get link layer stats 0
D/wpa_supplicant( 1301): wlan0: Control interface command 'SIGNAL_POLL'
E/WifiConfigStore(  823): updateConfiguration freq=2412 BSSID=58:66:ba:af:6c:b1 RSSI=-47 "Wenba 5G"WPA_PSK
E/Volley  (29741): [1763] BasicNetwork.performRequest: Unexpected response code 401 for https://api-app.meizu.com/apps/oauth/favorite/list?start=0&firmware=Flyme+OS+4.5.0.4Q&mzos=4.0&locale=CN&sn=81CEBMJ22YEC&net=wifi&os=22&vc=199&v=4.5.9&max=50&imei=869130021365775&access_token=eyJ2IjoyLCJ1IjoiMTE0MTM0MDI0IiwidCI6MTQ1MjgyOTE2MDQyMywicyI6Ind4IiwiciI6Ikt3SlhkYXNMd3NZeDQ4RlNsQTFtIiwiYSI6IkE3MjNCM0IwNTFGODQzNDMyOUFFOEYzQUNBQTc3NjVEIn0&screen_size=1080x1920&device_model=M5714&uid=114134024&language=zh-CN
E/WishListLoader(29741): account access token invalidation!
D/Volley  (29741): [1] Request.finish: 31851 ms: [ ] https://api-app.meizu.com/apps/oauth/favorite/list 0x3be6375f NORMAL 2
E/Volley  (29741): [1762] BasicNetwork.performRequest: Unexpected response code 401 for https://api-app.meizu.com/apps/oauth/favorite/list?start=0&firmware=Flyme+OS+4.5.0.4Q&mzos=4.0&locale=CN&sn=81CEBMJ22YEC&net=wifi&os=22&vc=199&v=4.5.9&max=50&imei=869130021365775&access_token=eyJ2IjoyLCJ1IjoiMTE0MTM0MDI0IiwidCI6MTQ1MjgyOTE2MDQyMywicyI6Ind4IiwiciI6Ikt3SlhkYXNMd3NZeDQ4RlNsQTFtIiwiYSI6IkE3MjNCM0IwNTFGODQzNDMyOUFFOEYzQUNBQTc3NjVEIn0&screen_size=1080x1920&device_model=M5714&uid=114134024&language=zh-CN
E/WishListLoader(29741): account access token invalidation!
D/Volley  (29741): [1] Request.finish: 31876 ms: [ ] https://api-app.meizu.com/apps/oauth/favorite/list 0x3be6375f NORMAL 1
E/WifiTrafficPoller(  823): TRAFFIC_STATS_POLL true Token 73 num clients 19
E/WifiTrafficPoller(  823):  packet count Tx=512621 Rx=969273
E/WifiTrafficPoller(  823): notifying of data activity 3
D/PermissionHistoryHelper(  823): getInteractionTime() userId: 0 timeBound(ns): 20000
D/PermissionHistoryHelper(  823): getInteractionTime() currentTime: 69468148 searchTime: 69448148
E/WifiTrafficPoller(  823): TRAFFIC_STATS_POLL true Token 73 num clients 19
E/WifiTrafficPoller(  823):  packet count Tx=512621 Rx=969298
E/WifiTrafficPoller(  823): notifying of data activity 1
D/libc-netbsd(29081): [getaddrinfo]: hostname=mobilegw.alipay.com; servname=(null); cache_mode=(null), netid=0; mark=0
D/libc-netbsd(29081): [getaddrinfo]: ai_addrlen=0; ai_canonname=(null); ai_flags=4; ai_family=0
E/NativeCrypto(29081): ssl=0xdfd7f600 cert_verify_callback x509_store_ctx=0xdf5963a0 arg=0x0
E/NativeCrypto(29081): ssl=0xdfd7f600 cert_verify_callback calling verifyCertificateChain authMethod=RSA
E/WifiTrafficPoller(  823): TRAFFIC_STATS_POLL true Token 73 num clients 19
E/WifiTrafficPoller(  823):  packet count Tx=512631 Rx=969341
E/WifiTrafficPoller(  823): notifying of data activity 3
E/WifiStateMachine(  823):  ConnectedState (when=-2ms what=131155 arg1=43!CMD_RSSI_POLL 43 0 "Wenba 5G" 58:66:ba:af:6c:b1 rssi=-47 f=2412 sc=60 link=54 tx=10.0, 0.0, 0.0  rx=68.1 bcn=0 [on:0 tx:0 rx:0 period:3000] from screen [on:0 period:1130231142] gl u24 rssi=-47 ag=0 hr ticks 0,0,0 ls-=0 [56,56,60,60,65] brc=0 lrc=0
E/WifiStateMachine(  823):  L2ConnectedState (when=-4ms what=131155 arg1=43!CMD_RSSI_POLL 43 0 "Wenba 5G" 58:66:ba:af:6c:b1 rssi=-47 f=2412 sc=60 link=54 tx=10.0, 0.0, 0.0  rx=68.1 bcn=0 [on:0 tx:0 rx:0 period:2] from screen [on:0 period:1130231144] gl u24 rssi=-47 ag=0 hr ticks 0,0,0 ls-=0 [56,56,60,60,65] brc=0 lrc=0
E/WifiStateMachine(  823):  get link layer stats 0
D/wpa_supplicant( 1301): wlan0: Control interface command 'SIGNAL_POLL'
E/WifiConfigStore(  823): updateConfiguration freq=2412 BSSID=58:66:ba:af:6c:b1 RSSI=-47 "Wenba 5G"WPA_PSK
E/WifiTrafficPoller(  823): TRAFFIC_STATS_POLL true Token 73 num clients 19
E/WifiTrafficPoller(  823):  packet count Tx=512631 Rx=969367
E/WifiTrafficPoller(  823): notifying of data activity 1
E/WifiTrafficPoller(  823): TRAFFIC_STATS_POLL true Token 73 num clients 19
E/WifiTrafficPoller(  823):  packet count Tx=512631 Rx=969385
E/WifiTrafficPoller(  823): TRAFFIC_STATS_POLL true Token 73 num clients 19
E/WifiTrafficPoller(  823):  packet count Tx=512631 Rx=969397
E/WifiStateMachine(  823):  ConnectedState (when=-5ms what=131155 arg1=43!CMD_RSSI_POLL 43 0 "Wenba 5G" 58:66:ba:af:6c:b1 rssi=-47 f=2412 sc=60 link=54 tx=10.0, 0.0, 0.0  rx=80.0 bcn=0 [on:0 tx:0 rx:0 period:2996] from screen [on:0 period:1130234171] gl u24 rssi=-47 ag=0 hr ticks 0,0,0 ls-=0 [56,56,60,60,65] brc=0 lrc=0
E/WifiStateMachine(  823):  L2ConnectedState (when=-8ms what=131155 arg1=43!CMD_RSSI_POLL 43 0 "Wenba 5G" 58:66:ba:af:6c:b1 rssi=-47 f=2412 sc=60 link=54 tx=10.0, 0.0, 0.0  rx=80.0 bcn=0 [on:0 tx:0 rx:0 period:3] from screen [on:0 period:1130234174] gl u24 rssi=-47 ag=0 hr ticks 0,0,0 ls-=0 [56,56,60,60,65] brc=0 lrc=0
E/WifiStateMachine(  823):  get link layer stats 0
D/wpa_supplicant( 1301): wlan0: Control interface command 'SIGNAL_POLL'
E/WifiConfigStore(  823): updateConfiguration freq=2412 BSSID=58:66:ba:af:6c:b1 RSSI=-47 "Wenba 5G"WPA_PSK
E/WifiTrafficPoller(  823): TRAFFIC_STATS_POLL true Token 73 num clients 19
E/WifiTrafficPoller(  823):  packet count Tx=512631 Rx=969403
E/WifiStateMachine(  823):  ConnectedState (when=-3ms what=131143 arg1=-2 arg2=1741) !CMD_START_SCAN -2 1741 ic=0 proc(ms):20003 dur:2716 cnt=1741 rssi=-47 f=2412 sc=60 link=54 tx=5.0, 0.0, 0.0  rx=63.0 fiv=20000 [on:0 tx:0 rx:0 period:851] from screen [on:0 period:1130235051]
E/WifiStateMachine(  823):  L2ConnectedState (when=-5ms what=131143 arg1=-2 arg2=1741) !CMD_START_SCAN -2 1741 ic=0 proc(ms):20005 dur:2716 cnt=1741 rssi=-47 f=2412 sc=60 link=54 tx=5.0, 0.0, 0.0  rx=63.0 fiv=20000 [on:0 tx:0 rx:0 period:2] from screen [on:0 period:1130235053]
E/WifiStateMachine(  823): WifiStateMachine CMD_START_SCAN source -2 txSuccessRate=5.00 rxSuccessRate=63.02 targetRoamBSSID=any RSSI=-47
E/WifiStateMachine(  823): startDelayedScan send -> 1742 milli 20000
E/WifiStateMachine(  823): WifiStateMachine CMD_START_SCAN with age=3581673 interval=20000 maxinterval=300000
E/WifiStateMachine(  823): WifiStateMachine CMD_START_SCAN try full band scan age=3581673 interval=20000 maxinterval=300000
E/WifiStateMachine(  823): WifiStateMachine CMD_START_SCAN prevent full band scan due to pkt rate
E/WifiStateMachine(  823): WifiStateMachine CMD_START_SCAN full=false
E/WifiTrafficPoller(  823): TRAFFIC_STATS_POLL true Token 73 num clients 19
E/WifiTrafficPoller(  823):  packet count Tx=512631 Rx=969416
E/WifiTrafficPoller(  823): TRAFFIC_STATS_POLL true Token 73 num clients 19
E/WifiTrafficPoller(  823):  packet count Tx=512631 Rx=969430
E/WifiStateMachine(  823):  ConnectedState (when=-3ms what=131155 arg1=43!CMD_RSSI_POLL 43 0 "Wenba 5G" 58:66:ba:af:6c:b1 rssi=-47 f=2412 sc=60 link=54 tx=5.0, 0.0, 0.0  rx=63.0 bcn=0 [on:0 tx:0 rx:0 period:2143] from screen [on:0 period:1130237198] gl u24 rssi=-47 ag=0 hr ticks 0,0,0 ls-=0 [56,56,60,60,65] brc=0 lrc=0
E/WifiStateMachine(  823):  L2ConnectedState (when=-6ms what=131155 arg1=43!CMD_RSSI_POLL 43 0 "Wenba 5G" 58:66:ba:af:6c:b1 rssi=-47 f=2412 sc=60 link=54 tx=5.0, 0.0, 0.0  rx=63.0 bcn=0 [on:0 tx:0 rx:0 period:2] from screen [on:0 period:1130237200] gl u24 rssi=-47 ag=0 hr ticks 0,0,0 ls-=0 [56,56,60,60,65] brc=0 lrc=0
E/WifiStateMachine(  823):  get link layer stats 0
D/wpa_supplicant( 1301): wlan0: Control interface command 'SIGNAL_POLL'
E/WifiConfigStore(  823): updateConfiguration freq=2412 BSSID=58:66:ba:af:6c:b1 RSSI=-46 "Wenba 5G"WPA_PSK
E/WifiTrafficPoller(  823): TRAFFIC_STATS_POLL true Token 73 num clients 19
E/WifiTrafficPoller(  823):  packet count Tx=512631 Rx=969436
E/WifiTrafficPoller(  823): TRAFFIC_STATS_POLL true Token 73 num clients 19
E/WifiTrafficPoller(  823):  packet count Tx=512631 Rx=969444
E/WifiTrafficPoller(  823): TRAFFIC_STATS_POLL true Token 73 num clients 19
E/WifiTrafficPoller(  823):  packet count Tx=512631 Rx=969459
E/WifiStateMachine(  823):  ConnectedState (when=-4ms what=131155 arg1=43!CMD_RSSI_POLL 43 0 "Wenba 5G" 58:66:ba:af:6c:b1 rssi=-46 f=2412 sc=60 link=54 tx=2.5, 0.0, 0.0  rx=48.5 bcn=0 [on:0 tx:0 rx:0 period:3002] from screen [on:0 period:1130240220] gl u24 rssi=-46 ag=0 hr ticks 0,0,0 ls-=0 [56,56,56,56,61] brc=0 lrc=0
E/WifiStateMachine(  823):  L2ConnectedState (when=-7ms what=131155 arg1=43!CMD_RSSI_POLL 43 0 "Wenba 5G" 58:66:ba:af:6c:b1 rssi=-46 f=2412 sc=60 link=54 tx=2.5, 0.0, 0.0  rx=48.5 bcn=0 [on:0 tx:0 rx:0 period:3] from screen [on:0 period:1130240223] gl u24 rssi=-46 ag=0 hr ticks 0,0,0 ls-=0 [56,56,56,56,61] brc=0 lrc=0
E/WifiStateMachine(  823):  get link layer stats 0
D/wpa_supplicant( 1301): wlan0: Control interface command 'SIGNAL_POLL'
E/WifiConfigStore(  823): updateConfiguration freq=2412 BSSID=58:66:ba:af:6c:b1 RSSI=-46 "Wenba 5G"WPA_PSK
E/WifiTrafficPoller(  823): TRAFFIC_STATS_POLL true Token 73 num clients 19
E/WifiTrafficPoller(  823):  packet count Tx=512631 Rx=969469
E/WifiTrafficPoller(  823): TRAFFIC_STATS_POLL true Token 73 num clients 19
E/WifiTrafficPoller(  823):  packet count Tx=512631 Rx=969481
E/WifiTrafficPoller(  823): TRAFFIC_STATS_POLL true Token 73 num clients 19
E/WifiTrafficPoller(  823):  packet count Tx=512631 Rx=969508
E/WifiStateMachine(  823):  ConnectedState (when=-3ms what=131155 arg1=43!CMD_RSSI_POLL 43 0 "Wenba 5G" 58:66:ba:af:6c:b1 rssi=-46 f=2412 sc=60 link=54 tx=1.3, 0.0, 0.0  rx=38.3 bcn=0 [on:0 tx:0 rx:0 period:2996] from screen [on:0 period:1130243246] gl u24 rssi=-46 ag=0 hr ticks 0,0,0 ls-=0 [56,56,56,56,61] brc=0 lrc=0
E/WifiStateMachine(  823):  L2ConnectedState (when=-4ms what=131155 arg1=43!CMD_RSSI_POLL 43 0 "Wenba 5G" 58:66:ba:af:6c:b1 rssi=-46 f=2412 sc=60 link=54 tx=1.3, 0.0, 0.0  rx=38.3 bcn=0 [on:0 tx:0 rx:0 period:1] from screen [on:0 period:1130243247] gl u24 rssi=-46 ag=0 hr ticks 0,0,0 ls-=0 [56,56,56,56,61] brc=0 lrc=0
E/WifiStateMachine(  823):  get link layer stats 0
D/wpa_supplicant( 1301): wlan0: Control interface command 'SIGNAL_POLL'
E/WifiConfigStore(  823): updateConfiguration freq=2412 BSSID=58:66:ba:af:6c:b1 RSSI=-44 "Wenba 5G"WPA_PSK
E/WifiTrafficPoller(  823): TRAFFIC_STATS_POLL true Token 73 num clients 19
E/WifiTrafficPoller(  823):  packet count Tx=512631 Rx=969515
E/WifiTrafficPoller(  823): TRAFFIC_STATS_POLL true Token 73 num clients 19
E/WifiTrafficPoller(  823):  packet count Tx=512631 Rx=969533
E/WifiTrafficPoller(  823): TRAFFIC_STATS_POLL true Token 73 num clients 19
E/WifiTrafficPoller(  823):  packet count Tx=512631 Rx=969564
E/WifiStateMachine(  823):  ConnectedState (when=-4ms what=131155 arg1=43!CMD_RSSI_POLL 43 0 "Wenba 5G" 58:66:ba:af:6c:b1 rssi=-43 f=2412 sc=60 link=54 tx=0.6, 0.0, 0.0  rx=43.6 bcn=0 [on:0 tx:0 rx:0 period:3003] from screen [on:0 period:1130246267] gl u24 rssi=-43 ag=0 hr ticks 0,0,0 ls-=0 [56,56,56,56,61] brc=0 lrc=0
E/WifiStateMachine(  823):  L2ConnectedState (when=-6ms what=131155 arg1=43!CMD_RSSI_POLL 43 0 "Wenba 5G" 58:66:ba:af:6c:b1 rssi=-43 f=2412 sc=60 link=54 tx=0.6, 0.0, 0.0  rx=43.6 bcn=0 [on:0 tx:0 rx:0 period:2] from screen [on:0 period:1130246269] gl u24 rssi=-43 ag=0 hr ticks 0,0,0 ls-=0 [56,56,56,56,61] brc=0 lrc=0
E/WifiStateMachine(  823):  get link layer stats 0
D/wpa_supplicant( 1301): wlan0: Control interface command 'SIGNAL_POLL'
E/WifiConfigStore(  823): updateConfiguration freq=2412 BSSID=58:66:ba:af:6c:b1 RSSI=-43 "Wenba 5G"WPA_PSK
E/WifiTrafficPoller(  823): TRAFFIC_STATS_POLL true Token 73 num clients 19
E/WifiTrafficPoller(  823):  packet count Tx=512631 Rx=969566
E/WifiTrafficPoller(  823): TRAFFIC_STATS_POLL true Token 73 num clients 19
E/WifiTrafficPoller(  823):  packet count Tx=512631 Rx=969571
D/PermissionHistoryHelper(  823): getInteractionTime() userId: 0 timeBound(ns): 20000
D/PermissionHistoryHelper(  823): getInteractionTime() currentTime: 69487065 searchTime: 69467065
E/WifiTrafficPoller(  823): TRAFFIC_STATS_POLL true Token 73 num clients 19
E/WifiTrafficPoller(  823):  packet count Tx=512631 Rx=969594
E/WifiStateMachine(  823):  ConnectedState (when=-5ms what=131155 arg1=43!CMD_RSSI_POLL 43 0 "Wenba 5G" 58:66:ba:af:6c:b1 rssi=-43 f=2412 sc=60 link=54 tx=0.3, 0.0, 0.0  rx=49.3 bcn=0 [on:0 tx:0 rx:0 period:2999] from screen [on:0 period:1130249299] gl u24 rssi=-43 ag=0 hr ticks 0,0,0 ls-=0 [56,56,56,56,61] brc=0 lrc=0
E/WifiStateMachine(  823):  L2ConnectedState (when=-7ms what=131155 arg1=43!CMD_RSSI_POLL 43 0 "Wenba 5G" 58:66:ba:af:6c:b1 rssi=-43 f=2412 sc=60 link=54 tx=0.3, 0.0, 0.0  rx=49.3 bcn=0 [on:0 tx:0 rx:0 period:2] from screen [on:0 period:1130249301] gl u24 rssi=-43 ag=0 hr ticks 0,0,0 ls-=0 [56,56,56,56,61] brc=0 lrc=0
E/WifiStateMachine(  823):  get link layer stats 0
D/wpa_supplicant( 1301): wlan0: Control interface command 'SIGNAL_POLL'
E/WifiConfigStore(  823): updateConfiguration freq=2412 BSSID=58:66:ba:af:6c:b1 RSSI=-43 "Wenba 5G"WPA_PSK
E/WifiTrafficPoller(  823): TRAFFIC_STATS_POLL true Token 73 num clients 19
E/WifiTrafficPoller(  823):  packet count Tx=512631 Rx=969599
E/WifiTrafficPoller(  823): TRAFFIC_STATS_POLL true Token 73 num clients 19
E/WifiTrafficPoller(  823):  packet count Tx=512631 Rx=969612
E/WifiTrafficPoller(  823): TRAFFIC_STATS_POLL true Token 73 num clients 19
E/WifiTrafficPoller(  823):  packet count Tx=512631 Rx=969631
E/WifiStateMachine(  823):  ConnectedState (when=-2ms what=131155 arg1=43!CMD_RSSI_POLL 43 0 "Wenba 5G" 58:66:ba:af:6c:b1 rssi=-44 f=2412 sc=60 link=54 tx=0.2, 0.0, 0.0  rx=40.2 bcn=0 [on:0 tx:0 rx:0 period:2994] from screen [on:0 period:1130252328] gl u24 rssi=-44 ag=0 hr ticks 0,0,0 ls-=0 [56,56,56,56,61] brc=0 lrc=0
E/WifiStateMachine(  823):  L2ConnectedState (when=-7ms what=131155 arg1=43!CMD_RSSI_POLL 43 0 "Wenba 5G" 58:66:ba:af:6c:b1 rssi=-44 f=2412 sc=60 link=54 tx=0.2, 0.0, 0.0  rx=40.2 bcn=0 [on:0 tx:0 rx:0 period:5] from screen [on:0 period:1130252333] gl u24 rssi=-44 ag=0 hr ticks 0,0,0 ls-=0 [56,56,56,56,61] brc=0 lrc=0
E/WifiStateMachine(  823):  get link layer stats 0
D/wpa_supplicant( 1301): wlan0: Control interface command 'SIGNAL_POLL'
E/WifiConfigStore(  823): updateConfiguration freq=2412 BSSID=58:66:ba:af:6c:b1 RSSI=-43 "Wenba 5G"WPA_PSK
E/WifiTrafficPoller(  823): TRAFFIC_STATS_POLL true Token 73 num clients 19
E/WifiTrafficPoller(  823):  packet count Tx=512631 Rx=969634
E/WifiTrafficPoller(  823): TRAFFIC_STATS_POLL true Token 73 num clients 19
E/WifiTrafficPoller(  823):  packet count Tx=512631 Rx=969637
E/WifiTrafficPoller(  823): TRAFFIC_STATS_POLL true Token 73 num clients 19
E/WifiTrafficPoller(  823):  packet count Tx=512631 Rx=969639
E/WifiStateMachine(  823):  ConnectedState (when=-5ms what=131143 arg1=-2 arg2=1742) !CMD_START_SCAN -2 1742 ic=0 proc(ms):20006 dur:2716 cnt=1742 rssi=-44 f=2412 sc=60 link=54 tx=0.1, 0.0, 0.0  rx=38.6 fiv=20000 [on:0 tx:0 rx:0 period:2701] from screen [on:0 period:1130255060]
E/WifiStateMachine(  823):  L2ConnectedState (when=-7ms what=131143 arg1=-2 arg2=1742) !CMD_START_SCAN -2 1742 ic=0 proc(ms):20008 dur:2716 cnt=1742 rssi=-44 f=2412 sc=60 link=54 tx=0.1, 0.0, 0.0  rx=38.6 fiv=20000 [on:0 tx:0 rx:0 period:2] from screen [on:0 period:1130255062]
E/WifiStateMachine(  823): WifiStateMachine CMD_START_SCAN source -2 txSuccessRate=0.08 rxSuccessRate=38.58 targetRoamBSSID=any RSSI=-44
E/WifiStateMachine(  823): startDelayedScan send -> 1743 milli 20000
E/WifiStateMachine(  823): WifiStateMachine CMD_START_SCAN with age=3601682 interval=20000 maxinterval=300000
E/WifiStateMachine(  823): WifiStateMachine CMD_START_SCAN try full band scan age=3601682 interval=20000 maxinterval=300000
E/WifiStateMachine(  823): WifiStateMachine CMD_START_SCAN prevent full band scan due to pkt rate
E/WifiStateMachine(  823): WifiStateMachine CMD_START_SCAN full=false
E/WifiStateMachine(  823):  ConnectedState (when=-2ms what=131155 arg1=43!CMD_RSSI_POLL 43 0 "Wenba 5G" 58:66:ba:af:6c:b1 rssi=-44 f=2412 sc=60 link=54 tx=0.1, 0.0, 0.0  rx=38.6 bcn=0 [on:0 tx:0 rx:0 period:291] from screen [on:0 period:1130255355] gl u24 rssi=-44 ag=0 hr ticks 0,0,0 ls-=0 [56,56,56,56,61] brc=0 lrc=0
E/WifiStateMachine(  823):  L2ConnectedState (when=-4ms what=131155 arg1=43!CMD_RSSI_POLL 43 0 "Wenba 5G" 58:66:ba:af:6c:b1 rssi=-44 f=2412 sc=60 link=54 tx=0.1, 0.0, 0.0  rx=38.6 bcn=0 [on:0 tx:0 rx:0 period:2] from screen [on:0 period:1130255357] gl u24 rssi=-44 ag=0 hr ticks 0,0,0 ls-=0 [56,56,56,56,61] brc=0 lrc=0
E/WifiStateMachine(  823):  get link layer stats 0
D/wpa_supplicant( 1301): wlan0: Control interface command 'SIGNAL_POLL'
E/WifiConfigStore(  823): updateConfiguration freq=2412 BSSID=58:66:ba:af:6c:b1 RSSI=-44 "Wenba 5G"WPA_PSK
E/WifiTrafficPoller(  823): TRAFFIC_STATS_POLL true Token 73 num clients 19
E/WifiTrafficPoller(  823):  packet count Tx=512631 Rx=969650
D/libc-netbsd(23533): [getaddrinfo]: hostname=upgrade.wandoujia.com; servname=(null); cache_mode=(null), netid=0; mark=0
D/libc-netbsd(23533): [getaddrinfo]: ai_addrlen=0; ai_canonname=(null); ai_flags=4; ai_family=0
D/libc-netbsd(23533): [getaddrinfo]: hostname=upgrade.wandoujia.com; servname=(null); cache_mode=(null), netid=0; mark=0
D/libc-netbsd(23533): [getaddrinfo]: ai_addrlen=0; ai_canonname=(null); ai_flags=1024; ai_family=0
D/libc-netbsd(  315): [getaddrinfo]: hostname=upgrade.wandoujia.com; servname=(null); cache_mode=local, netid=100; mark=917604
D/libc-netbsd(  315): [getaddrinfo]: ai_addrlen=0; ai_canonname=(null); ai_flags=1024; ai_family=0
D/libc-netbsd(  315): default dns: query_ipv6=0, query_ipv4=1
D/libc-netbsd(  315): res_queryN name = upgrade.wandoujia.com, class = 1, type = 1
D/libc-netbsd(  315): netid=100, dns0:202.96.209.5
D/libc-netbsd(  315): netid=100, dns1:202.96.209.133
D/libc-netbsd(  315): netid=100, dns2:8.8.8.8
D/libc-netbsd(  315): res_queryN name = upgrade.wandoujia.com succeed
D/libc-netbsd(23533): getaddrinfo: upgrade.wandoujia.com get result from proxy >>
D/libc-netbsd(23533): [getaddrinfo]: hostname=upgrade.wandoujia.com; servname=(null); cache_mode=(null), netid=0; mark=0
D/libc-netbsd(23533): [getaddrinfo]: ai_addrlen=0; ai_canonname=(null); ai_flags=4; ai_family=0
E/NativeCrypto(23533): ssl=0xefc42400 cert_verify_callback x509_store_ctx=0xe0f6d6e0 arg=0x0
E/NativeCrypto(23533): ssl=0xefc42400 cert_verify_callback calling verifyCertificateChain authMethod=ECDHE_RSA
E/WifiTrafficPoller(  823): TRAFFIC_STATS_POLL true Token 73 num clients 19
E/WifiTrafficPoller(  823):  packet count Tx=512645 Rx=969676
E/WifiTrafficPoller(  823): notifying of data activity 3
E/WifiTrafficPoller(  823): TRAFFIC_STATS_POLL true Token 73 num clients 19
E/WifiTrafficPoller(  823):  packet count Tx=512645 Rx=969685
E/WifiTrafficPoller(  823): notifying of data activity 1
E/WifiStateMachine(  823):  ConnectedState (when=-5ms what=131155 arg1=43!CMD_RSSI_POLL 43 0 "Wenba 5G" 58:66:ba:af:6c:b1 rssi=-45 f=2412 sc=60 link=54 tx=0.0, 0.0, 0.0  rx=25.3 bcn=0 [on:0 tx:0 rx:0 period:2996] from screen [on:0 period:1130258380] gl u24 rssi=-45 ag=0 hr ticks 0,0,0 ls-=0 [56,56,56,56,61] brc=0 lrc=0
E/WifiStateMachine(  823):  L2ConnectedState (when=-6ms what=131155 arg1=43!CMD_RSSI_POLL 43 0 "Wenba 5G" 58:66:ba:af:6c:b1 rssi=-45 f=2412 sc=60 link=54 tx=0.0, 0.0, 0.0  rx=25.3 bcn=0 [on:0 tx:0 rx:0 period:1] from screen [on:0 period:1130258381] gl u24 rssi=-45 ag=0 hr ticks 0,0,0 ls-=0 [56,56,56,56,61] brc=0 lrc=0
E/WifiStateMachine(  823):  get link layer stats 0
D/wpa_supplicant( 1301): wlan0: Control interface command 'SIGNAL_POLL'
E/WifiConfigStore(  823): updateConfiguration freq=2412 BSSID=58:66:ba:af:6c:b1 RSSI=-44 "Wenba 5G"WPA_PSK
E/WifiTrafficPoller(  823): TRAFFIC_STATS_POLL true Token 73 num clients 19
E/WifiTrafficPoller(  823):  packet count Tx=512647 Rx=969686
E/WifiTrafficPoller(  823): notifying of data activity 3
E/WifiTrafficPoller(  823): TRAFFIC_STATS_POLL true Token 73 num clients 19
E/WifiTrafficPoller(  823):  packet count Tx=512647 Rx=969699
E/WifiTrafficPoller(  823): notifying of data activity 1
E/MTPROF  (29911): mtprof entry can not be found!
E/MTPROF  (29911): java.io.FileNotFoundException: /proc/mtprof/status: open failed: ENOENT (No such file or directory)
E/MTPROF  (29911): 	at libcore.io.IoBridge.open(IoBridge.java:496)
E/MTPROF  (29911): 	at java.io.FileInputStream.<init>(FileInputStream.java:76)
E/MTPROF  (29911): 	at java.io.FileInputStream.<init>(FileInputStream.java:103)
E/MTPROF  (29911): 	at android.app.ActivityThread.attach(ActivityThread.java:5464)
E/MTPROF  (29911): 	at android.app.ActivityThread.main(ActivityThread.java:5666)
E/MTPROF  (29911): 	at java.lang.reflect.Method.invoke(Native Method)
E/MTPROF  (29911): 	at java.lang.reflect.Method.invoke(Method.java:372)
E/MTPROF  (29911): 	at com.android.internal.os.ZygoteInit$MethodAndArgsCaller.run(ZygoteInit.java:959)
E/MTPROF  (29911): 	at com.android.internal.os.ZygoteInit.main(ZygoteInit.java:754)
E/MTPROF  (29911): Caused by: android.system.ErrnoException: open failed: ENOENT (No such file or directory)
E/MTPROF  (29911): 	at libcore.io.Posix.open(Native Method)
E/MTPROF  (29911): 	at libcore.io.BlockGuardOs.open(BlockGuardOs.java:186)
E/MTPROF  (29911): 	at libcore.io.IoBridge.open(IoBridge.java:482)
E/MTPROF  (29911): 	... 8 more
E/WifiTrafficPoller(  823): TRAFFIC_STATS_POLL true Token 73 num clients 19
E/WifiTrafficPoller(  823):  packet count Tx=512649 Rx=969719
E/WifiTrafficPoller(  823): notifying of data activity 3
E/WifiStateMachine(  823):  ConnectedState (when=-5ms what=131155 arg1=43!CMD_RSSI_POLL 43 0 "Wenba 5G" 58:66:ba:af:6c:b1 rssi=-45 f=2412 sc=60 link=54 tx=7.0, 0.0, 0.0  rx=33.1 bcn=0 [on:0 tx:0 rx:0 period:3004] from screen [on:0 period:1130261407] gl u24 rssi=-45 ag=0 hr ticks 0,0,0 ls-=0 [56,56,60,60,65] brc=0 lrc=0
E/WifiStateMachine(  823):  L2ConnectedState (when=-8ms what=131155 arg1=43!CMD_RSSI_POLL 43 0 "Wenba 5G" 58:66:ba:af:6c:b1 rssi=-45 f=2412 sc=60 link=54 tx=7.0, 0.0, 0.0  rx=33.1 bcn=0 [on:0 tx:0 rx:0 period:3] from screen [on:0 period:1130261410] gl u24 rssi=-45 ag=0 hr ticks 0,0,0 ls-=0 [56,56,60,60,65] brc=0 lrc=0
E/WifiStateMachine(  823):  get link layer stats 0
