D/wpa_supplicant( 1301): wlan0: Control interface command 'SIGNAL_POLL'
E/WifiConfigStore(  823): updateConfiguration freq=2412 BSSID=58:66:ba:af:6c:b1 RSSI=-44 "Wenba 5G"WPA_PSK
E/WifiTrafficPoller(  823): TRAFFIC_STATS_POLL true Token 73 num clients 19
E/WifiTrafficPoller(  823):  packet count Tx=512649 Rx=969735
E/WifiTrafficPoller(  823): notifying of data activity 1
E/WifiTrafficPoller(  823): TRAFFIC_STATS_POLL true Token 73 num clients 19
E/WifiTrafficPoller(  823):  packet count Tx=512649 Rx=969759
E/WifiTrafficPoller(  823): TRAFFIC_STATS_POLL true Token 73 num clients 19
E/WifiTrafficPoller(  823):  packet count Tx=512649 Rx=969767
E/WifiStateMachine(  823):  ConnectedState (when=-5ms what=131155 arg1=43!CMD_RSSI_POLL 43 0 "Wenba 5G" 58:66:ba:af:6c:b1 rssi=-44 f=2412 sc=60 link=54 tx=5.5, 0.0, 0.0  rx=39.1 bcn=0 [on:0 tx:0 rx:0 period:2998] from screen [on:0 period:1130264422] gl u24 rssi=-44 ag=0 hr ticks 0,0,0 ls-=0 [56,56,60,60,65] brc=0 lrc=0
E/WifiStateMachine(  823):  L2ConnectedState (when=-8ms what=131155 arg1=43!CMD_RSSI_POLL 43 0 "Wenba 5G" 58:66:ba:af:6c:b1 rssi=-44 f=2412 sc=60 link=54 tx=5.5, 0.0, 0.0  rx=39.1 bcn=0 [on:0 tx:0 rx:0 period:3] from screen [on:0 period:1130264425] gl u24 rssi=-44 ag=0 hr ticks 0,0,0 ls-=0 [56,56,60,60,65] brc=0 lrc=0
E/WifiStateMachine(  823):  get link layer stats 0
D/wpa_supplicant( 1301): wlan0: Control interface command 'SIGNAL_POLL'
E/WifiConfigStore(  823): updateConfiguration freq=2412 BSSID=58:66:ba:af:6c:b1 RSSI=-44 "Wenba 5G"WPA_PSK
E/WifiTrafficPoller(  823): TRAFFIC_STATS_POLL true Token 73 num clients 19
E/WifiTrafficPoller(  823):  packet count Tx=512649 Rx=969776
E/WifiTrafficPoller(  823): TRAFFIC_STATS_POLL true Token 73 num clients 19
E/WifiTrafficPoller(  823):  packet count Tx=512649 Rx=969779
E/WifiTrafficPoller(  823): TRAFFIC_STATS_POLL true Token 73 num clients 19
E/WifiTrafficPoller(  823):  packet count Tx=512649 Rx=969793
D/PermissionHistoryHelper(  823): getInteractionTime() userId: 0 timeBound(ns): 20000
D/PermissionHistoryHelper(  823): getInteractionTime() currentTime: 69506065 searchTime: 69486065
E/WifiStateMachine(  823):  ConnectedState (when=-5ms what=131155 arg1=43!CMD_RSSI_POLL 43 0 "Wenba 5G" 58:66:ba:af:6c:b1 rssi=-44 f=2412 sc=60 link=54 tx=2.8, 0.0, 0.0  rx=38.0 bcn=0 [on:0 tx:0 rx:0 period:2999] from screen [on:0 period:1130267451] gl u24 rssi=-44 ag=0 hr ticks 0,0,0 ls-=0 [56,56,56,56,61] brc=0 lrc=0
E/WifiStateMachine(  823):  L2ConnectedState (when=-8ms what=131155 arg1=43!CMD_RSSI_POLL 43 0 "Wenba 5G" 58:66:ba:af:6c:b1 rssi=-44 f=2412 sc=60 link=54 tx=2.8, 0.0, 0.0  rx=38.0 bcn=0 [on:0 tx:0 rx:0 period:2] from screen [on:0 period:1130267453] gl u24 rssi=-44 ag=0 hr ticks 0,0,0 ls-=0 [56,56,56,56,61] brc=0 lrc=0
E/WifiStateMachine(  823):  get link layer stats 0
D/wpa_supplicant( 1301): wlan0: Control interface command 'SIGNAL_POLL'
E/WifiConfigStore(  823): updateConfiguration freq=2412 BSSID=58:66:ba:af:6c:b1 RSSI=-44 "Wenba 5G"WPA_PSK
E/WifiTrafficPoller(  823): TRAFFIC_STATS_POLL true Token 73 num clients 19
E/WifiTrafficPoller(  823):  packet count Tx=512649 Rx=969801
E/WifiTrafficPoller(  823): TRAFFIC_STATS_POLL true Token 73 num clients 19
E/WifiTrafficPoller(  823):  packet count Tx=512649 Rx=969809
E/WifiTrafficPoller(  823): TRAFFIC_STATS_POLL true Token 73 num clients 19
E/WifiTrafficPoller(  823):  packet count Tx=512649 Rx=969815
E/WifiStateMachine(  823):  ConnectedState (when=-5ms what=131155 arg1=43!CMD_RSSI_POLL 43 0 "Wenba 5G" 58:66:ba:af:6c:b1 rssi=-44 f=2412 sc=60 link=54 tx=1.4, 0.0, 0.0  rx=34.0 bcn=0 [on:0 tx:0 rx:0 period:2999] from screen [on:0 period:1130270481] gl u24 rssi=-44 ag=0 hr ticks 0,0,0 ls-=0 [56,56,56,56,61] brc=0 lrc=0
E/WifiStateMachine(  823):  L2ConnectedState (when=-7ms what=131155 arg1=43!CMD_RSSI_POLL 43 0 "Wenba 5G" 58:66:ba:af:6c:b1 rssi=-44 f=2412 sc=60 link=54 tx=1.4, 0.0, 0.0  rx=34.0 bcn=0 [on:0 tx:0 rx:0 period:2] from screen [on:0 period:1130270483] gl u24 rssi=-44 ag=0 hr ticks 0,0,0 ls-=0 [56,56,56,56,61] brc=0 lrc=0
E/WifiStateMachine(  823):  get link layer stats 0
D/wpa_supplicant( 1301): wlan0: Control interface command 'SIGNAL_POLL'
E/WifiConfigStore(  823): updateConfiguration freq=2412 BSSID=58:66:ba:af:6c:b1 RSSI=-44 "Wenba 5G"WPA_PSK
E/WifiTrafficPoller(  823): TRAFFIC_STATS_POLL true Token 73 num clients 19
E/WifiTrafficPoller(  823):  packet count Tx=512649 Rx=969821
E/WifiTrafficPoller(  823): TRAFFIC_STATS_POLL true Token 73 num clients 19
E/WifiTrafficPoller(  823):  packet count Tx=512649 Rx=969832
E/WifiTrafficPoller(  823): TRAFFIC_STATS_POLL true Token 73 num clients 19
E/WifiTrafficPoller(  823):  packet count Tx=512649 Rx=969846
E/WifiStateMachine(  823):  ConnectedState (when=-5ms what=131155 arg1=43!CMD_RSSI_POLL 43 0 "Wenba 5G" 58:66:ba:af:6c:b1 rssi=-44 f=2412 sc=60 link=54 tx=0.7, 0.0, 0.0  rx=26.0 bcn=0 [on:0 tx:0 rx:0 period:3000] from screen [on:0 period:1130273511] gl u24 rssi=-44 ag=0 hr ticks 0,0,0 ls-=0 [56,56,56,56,61] brc=0 lrc=0
E/WifiStateMachine(  823):  L2ConnectedState (when=-8ms what=131155 arg1=43!CMD_RSSI_POLL 43 0 "Wenba 5G" 58:66:ba:af:6c:b1 rssi=-44 f=2412 sc=60 link=54 tx=0.7, 0.0, 0.0  rx=26.0 bcn=0 [on:0 tx:0 rx:0 period:2] from screen [on:0 period:1130273513] gl u24 rssi=-44 ag=0 hr ticks 0,0,0 ls-=0 [56,56,56,56,61] brc=0 lrc=0
E/WifiStateMachine(  823):  get link layer stats 0
D/wpa_supplicant( 1301): wlan0: Control interface command 'SIGNAL_POLL'
E/WifiConfigStore(  823): updateConfiguration freq=2412 BSSID=58:66:ba:af:6c:b1 RSSI=-47 "Wenba 5G"WPA_PSK
E/WifiTrafficPoller(  823): TRAFFIC_STATS_POLL true Token 73 num clients 19
E/WifiTrafficPoller(  823):  packet count Tx=512649 Rx=969855
E/WifiTrafficPoller(  823): TRAFFIC_STATS_POLL true Token 73 num clients 19
E/WifiTrafficPoller(  823):  packet count Tx=512649 Rx=969866
E/WifiStateMachine(  823):  ConnectedState (when=-3ms what=131143 arg1=-2 arg2=1743) !CMD_START_SCAN -2 1743 ic=0 proc(ms):20003 dur:2716 cnt=1743 rssi=-50 f=2412 sc=60 link=54 tx=0.3, 0.0, 0.0  rx=31.5 fiv=20000 [on:0 tx:0 rx:0 period:1525] from screen [on:0 period:1130275067]
E/WifiStateMachine(  823):  L2ConnectedState (when=-5ms what=131143 arg1=-2 arg2=1743) !CMD_START_SCAN -2 1743 ic=0 proc(ms):20005 dur:2716 cnt=1743 rssi=-50 f=2412 sc=60 link=54 tx=0.3, 0.0, 0.0  rx=31.5 fiv=20000 [on:0 tx:0 rx:0 period:2] from screen [on:0 period:1130275069]
E/WifiStateMachine(  823): WifiStateMachine CMD_START_SCAN source -2 txSuccessRate=0.34 rxSuccessRate=31.50 targetRoamBSSID=any RSSI=-50
E/WifiStateMachine(  823): startDelayedScan send -> 1744 milli 20000
E/WifiStateMachine(  823): WifiStateMachine CMD_START_SCAN with age=3621689 interval=20000 maxinterval=300000
E/WifiStateMachine(  823): WifiStateMachine CMD_START_SCAN try full band scan age=3621689 interval=20000 maxinterval=300000
E/WifiStateMachine(  823): WifiStateMachine CMD_START_SCAN prevent full band scan due to pkt rate
E/WifiStateMachine(  823): WifiStateMachine CMD_START_SCAN full=false
E/WifiTrafficPoller(  823): TRAFFIC_STATS_POLL true Token 73 num clients 19
E/WifiTrafficPoller(  823):  packet count Tx=512649 Rx=969884
E/WifiStateMachine(  823):  ConnectedState (when=-3ms what=131155 arg1=43!CMD_RSSI_POLL 43 0 "Wenba 5G" 58:66:ba:af:6c:b1 rssi=-50 f=2412 sc=60 link=54 tx=0.3, 0.0, 0.0  rx=31.5 bcn=0 [on:0 tx:0 rx:0 period:1468] from screen [on:0 period:1130276539] gl u24 rssi=-50 ag=0 hr ticks 0,0,0 ls-=0 [56,56,56,56,61] brc=0 lrc=0
E/WifiStateMachine(  823):  L2ConnectedState (when=-5ms what=131155 arg1=43!CMD_RSSI_POLL 43 0 "Wenba 5G" 58:66:ba:af:6c:b1 rssi=-50 f=2412 sc=60 link=54 tx=0.3, 0.0, 0.0  rx=31.5 bcn=0 [on:0 tx:0 rx:0 period:2] from screen [on:0 period:1130276541] gl u24 rssi=-50 ag=0 hr ticks 0,0,0 ls-=0 [56,56,56,56,61] brc=0 lrc=0
E/WifiStateMachine(  823):  get link layer stats 0
D/wpa_supplicant( 1301): wlan0: Control interface command 'SIGNAL_POLL'
E/WifiConfigStore(  823): updateConfiguration freq=2412 BSSID=58:66:ba:af:6c:b1 RSSI=-48 "Wenba 5G"WPA_PSK
E/WifiTrafficPoller(  823): TRAFFIC_STATS_POLL true Token 73 num clients 19
E/WifiTrafficPoller(  823):  packet count Tx=512649 Rx=969887
E/WifiTrafficPoller(  823): TRAFFIC_STATS_POLL true Token 73 num clients 19
E/WifiTrafficPoller(  823):  packet count Tx=512649 Rx=969891
E/WifiTrafficPoller(  823): TRAFFIC_STATS_POLL true Token 73 num clients 19
E/WifiTrafficPoller(  823):  packet count Tx=512649 Rx=969894
E/WifiStateMachine(  823):  ConnectedState (when=-4ms what=131155 arg1=43!CMD_RSSI_POLL 43 0 "Wenba 5G" 58:66:ba:af:6c:b1 rssi=-50 f=2412 sc=60 link=54 tx=0.2, 0.0, 0.0  rx=32.3 bcn=0 [on:0 tx:0 rx:0 period:2997] from screen [on:0 period:1130279552] gl u24 rssi=-50 ag=0 hr ticks 0,0,0 ls-=0 [56,56,56,56,61] brc=0 lrc=0
E/WifiStateMachine(  823):  L2ConnectedState (when=-6ms what=131155 arg1=43!CMD_RSSI_POLL 43 0 "Wenba 5G" 58:66:ba:af:6c:b1 rssi=-50 f=2412 sc=60 link=54 tx=0.2, 0.0, 0.0  rx=32.3 bcn=0 [on:0 tx:0 rx:0 period:2] from screen [on:0 period:1130279554] gl u24 rssi=-50 ag=0 hr ticks 0,0,0 ls-=0 [56,56,56,56,61] brc=0 lrc=0
E/WifiStateMachine(  823):  get link layer stats 0
D/wpa_supplicant( 1301): wlan0: Control interface command 'SIGNAL_POLL'
E/WifiConfigStore(  823): updateConfiguration freq=2412 BSSID=58:66:ba:af:6c:b1 RSSI=-45 "Wenba 5G"WPA_PSK
E/WifiTrafficPoller(  823): TRAFFIC_STATS_POLL true Token 73 num clients 19
E/WifiTrafficPoller(  823):  packet count Tx=512649 Rx=969903
E/WifiTrafficPoller(  823): TRAFFIC_STATS_POLL true Token 73 num clients 19
E/WifiTrafficPoller(  823):  packet count Tx=512649 Rx=969918
E/WifiTrafficPoller(  823): TRAFFIC_STATS_POLL true Token 73 num clients 19
E/WifiTrafficPoller(  823):  packet count Tx=512649 Rx=969920
E/WifiStateMachine(  823):  ConnectedState (when=-5ms what=131155 arg1=43!CMD_RSSI_POLL 43 0 "Wenba 5G" 58:66:ba:af:6c:b1 rssi=-44 f=2412 sc=60 link=54 tx=0.1, 0.0, 0.0  rx=22.6 bcn=0 [on:0 tx:0 rx:0 period:2999] from screen [on:0 period:1130282581] gl u24 rssi=-44 ag=0 hr ticks 0,0,0 ls-=0 [56,56,56,56,61] brc=0 lrc=0
E/WifiStateMachine(  823):  L2ConnectedState (when=-7ms what=131155 arg1=43!CMD_RSSI_POLL 43 0 "Wenba 5G" 58:66:ba:af:6c:b1 rssi=-44 f=2412 sc=60 link=54 tx=0.1, 0.0, 0.0  rx=22.6 bcn=0 [on:0 tx:0 rx:0 period:2] from screen [on:0 period:1130282583] gl u24 rssi=-44 ag=0 hr ticks 0,0,0 ls-=0 [56,56,56,56,61] brc=0 lrc=0
E/WifiStateMachine(  823):  get link layer stats 0
D/wpa_supplicant( 1301): wlan0: Control interface command 'SIGNAL_POLL'
E/WifiConfigStore(  823): updateConfiguration freq=2412 BSSID=58:66:ba:af:6c:b1 RSSI=-44 "Wenba 5G"WPA_PSK
E/WifiTrafficPoller(  823): TRAFFIC_STATS_POLL true Token 73 num clients 19
E/WifiTrafficPoller(  823):  packet count Tx=512649 Rx=969936
E/WifiTrafficPoller(  823): TRAFFIC_STATS_POLL true Token 73 num clients 19
E/WifiTrafficPoller(  823):  packet count Tx=512649 Rx=969943
E/WifiTrafficPoller(  823): TRAFFIC_STATS_POLL true Token 73 num clients 19
E/WifiTrafficPoller(  823):  packet count Tx=512649 Rx=969971
E/WifiStateMachine(  823):  ConnectedState (when=-2ms what=131155 arg1=43!CMD_RSSI_POLL 43 0 "Wenba 5G" 58:66:ba:af:6c:b1 rssi=-44 f=2412 sc=60 link=54 tx=0.0, 0.0, 0.0  rx=29.8 bcn=0 [on:0 tx:0 rx:0 period:2995] from screen [on:0 period:1130285592] gl u24 rssi=-44 ag=0 hr ticks 0,0,0 ls-=0 [56,56,56,56,61] brc=0 lrc=0
E/WifiStateMachine(  823):  L2ConnectedState (when=-4ms what=131155 arg1=43!CMD_RSSI_POLL 43 0 "Wenba 5G" 58:66:ba:af:6c:b1 rssi=-44 f=2412 sc=60 link=54 tx=0.0, 0.0, 0.0  rx=29.8 bcn=0 [on:0 tx:0 rx:0 period:2] from screen [on:0 period:1130285594] gl u24 rssi=-44 ag=0 hr ticks 0,0,0 ls-=0 [56,56,56,56,61] brc=0 lrc=0
E/WifiStateMachine(  823):  get link layer stats 0
D/wpa_supplicant( 1301): wlan0: Control interface command 'SIGNAL_POLL'
E/WifiConfigStore(  823): updateConfiguration freq=2412 BSSID=58:66:ba:af:6c:b1 RSSI=-43 "Wenba 5G"WPA_PSK
E/WifiTrafficPoller(  823): TRAFFIC_STATS_POLL true Token 73 num clients 19
E/WifiTrafficPoller(  823):  packet count Tx=512649 Rx=969975
D/PermissionHistoryHelper(  823): getInteractionTime() userId: 0 timeBound(ns): 20000
D/PermissionHistoryHelper(  823): getInteractionTime() currentTime: 69524997 searchTime: 69504997
E/WifiTrafficPoller(  823): TRAFFIC_STATS_POLL true Token 73 num clients 19
E/WifiTrafficPoller(  823):  packet count Tx=512652 Rx=969983
E/WifiTrafficPoller(  823): notifying of data activity 3
E/WifiTrafficPoller(  823): TRAFFIC_STATS_POLL true Token 73 num clients 19
E/WifiTrafficPoller(  823):  packet count Tx=512656 Rx=969991
E/WifiStateMachine(  823):  ConnectedState (when=-6ms what=131155 arg1=43!CMD_RSSI_POLL 43 0 "Wenba 5G" 58:66:ba:af:6c:b1 rssi=-43 f=2412 sc=60 link=54 tx=0.0, 0.0, 0.0  rx=33.9 bcn=0 [on:0 tx:0 rx:0 period:2998] from screen [on:0 period:1130288622] gl u24 rssi=-43 ag=0 hr ticks 0,0,0 ls-=0 [56,56,56,56,61] brc=0 lrc=0
E/WifiStateMachine(  823):  L2ConnectedState (when=-9ms what=131155 arg1=43!CMD_RSSI_POLL 43 0 "Wenba 5G" 58:66:ba:af:6c:b1 rssi=-43 f=2412 sc=60 link=54 tx=0.0, 0.0, 0.0  rx=33.9 bcn=0 [on:0 tx:0 rx:0 period:3] from screen [on:0 period:1130288625] gl u24 rssi=-43 ag=0 hr ticks 0,0,0 ls-=0 [56,56,56,56,61] brc=0 lrc=0
E/WifiStateMachine(  823):  get link layer stats 0
D/wpa_supplicant( 1301): wlan0: Control interface command 'SIGNAL_POLL'
E/WifiConfigStore(  823): updateConfiguration freq=2412 BSSID=58:66:ba:af:6c:b1 RSSI=-43 "Wenba 5G"WPA_PSK
E/WifiTrafficPoller(  823): TRAFFIC_STATS_POLL true Token 73 num clients 19
E/WifiTrafficPoller(  823):  packet count Tx=512656 Rx=970008
E/WifiTrafficPoller(  823): notifying of data activity 1
E/WifiTrafficPoller(  823): TRAFFIC_STATS_POLL true Token 73 num clients 19
E/WifiTrafficPoller(  823):  packet count Tx=512656 Rx=970010
E/WifiTrafficPoller(  823): TRAFFIC_STATS_POLL true Token 73 num clients 19
E/WifiTrafficPoller(  823):  packet count Tx=512658 Rx=970024
E/WifiTrafficPoller(  823): notifying of data activity 3
E/WifiStateMachine(  823):  ConnectedState (when=-5ms what=131155 arg1=43!CMD_RSSI_POLL 43 0 "Wenba 5G" 58:66:ba:af:6c:b1 rssi=-43 f=2412 sc=60 link=54 tx=3.5, 0.0, 0.0  rx=28.5 bcn=0 [on:0 tx:0 rx:0 period:3000] from screen [on:0 period:1130291639] gl u24 rssi=-43 ag=0 hr ticks 0,0,0 ls-=0 [56,56,56,56,61] brc=0 lrc=0
E/WifiStateMachine(  823):  L2ConnectedState (when=-8ms what=131155 arg1=43!CMD_RSSI_POLL 43 0 "Wenba 5G" 58:66:ba:af:6c:b1 rssi=-43 f=2412 sc=60 link=54 tx=3.5, 0.0, 0.0  rx=28.5 bcn=0 [on:0 tx:0 rx:0 period:2] from screen [on:0 period:1130291641] gl u24 rssi=-43 ag=0 hr ticks 0,0,0 ls-=0 [56,56,56,56,61] brc=0 lrc=0
E/WifiStateMachine(  823):  get link layer stats 0
D/wpa_supplicant( 1301): wlan0: Control interface command 'SIGNAL_POLL'
E/WifiConfigStore(  823): updateConfiguration freq=2412 BSSID=58:66:ba:af:6c:b1 RSSI=-42 "Wenba 5G"WPA_PSK
E/WifiTrafficPoller(  823): TRAFFIC_STATS_POLL true Token 73 num clients 19
E/WifiTrafficPoller(  823):  packet count Tx=512658 Rx=970039
E/WifiTrafficPoller(  823): notifying of data activity 1
E/WifiTrafficPoller(  823): TRAFFIC_STATS_POLL true Token 73 num clients 19
E/WifiTrafficPoller(  823):  packet count Tx=512658 Rx=970062
E/WifiTrafficPoller(  823): TRAFFIC_STATS_POLL true Token 73 num clients 19
E/WifiTrafficPoller(  823):  packet count Tx=512658 Rx=970082
E/WifiStateMachine(  823):  ConnectedState (when=-5ms what=131155 arg1=43!CMD_RSSI_POLL 43 0 "Wenba 5G" 58:66:ba:af:6c:b1 rssi=-42 f=2412 sc=60 link=54 tx=2.8, 0.0, 0.0  rx=29.7 bcn=0 [on:0 tx:0 rx:0 period:2997] from screen [on:0 period:1130294671] gl u24 rssi=-42 ag=0 hr ticks 0,0,0 ls-=0 [56,56,56,56,61] brc=0 lrc=0
E/WifiStateMachine(  823):  L2ConnectedState (when=-8ms what=131155 arg1=43!CMD_RSSI_POLL 43 0 "Wenba 5G" 58:66:ba:af:6c:b1 rssi=-42 f=2412 sc=60 link=54 tx=2.8, 0.0, 0.0  rx=29.7 bcn=0 [on:0 tx:0 rx:0 period:3] from screen [on:0 period:1130294674] gl u24 rssi=-42 ag=0 hr ticks 0,0,0 ls-=0 [56,56,56,56,61] brc=0 lrc=0
E/WifiStateMachine(  823):  get link layer stats 0
D/wpa_supplicant( 1301): wlan0: Control interface command 'SIGNAL_POLL'
E/WifiConfigStore(  823): updateConfiguration freq=2412 BSSID=58:66:ba:af:6c:b1 RSSI=-42 "Wenba 5G"WPA_PSK
E/WifiStateMachine(  823):  ConnectedState (when=-2ms what=131143 arg1=-2 arg2=1744) !CMD_START_SCAN -2 1744 ic=0 proc(ms):20002 dur:2716 cnt=1744 rssi=-42 f=2412 sc=60 link=54 tx=1.4, 0.0, 0.0  rx=44.4 fiv=20000 [on:0 tx:0 rx:0 period:375] from screen [on:0 period:1130295073]
E/WifiStateMachine(  823):  L2ConnectedState (when=-4ms what=131143 arg1=-2 arg2=1744) !CMD_START_SCAN -2 1744 ic=0 proc(ms):20004 dur:2716 cnt=1744 rssi=-42 f=2412 sc=60 link=54 tx=1.4, 0.0, 0.0  rx=44.4 fiv=20000 [on:0 tx:0 rx:0 period:2] from screen [on:0 period:1130295075]
E/WifiStateMachine(  823): WifiStateMachine CMD_START_SCAN source -2 txSuccessRate=1.38 rxSuccessRate=44.36 targetRoamBSSID=any RSSI=-42
E/WifiStateMachine(  823): startDelayedScan send -> 1745 milli 20000
E/WifiStateMachine(  823): WifiStateMachine CMD_START_SCAN with age=3641694 interval=20000 maxinterval=300000
E/WifiStateMachine(  823): WifiStateMachine CMD_START_SCAN try full band scan age=3641694 interval=20000 maxinterval=300000
E/WifiStateMachine(  823): WifiStateMachine CMD_START_SCAN prevent full band scan due to pkt rate
E/WifiStateMachine(  823): WifiStateMachine CMD_START_SCAN full=false
E/WifiTrafficPoller(  823): TRAFFIC_STATS_POLL true Token 73 num clients 19
E/WifiTrafficPoller(  823):  packet count Tx=512658 Rx=970088
E/WifiTrafficPoller(  823): TRAFFIC_STATS_POLL true Token 73 num clients 19
E/WifiTrafficPoller(  823):  packet count Tx=512658 Rx=970099
E/WifiTrafficPoller(  823): TRAFFIC_STATS_POLL true Token 73 num clients 19
E/WifiTrafficPoller(  823):  packet count Tx=512658 Rx=970115
E/WifiStateMachine(  823):  ConnectedState (when=-4ms what=131155 arg1=43!CMD_RSSI_POLL 43 0 "Wenba 5G" 58:66:ba:af:6c:b1 rssi=-42 f=2412 sc=60 link=54 tx=1.4, 0.0, 0.0  rx=44.4 bcn=0 [on:0 tx:0 rx:0 period:2621] from screen [on:0 period:1130297698] gl u24 rssi=-42 ag=0 hr ticks 0,0,0 ls-=0 [56,56,56,56,61] brc=0 lrc=0
E/WifiStateMachine(  823):  L2ConnectedState (when=-6ms what=131155 arg1=43!CMD_RSSI_POLL 43 0 "Wenba 5G" 58:66:ba:af:6c:b1 rssi=-42 f=2412 sc=60 link=54 tx=1.4, 0.0, 0.0  rx=44.4 bcn=0 [on:0 tx:0 rx:0 period:2] from screen [on:0 period:1130297700] gl u24 rssi=-42 ag=0 hr ticks 0,0,0 ls-=0 [56,56,56,56,61] brc=0 lrc=0
E/WifiStateMachine(  823):  get link layer stats 0
D/wpa_supplicant( 1301): wlan0: Control interface command 'SIGNAL_POLL'
E/WifiConfigStore(  823): updateConfiguration freq=2412 BSSID=58:66:ba:af:6c:b1 RSSI=-41 "Wenba 5G"WPA_PSK
E/WifiTrafficPoller(  823): TRAFFIC_STATS_POLL true Token 73 num clients 19
E/WifiTrafficPoller(  823):  packet count Tx=512658 Rx=970121
E/WifiTrafficPoller(  823): TRAFFIC_STATS_POLL true Token 73 num clients 19
E/WifiTrafficPoller(  823):  packet count Tx=512658 Rx=970126
E/WifiTrafficPoller(  823): TRAFFIC_STATS_POLL true Token 73 num clients 19
E/WifiTrafficPoller(  823):  packet count Tx=512658 Rx=970145
E/WifiStateMachine(  823):  ConnectedState (when=-3ms what=131155 arg1=43!CMD_RSSI_POLL 43 0 "Wenba 5G" 58:66:ba:af:6c:b1 rssi=-41 f=2412 sc=60 link=54 tx=0.7, 0.0, 0.0  rx=39.7 bcn=0 [on:0 tx:0 rx:0 period:2997] from screen [on:0 period:1130300730] gl u24 rssi=-41 ag=0 hr ticks 0,0,0 ls-=0 [56,56,56,56,61] brc=0 lrc=0
E/WifiStateMachine(  823):  L2ConnectedState (when=-6ms what=131155 arg1=43!CMD_RSSI_POLL 43 0 "Wenba 5G" 58:66:ba:af:6c:b1 rssi=-41 f=2412 sc=60 link=54 tx=0.7, 0.0, 0.0  rx=39.7 bcn=0 [on:0 tx:0 rx:0 period:3] from screen [on:0 period:1130300733] gl u24 rssi=-41 ag=0 hr ticks 0,0,0 ls-=0 [56,56,56,56,61] brc=0 lrc=0
E/WifiStateMachine(  823):  get link layer stats 0
D/wpa_supplicant( 1301): wlan0: Control interface command 'SIGNAL_POLL'
E/WifiConfigStore(  823): updateConfiguration freq=2412 BSSID=58:66:ba:af:6c:b1 RSSI=-41 "Wenba 5G"WPA_PSK
E/WifiTrafficPoller(  823): TRAFFIC_STATS_POLL true Token 73 num clients 19
E/WifiTrafficPoller(  823):  packet count Tx=512658 Rx=970155
E/WifiTrafficPoller(  823): TRAFFIC_STATS_POLL true Token 73 num clients 19
E/WifiTrafficPoller(  823):  packet count Tx=512658 Rx=970157
E/WifiTrafficPoller(  823): TRAFFIC_STATS_POLL true Token 73 num clients 19
E/WifiTrafficPoller(  823):  packet count Tx=512658 Rx=970180
E/WifiStateMachine(  823):  ConnectedState (when=-2ms what=131155 arg1=43!CMD_RSSI_POLL 43 0 "Wenba 5G" 58:66:ba:af:6c:b1 rssi=-41 f=2412 sc=60 link=54 tx=0.3, 0.0, 0.0  rx=32.3 bcn=0 [on:0 tx:0 rx:0 period:2997] from screen [on:0 period:1130303758] gl u24 rssi=-41 ag=0 hr ticks 0,0,0 ls-=0 [56,56,56,56,61] brc=0 lrc=0
E/WifiStateMachine(  823):  L2ConnectedState (when=-5ms what=131155 arg1=43!CMD_RSSI_POLL 43 0 "Wenba 5G" 58:66:ba:af:6c:b1 rssi=-41 f=2412 sc=60 link=54 tx=0.3, 0.0, 0.0  rx=32.3 bcn=0 [on:0 tx:0 rx:0 period:2] from screen [on:0 period:1130303760] gl u24 rssi=-41 ag=0 hr ticks 0,0,0 ls-=0 [56,56,56,56,61] brc=0 lrc=0
E/WifiStateMachine(  823):  get link layer stats 0
D/wpa_supplicant( 1301): wlan0: Control interface command 'SIGNAL_POLL'
E/WifiConfigStore(  823): updateConfiguration freq=2412 BSSID=58:66:ba:af:6c:b1 RSSI=-42 "Wenba 5G"WPA_PSK
E/WifiTrafficPoller(  823): TRAFFIC_STATS_POLL true Token 73 num clients 19
E/WifiTrafficPoller(  823):  packet count Tx=512660 Rx=970184
E/WifiTrafficPoller(  823): notifying of data activity 3
E/WifiTrafficPoller(  823): TRAFFIC_STATS_POLL true Token 73 num clients 19
E/WifiTrafficPoller(  823):  packet count Tx=512660 Rx=970201
E/WifiTrafficPoller(  823): notifying of data activity 1
D/PermissionHistoryHelper(  823): getInteractionTime() userId: 0 timeBound(ns): 20000
D/PermissionHistoryHelper(  823): getInteractionTime() currentTime: 69544006 searchTime: 69524006
E/WifiTrafficPoller(  823): TRAFFIC_STATS_POLL true Token 73 num clients 19
E/WifiTrafficPoller(  823):  packet count Tx=512660 Rx=970206
E/WifiStateMachine(  823):  ConnectedState (when=-5ms what=131155 arg1=43!CMD_RSSI_POLL 43 0 "Wenba 5G" 58:66:ba:af:6c:b1 rssi=-44 f=2412 sc=60 link=54 tx=0.2, 0.0, 0.0  rx=34.2 bcn=0 [on:0 tx:0 rx:0 period:2997] from screen [on:0 period:1130306800] gl u24 rssi=-44 ag=0 hr ticks 0,0,0 ls-=0 [56,56,56,56,61] brc=0 lrc=0
E/WifiStateMachine(  823):  L2ConnectedState (when=-8ms what=131155 arg1=43!CMD_RSSI_POLL 43 0 "Wenba 5G" 58:66:ba:af:6c:b1 rssi=-44 f=2412 sc=60 link=54 tx=0.2, 0.0, 0.0  rx=34.2 bcn=0 [on:0 tx:0 rx:0 period:2] from screen [on:0 period:1130306802] gl u24 rssi=-44 ag=0 hr ticks 0,0,0 ls-=0 [56,56,56,56,61] brc=0 lrc=0
E/WifiStateMachine(  823):  get link layer stats 0
D/wpa_supplicant( 1301): wlan0: Control interface command 'SIGNAL_POLL'
E/WifiConfigStore(  823): updateConfiguration freq=2412 BSSID=58:66:ba:af:6c:b1 RSSI=-43 "Wenba 5G"WPA_PSK
E/WifiTrafficPoller(  823): TRAFFIC_STATS_POLL true Token 73 num clients 19
E/WifiTrafficPoller(  823):  packet count Tx=512660 Rx=970210
E/WifiTrafficPoller(  823): TRAFFIC_STATS_POLL true Token 73 num clients 19
E/WifiTrafficPoller(  823):  packet count Tx=512660 Rx=970223
E/WifiTrafficPoller(  823): TRAFFIC_STATS_POLL true Token 73 num clients 19
E/WifiTrafficPoller(  823):  packet count Tx=512660 Rx=970238
E/WifiStateMachine(  823):  ConnectedState (when=-4ms what=131155 arg1=43!CMD_RSSI_POLL 43 0 "Wenba 5G" 58:66:ba:af:6c:b1 rssi=-44 f=2412 sc=60 link=54 tx=1.1, 0.0, 0.0  rx=29.1 bcn=0 [on:0 tx:0 rx:0 period:3001] from screen [on:0 period:1130309832] gl u24 rssi=-44 ag=0 hr ticks 0,0,0 ls-=0 [56,56,56,56,61] brc=0 lrc=0
E/WifiStateMachine(  823):  L2ConnectedState (when=-8ms what=131155 arg1=43!CMD_RSSI_POLL 43 0 "Wenba 5G" 58:66:ba:af:6c:b1 rssi=-44 f=2412 sc=60 link=54 tx=1.1, 0.0, 0.0  rx=29.1 bcn=0 [on:0 tx:0 rx:0 period:2] from screen [on:0 period:1130309834] gl u24 rssi=-44 ag=0 hr ticks 0,0,0 ls-=0 [56,56,56,56,61] brc=0 lrc=0
E/WifiStateMachine(  823):  get link layer stats 0
D/wpa_supplicant( 1301): wlan0: Control interface command 'SIGNAL_POLL'
E/WifiConfigStore(  823): updateConfiguration freq=2412 BSSID=58:66:ba:af:6c:b1 RSSI=-44 "Wenba 5G"WPA_PSK
E/WifiTrafficPoller(  823): TRAFFIC_STATS_POLL true Token 73 num clients 19
E/WifiTrafficPoller(  823):  packet count Tx=512660 Rx=970242
E/WifiTrafficPoller(  823): TRAFFIC_STATS_POLL true Token 73 num clients 19
E/WifiTrafficPoller(  823):  packet count Tx=512660 Rx=970265
E/WifiTrafficPoller(  823): TRAFFIC_STATS_POLL true Token 73 num clients 19
E/WifiTrafficPoller(  823):  packet count Tx=512660 Rx=970280
E/WifiStateMachine(  823):  ConnectedState (when=-4ms what=131155 arg1=43!CMD_RSSI_POLL 43 0 "Wenba 5G" 58:66:ba:af:6c:b1 rssi=-45 f=2412 sc=60 link=54 tx=0.5, 0.0, 0.0  rx=32.5 bcn=0 [on:0 tx:0 rx:0 period:2997] from screen [on:0 period:1130312845] gl u24 rssi=-45 ag=0 hr ticks 0,0,0 ls-=0 [56,56,56,56,61] brc=0 lrc=0
E/WifiStateMachine(  823):  L2ConnectedState (when=-4ms what=131155 arg1=43!CMD_RSSI_POLL 43 0 "Wenba 5G" 58:66:ba:af:6c:b1 rssi=-45 f=2412 sc=60 link=54 tx=0.5, 0.0, 0.0  rx=32.5 bcn=0 [on:0 tx:0 rx:0 period:1] from screen [on:0 period:1130312846] gl u24 rssi=-45 ag=0 hr ticks 0,0,0 ls-=0 [56,56,56,56,61] brc=0 lrc=0
E/WifiStateMachine(  823):  get link layer stats 0
D/wpa_supplicant( 1301): wlan0: Control interface command 'SIGNAL_POLL'
E/WifiConfigStore(  823): updateConfiguration freq=2412 BSSID=58:66:ba:af:6c:b1 RSSI=-44 "Wenba 5G"WPA_PSK
E/WifiTrafficPoller(  823): TRAFFIC_STATS_POLL true Token 73 num clients 19
E/WifiTrafficPoller(  823):  packet count Tx=512660 Rx=970282
E/WifiTrafficPoller(  823): TRAFFIC_STATS_POLL true Token 73 num clients 19
E/WifiTrafficPoller(  823):  packet count Tx=512660 Rx=970283
E/WifiStateMachine(  823):  ConnectedState (when=-3ms what=131143 arg1=-2 arg2=1745) !CMD_START_SCAN -2 1745 ic=0 proc(ms):20003 dur:2716 cnt=1745 rssi=-45 f=2412 sc=60 link=54 tx=0.3, 0.0, 0.0  rx=35.3 fiv=20000 [on:0 tx:0 rx:0 period:2210] from screen [on:0 period:1130315079]
E/WifiStateMachine(  823):  L2ConnectedState (when=-5ms what=131143 arg1=-2 arg2=1745) !CMD_START_SCAN -2 1745 ic=0 proc(ms):20005 dur:2716 cnt=1745 rssi=-45 f=2412 sc=60 link=54 tx=0.3, 0.0, 0.0  rx=35.3 fiv=20000 [on:0 tx:0 rx:0 period:2] from screen [on:0 period:1130315081]
E/WifiStateMachine(  823): WifiStateMachine CMD_START_SCAN source -2 txSuccessRate=0.27 rxSuccessRate=35.27 targetRoamBSSID=any RSSI=-45
E/WifiStateMachine(  823): startDelayedScan send -> 1746 milli 20000
E/WifiStateMachine(  823): WifiStateMachine CMD_START_SCAN with age=3661701 interval=20000 maxinterval=300000
E/WifiStateMachine(  823): WifiStateMachine CMD_START_SCAN try full band scan age=3661701 interval=20000 maxinterval=300000
E/WifiStateMachine(  823): WifiStateMachine CMD_START_SCAN prevent full band scan due to pkt rate
E/WifiStateMachine(  823): WifiStateMachine CMD_START_SCAN full=false
E/WifiTrafficPoller(  823): TRAFFIC_STATS_POLL true Token 73 num clients 19
E/WifiTrafficPoller(  823):  packet count Tx=512660 Rx=970288
E/WifiStateMachine(  823):  ConnectedState (when=-2ms what=131155 arg1=43!CMD_RSSI_POLL 43 0 "Wenba 5G" 58:66:ba:af:6c:b1 rssi=-45 f=2412 sc=60 link=54 tx=0.3, 0.0, 0.0  rx=35.3 bcn=0 [on:0 tx:0 rx:0 period:786] from screen [on:0 period:1130315869] gl u24 rssi=-45 ag=0 hr ticks 0,0,0 ls-=0 [56,56,56,56,61] brc=0 lrc=0
E/WifiStateMachine(  823):  L2ConnectedState (when=-5ms what=131155 arg1=43!CMD_RSSI_POLL 43 0 "Wenba 5G" 58:66:ba:af:6c:b1 rssi=-45 f=2412 sc=60 link=54 tx=0.3, 0.0, 0.0  rx=35.3 bcn=0 [on:0 tx:0 rx:0 period:3] from screen [on:0 period:1130315872] gl u24 rssi=-45 ag=0 hr ticks 0,0,0 ls-=0 [56,56,56,56,61] brc=0 lrc=0
E/WifiStateMachine(  823):  get link layer stats 0
D/wpa_supplicant( 1301): wlan0: Control interface command 'SIGNAL_POLL'
E/WifiConfigStore(  823): updateConfiguration freq=2412 BSSID=58:66:ba:af:6c:b1 RSSI=-42 "Wenba 5G"WPA_PSK
E/WifiTrafficPoller(  823): TRAFFIC_STATS_POLL true Token 73 num clients 19
E/WifiTrafficPoller(  823):  packet count Tx=512660 Rx=970303
E/WifiTrafficPoller(  823): TRAFFIC_STATS_POLL true Token 73 num clients 19
E/WifiTrafficPoller(  823):  packet count Tx=512660 Rx=970320
E/WifiTrafficPoller(  823): TRAFFIC_STATS_POLL true Token 73 num clients 19
E/WifiTrafficPoller(  823):  packet count Tx=512660 Rx=970335
E/WifiStateMachine(  823):  ConnectedState (when=-2ms what=131155 arg1=43!CMD_RSSI_POLL 43 0 "Wenba 5G" 58:66:ba:af:6c:b1 rssi=-41 f=2412 sc=60 link=54 tx=0.1, 0.0, 0.0  rx=26.6 bcn=0 [on:0 tx:0 rx:0 period:2995] from screen [on:0 period:1130318880] gl u24 rssi=-41 ag=0 hr ticks 0,0,0 ls-=0 [56,56,56,56,61] brc=0 lrc=0
E/WifiStateMachine(  823):  L2ConnectedState (when=-3ms what=131155 arg1=43!CMD_RSSI_POLL 43 0 "Wenba 5G" 58:66:ba:af:6c:b1 rssi=-41 f=2412 sc=60 link=54 tx=0.1, 0.0, 0.0  rx=26.6 bcn=0 [on:0 tx:0 rx:0 period:1] from screen [on:0 period:1130318881] gl u24 rssi=-41 ag=0 hr ticks 0,0,0 ls-=0 [56,56,56,56,61] brc=0 lrc=0
E/WifiStateMachine(  823):  get link layer stats 0
D/wpa_supplicant( 1301): wlan0: Control interface command 'SIGNAL_POLL'
E/WifiConfigStore(  823): updateConfiguration freq=2412 BSSID=58:66:ba:af:6c:b1 RSSI=-41 "Wenba 5G"WPA_PSK
E/WifiTrafficPoller(  823): TRAFFIC_STATS_POLL true Token 73 num clients 19
E/WifiTrafficPoller(  823):  packet count Tx=512661 Rx=970350
E/WifiTrafficPoller(  823): notifying of data activity 3
E/WifiTrafficPoller(  823): TRAFFIC_STATS_POLL true Token 73 num clients 19
E/WifiTrafficPoller(  823):  packet count Tx=512661 Rx=970362
E/WifiTrafficPoller(  823): notifying of data activity 1
E/WifiTrafficPoller(  823): TRAFFIC_STATS_POLL true Token 73 num clients 19
E/WifiTrafficPoller(  823):  packet count Tx=512663 Rx=970380
E/WifiTrafficPoller(  823): notifying of data activity 3
E/WifiStateMachine(  823):  ConnectedState (when=-4ms what=131155 arg1=43!CMD_RSSI_POLL 43 0 "Wenba 5G" 58:66:ba:af:6c:b1 rssi=-41 f=2412 sc=60 link=54 tx=0.1, 0.0, 0.0  rx=36.8 bcn=0 [on:0 tx:0 rx:0 period:3004] from screen [on:0 period:1130321907] gl u24 rssi=-41 ag=0 hr ticks 0,0,0 ls-=0 [56,56,56,56,61] brc=0 lrc=0
E/WifiStateMachine(  823):  L2ConnectedState (when=-6ms what=131155 arg1=43!CMD_RSSI_POLL 43 0 "Wenba 5G" 58:66:ba:af:6c:b1 rssi=-41 f=2412 sc=60 link=54 tx=0.1, 0.0, 0.0  rx=36.8 bcn=0 [on:0 tx:0 rx:0 period:2] from screen [on:0 period:1130321909] gl u24 rssi=-41 ag=0 hr ticks 0,0,0 ls-=0 [56,56,56,56,61] brc=0 lrc=0
E/WifiStateMachine(  823):  get link layer stats 0
D/wpa_supplicant( 1301): wlan0: Control interface command 'SIGNAL_POLL'
E/WifiConfigStore(  823): updateConfiguration freq=2412 BSSID=58:66:ba:af:6c:b1 RSSI=-41 "Wenba 5G"WPA_PSK
E/WifiTrafficPoller(  823): TRAFFIC_STATS_POLL true Token 73 num clients 19
E/WifiTrafficPoller(  823):  packet count Tx=512663 Rx=970402
E/WifiTrafficPoller(  823): notifying of data activity 1
E/WifiTrafficPoller(  823): TRAFFIC_STATS_POLL true Token 73 num clients 19
E/WifiTrafficPoller(  823):  packet count Tx=512663 Rx=970442
E/WifiTrafficPoller(  823): TRAFFIC_STATS_POLL true Token 73 num clients 19
E/WifiTrafficPoller(  823):  packet count Tx=512663 Rx=970443
D/PermissionHistoryHelper(  823): getInteractionTime() userId: 0 timeBound(ns): 20000
D/PermissionHistoryHelper(  823): getInteractionTime() currentTime: 69563362 searchTime: 69543362
E/WifiStateMachine(  823):  ConnectedState (when=-5ms what=131155 arg1=43!CMD_RSSI_POLL 43 0 "Wenba 5G" 58:66:ba:af:6c:b1 rssi=-41 f=2412 sc=60 link=54 tx=1.5, 0.0, 0.0  rx=45.4 bcn=0 [on:0 tx:0 rx:0 period:3000] from screen [on:0 period:1130324940] gl u24 rssi=-41 ag=0 hr ticks 0,0,0 ls-=0 [56,56,56,56,61] brc=0 lrc=0
E/WifiStateMachine(  823):  L2ConnectedState (when=-8ms what=131155 arg1=43!CMD_RSSI_POLL 43 0 "Wenba 5G" 58:66:ba:af:6c:b1 rssi=-41 f=2412 sc=60 link=54 tx=1.5, 0.0, 0.0  rx=45.4 bcn=0 [on:0 tx:0 rx:0 period:3] from screen [on:0 period:1130324943] gl u24 rssi=-41 ag=0 hr ticks 0,0,0 ls-=0 [56,56,56,56,61] brc=0 lrc=0
E/WifiStateMachine(  823):  get link layer stats 0
D/wpa_supplicant( 1301): wlan0: Control interface command 'SIGNAL_POLL'
E/WifiConfigStore(  823): updateConfiguration freq=2412 BSSID=58:66:ba:af:6c:b1 RSSI=-41 "Wenba 5G"WPA_PSK
E/WifiTrafficPoller(  823): TRAFFIC_STATS_POLL true Token 73 num clients 19
E/WifiTrafficPoller(  823):  packet count Tx=512663 Rx=970453
E/WifiTrafficPoller(  823): TRAFFIC_STATS_POLL true Token 73 num clients 19
E/WifiTrafficPoller(  823):  packet count Tx=512663 Rx=970455
E/WifiTrafficPoller(  823): TRAFFIC_STATS_POLL true Token 73 num clients 19
E/WifiTrafficPoller(  823):  packet count Tx=512663 Rx=970465
E/WifiStateMachine(  823):  ConnectedState (when=-4ms what=131155 arg1=43!CMD_RSSI_POLL 43 0 "Wenba 5G" 58:66:ba:af:6c:b1 rssi=-41 f=2412 sc=60 link=54 tx=0.8, 0.0, 0.0  rx=49.2 bcn=0 [on:0 tx:0 rx:0 period:2997] from screen [on:0 period:1130327968] gl u24 rssi=-41 ag=0 hr ticks 0,0,0 ls-=0 [56,56,56,56,61] brc=0 lrc=0
E/WifiStateMachine(  823):  L2ConnectedState (when=-5ms what=131155 arg1=43!CMD_RSSI_POLL 43 0 "Wenba 5G" 58:66:ba:af:6c:b1 rssi=-41 f=2412 sc=60 link=54 tx=0.8, 0.0, 0.0  rx=49.2 bcn=0 [on:0 tx:0 rx:0 period:1] from screen [on:0 period:1130327969] gl u24 rssi=-41 ag=0 hr ticks 0,0,0 ls-=0 [56,56,56,56,61] brc=0 lrc=0
E/WifiStateMachine(  823):  get link layer stats 0
D/wpa_supplicant( 1301): wlan0: Control interface command 'SIGNAL_POLL'
E/WifiConfigStore(  823): updateConfiguration freq=2412 BSSID=58:66:ba:af:6c:b1 RSSI=-41 "Wenba 5G"WPA_PSK
E/WifiTrafficPoller(  823): TRAFFIC_STATS_POLL true Token 73 num clients 19
E/WifiTrafficPoller(  823):  packet count Tx=512663 Rx=970480
D/wpa_supplicant( 1301): wlan0: BSS: Remove id 990 BSSID 58:66:ba:af:6c:b0 SSID 'Wenba-Guest' due to wpa_bss_flush_by_age
D/wpa_supplicant( 1301): CTRL_IFACE monitor sent successfully to /data/misc/wifi/sockets/wpa_ctrl_823-2\x00
D/wpa_supplicant( 1301): wlan0: BSS: Remove id 991 BSSID 58:66:ba:af:68:31 SSID 'Wenba-Guest' due to wpa_bss_flush_by_age
D/wpa_supplicant( 1301): CTRL_IFACE monitor sent successfully to /data/misc/wifi/sockets/wpa_ctrl_823-2\x00
D/wpa_supplicant( 1301): wlan0: BSS: Remove id 992 BSSID 58:66:ba:af:6c:a0 SSID 'Wenba 2.4G' due to wpa_bss_flush_by_age
D/wpa_supplicant( 1301): CTRL_IFACE monitor sent successfully to /data/misc/wifi/sockets/wpa_ctrl_823-2\x00
D/wpa_supplicant( 1301): wlan0: BSS: Remove id 993 BSSID 98:5a:eb:89:a5:56 SSID 'CityBoy' due to wpa_bss_flush_by_age
D/wpa_supplicant( 1301): CTRL_IFACE monitor sent successfully to /data/misc/wifi/sockets/wpa_ctrl_823-2\x00
D/wpa_supplicant( 1301): wlan0: BSS: Remove id 994 BSSID 58:66:ba:af:63:90 SSID 'Wenba-Guest' due to wpa_bss_flush_by_age
D/wpa_supplicant( 1301): CTRL_IFACE monitor sent successfully to /data/misc/wifi/sockets/wpa_ctrl_823-2\x00
D/wpa_supplicant( 1301): wlan0: BSS: Remove id 995 BSSID 64:09:80:78:1a:8d SSID '1v1_test' due to wpa_bss_flush_by_age
D/wpa_supplicant( 1301): CTRL_IFACE monitor sent successfully to /data/misc/wifi/sockets/wpa_ctrl_823-2\x00
D/wpa_supplicant( 1301): wlan0: BSS: Remove id 996 BSSID 58:66:ba:ab:7d:f0 SSID 'Wenba-Guest' due to wpa_bss_flush_by_age
D/wpa_supplicant( 1301): CTRL_IFACE monitor sent successfully to /data/misc/wifi/sockets/wpa_ctrl_823-2\x00
D/wpa_supplicant( 1301): wlan0: BSS: Remove id 997 BSSID 58:66:ba:ab:7c:b0 SSID 'Wenba-Guest' due to wpa_bss_flush_by_age
D/wpa_supplicant( 1301): CTRL_IFACE monitor sent successfully to /data/misc/wifi/sockets/wpa_ctrl_823-2\x00
D/wpa_supplicant( 1301): wlan0: BSS: Remove id 998 BSSID d8:ae:90:0a:b6:5d SSID 'ChinaNet-a2b3' due to wpa_bss_flush_by_age
D/wpa_supplicant( 1301): CTRL_IFACE monitor sent successfully to /data/misc/wifi/sockets/wpa_ctrl_823-2\x00
D/wpa_supplicant( 1301): wlan0: BSS: Remove id 999 BSSID 58:66:ba:af:68:20 SSID 'Wenba 2.4G' due to wpa_bss_flush_by_age
D/wpa_supplicant( 1301): CTRL_IFACE monitor sent successfully to /data/misc/wifi/sockets/wpa_ctrl_823-2\x00
D/wpa_supplicant( 1301): wlan0: BSS: Remove id 1000 BSSID 64:09:80:78:1a:8e SSID '1v1_test_5G' due to wpa_bss_flush_by_age
D/wpa_supplicant( 1301): CTRL_IFACE monitor sent successfully to /data/misc/wifi/sockets/wpa_ctrl_823-2\x00
D/wpa_supplicant( 1301): wlan0: BSS: Remove id 1001 BSSID 58:66:ba:af:63:80 SSID 'Wenba 2.4G' due to wpa_bss_flush_by_age
D/wpa_supplicant( 1301): CTRL_IFACE monitor sent successfully to /data/misc/wifi/sockets/wpa_ctrl_823-2\x00
D/wpa_supplicant( 1301): wlan0: BSS: Remove id 1002 BSSID 58:66:ba:ab:7d:90 SSID 'Wenba-Guest' due to wpa_bss_flush_by_age
D/wpa_supplicant( 1301): CTRL_IFACE monitor sent successfully to /data/misc/wifi/sockets/wpa_ctrl_823-2\x00
D/wpa_supplicant( 1301): wlan0: BSS: Remove id 1003 BSSID 58:66:ba:ab:7d:e0 SSID 'Wenba 2.4G' due to wpa_bss_flush_by_age
D/wpa_supplicant( 1301): CTRL_IFACE monitor sent successfully to /data/misc/wifi/sockets/wpa_ctrl_823-2\x00
D/wpa_supplicant( 1301): wlan0: BSS: Remove id 1004 BSSID 58:66:ba:ab:7c:a0 SSID 'Wenba 2.4G' due to wpa_bss_flush_by_age
D/wpa_supplicant( 1301): CTRL_IFACE monitor sent successfully to /data/misc/wifi/sockets/wpa_ctrl_823-2\x00
E/WifiTrafficPoller(  823): TRAFFIC_STATS_POLL true Token 73 num clients 19
E/WifiTrafficPoller(  823):  packet count Tx=512664 Rx=970505
E/WifiTrafficPoller(  823): notifying of data activity 3
E/WifiTrafficPoller(  823): TRAFFIC_STATS_POLL true Token 73 num clients 19
E/WifiTrafficPoller(  823):  packet count Tx=512664 Rx=970532
E/WifiTrafficPoller(  823): notifying of data activity 1
E/WifiStateMachine(  823):  ConnectedState (when=-5ms what=131155 arg1=43!CMD_RSSI_POLL 43 0 "Wenba 5G" 58:66:ba:af:6c:b1 rssi=-41 f=2412 sc=60 link=54 tx=0.4, 0.0, 0.0  rx=36.6 bcn=0 [on:0 tx:0 rx:0 period:3004] from screen [on:0 period:1130330998] gl u24 rssi=-41 ag=0 hr ticks 0,0,0 ls-=0 [56,56,56,56,61] brc=0 lrc=0
E/WifiStateMachine(  823):  L2ConnectedState (when=-7ms what=131155 arg1=43!CMD_RSSI_POLL 43 0 "Wenba 5G" 58:66:ba:af:6c:b1 rssi=-41 f=2412 sc=60 link=54 tx=0.4, 0.0, 0.0  rx=36.6 bcn=0 [on:0 tx:0 rx:0 period:2] from screen [on:0 period:1130331000] gl u24 rssi=-41 ag=0 hr ticks 0,0,0 ls-=0 [56,56,56,56,61] brc=0 lrc=0
E/WifiStateMachine(  823):  get link layer stats 0
D/wpa_supplicant( 1301): wlan0: Control interface command 'SIGNAL_POLL'
E/WifiConfigStore(  823): updateConfiguration freq=2412 BSSID=58:66:ba:af:6c:b1 RSSI=-41 "Wenba 5G"WPA_PSK
E/WifiTrafficPoller(  823): TRAFFIC_STATS_POLL true Token 73 num clients 19
E/WifiTrafficPoller(  823):  packet count Tx=512664 Rx=970553
E/WifiTrafficPoller(  823): TRAFFIC_STATS_POLL true Token 73 num clients 19
E/WifiTrafficPoller(  823):  packet count Tx=512664 Rx=970571
E/WifiTrafficPoller(  823): TRAFFIC_STATS_POLL true Token 73 num clients 19
E/WifiTrafficPoller(  823):  packet count Tx=512664 Rx=970581
E/WifiStateMachine(  823):  ConnectedState (when=-2ms what=131155 arg1=43!CMD_RSSI_POLL 43 0 "Wenba 5G" 58:66:ba:af:6c:b1 rssi=-41 f=2412 sc=60 link=54 tx=0.7, 0.0, 0.0  rx=52.8 bcn=0 [on:0 tx:0 rx:0 period:2995] from screen [on:0 period:1130334026] gl u24 rssi=-41 ag=0 hr ticks 0,0,0 ls-=0 [56,56,56,56,61] brc=0 lrc=0
E/WifiStateMachine(  823):  L2ConnectedState (when=-3ms what=131155 arg1=43!CMD_RSSI_POLL 43 0 "Wenba 5G" 58:66:ba:af:6c:b1 rssi=-41 f=2412 sc=60 link=54 tx=0.7, 0.0, 0.0  rx=52.8 bcn=0 [on:0 tx:0 rx:0 period:1] from screen [on:0 period:1130334027] gl u24 rssi=-41 ag=0 hr ticks 0,0,0 ls-=0 [56,56,56,56,61] brc=0 lrc=0
E/WifiStateMachine(  823):  get link layer stats 0
D/wpa_supplicant( 1301): wlan0: Control interface command 'SIGNAL_POLL'
E/WifiConfigStore(  823): updateConfiguration freq=2412 BSSID=58:66:ba:af:6c:b1 RSSI=-41 "Wenba 5G"WPA_PSK
E/WifiTrafficPoller(  823): TRAFFIC_STATS_POLL true Token 73 num clients 19
E/WifiTrafficPoller(  823):  packet count Tx=512664 Rx=970589
E/WifiStateMachine(  823):  ConnectedState (when=-2ms what=131143 arg1=-2 arg2=1746) !CMD_START_SCAN -2 1746 ic=0 proc(ms):20002 dur:2716 cnt=1746 rssi=-42 f=2412 sc=60 link=54 tx=0.3, 0.0, 0.0  rx=46.9 fiv=20000 [on:0 tx:0 rx:0 period:1042] from screen [on:0 period:1130335085]
E/WifiStateMachine(  823):  L2ConnectedState (when=-4ms what=131143 arg1=-2 arg2=1746) !CMD_START_SCAN -2 1746 ic=0 proc(ms):20004 dur:2716 cnt=1746 rssi=-42 f=2412 sc=60 link=54 tx=0.3, 0.0, 0.0  rx=46.9 fiv=20000 [on:0 tx:0 rx:0 period:2] from screen [on:0 period:1130335087]
E/WifiStateMachine(  823): WifiStateMachine CMD_START_SCAN source -2 txSuccessRate=0.35 rxSuccessRate=46.90 targetRoamBSSID=any RSSI=-42
E/WifiStateMachine(  823): startDelayedScan send -> 1747 milli 20000
E/WifiStateMachine(  823): WifiStateMachine CMD_START_SCAN with age=3681706 interval=20000 maxinterval=300000
E/WifiStateMachine(  823): WifiStateMachine CMD_START_SCAN try full band scan age=3681706 interval=20000 maxinterval=300000
E/WifiStateMachine(  823): WifiStateMachine CMD_START_SCAN prevent full band scan due to pkt rate
E/WifiStateMachine(  823): WifiStateMachine CMD_START_SCAN full=false
E/WifiTrafficPoller(  823): TRAFFIC_STATS_POLL true Token 73 num clients 19
E/WifiTrafficPoller(  823):  packet count Tx=512664 Rx=970593
E/WifiTrafficPoller(  823): TRAFFIC_STATS_POLL true Token 73 num clients 19
E/WifiTrafficPoller(  823):  packet count Tx=512664 Rx=970604
E/WifiStateMachine(  823):  ConnectedState (when=-3ms what=131155 arg1=43!CMD_RSSI_POLL 43 0 "Wenba 5G" 58:66:ba:af:6c:b1 rssi=-42 f=2412 sc=60 link=54 tx=0.3, 0.0, 0.0  rx=46.9 bcn=0 [on:0 tx:0 rx:0 period:1958] from screen [on:0 period:1130337046] gl u24 rssi=-42 ag=0 hr ticks 0,0,0 ls-=0 [56,56,56,56,61] brc=0 lrc=0
E/WifiStateMachine(  823):  L2ConnectedState (when=-5ms what=131155 arg1=43!CMD_RSSI_POLL 43 0 "Wenba 5G" 58:66:ba:af:6c:b1 rssi=-42 f=2412 sc=60 link=54 tx=0.3, 0.0, 0.0  rx=46.9 bcn=0 [on:0 tx:0 rx:0 period:2] from screen [on:0 period:1130337048] gl u24 rssi=-42 ag=0 hr ticks 0,0,0 ls-=0 [56,56,56,56,61] brc=0 lrc=0
E/WifiStateMachine(  823):  get link layer stats 0
D/wpa_supplicant( 1301): wlan0: Control interface command 'SIGNAL_POLL'
E/WifiConfigStore(  823): updateConfiguration freq=2412 BSSID=58:66:ba:af:6c:b1 RSSI=-41 "Wenba 5G"WPA_PSK
E/WifiTrafficPoller(  823): TRAFFIC_STATS_POLL true Token 73 num clients 19
E/WifiTrafficPoller(  823):  packet count Tx=512664 Rx=970607
E/WifiTrafficPoller(  823): TRAFFIC_STATS_POLL true Token 73 num clients 19
E/WifiTrafficPoller(  823):  packet count Tx=512664 Rx=970612
E/WifiTrafficPoller(  823): TRAFFIC_STATS_POLL true Token 73 num clients 19
E/WifiTrafficPoller(  823):  packet count Tx=512664 Rx=970631
E/WifiStateMachine(  823):  ConnectedState (when=-5ms what=131155 arg1=43!CMD_RSSI_POLL 43 0 "Wenba 5G" 58:66:ba:af:6c:b1 rssi=-42 f=2412 sc=60 link=54 tx=0.2, 0.0, 0.0  rx=34.0 bcn=0 [on:0 tx:0 rx:0 period:2999] from screen [on:0 period:1130340061] gl u24 rssi=-42 ag=0 hr ticks 0,0,0 ls-=0 [56,56,56,56,61] brc=0 lrc=0
E/WifiStateMachine(  823):  L2ConnectedState (when=-8ms what=131155 arg1=43!CMD_RSSI_POLL 43 0 "Wenba 5G" 58:66:ba:af:6c:b1 rssi=-42 f=2412 sc=60 link=54 tx=0.2, 0.0, 0.0  rx=34.0 bcn=0 [on:0 tx:0 rx:0 period:3] from screen [on:0 period:1130340064] gl u24 rssi=-42 ag=0 hr ticks 0,0,0 ls-=0 [56,56,56,56,61] brc=0 lrc=0
E/WifiStateMachine(  823):  get link layer stats 0
D/wpa_supplicant( 1301): wlan0: Control interface command 'SIGNAL_POLL'
E/WifiConfigStore(  823): updateConfiguration freq=2412 BSSID=58:66:ba:af:6c:b1 RSSI=-41 "Wenba 5G"WPA_PSK
E/WifiTrafficPoller(  823): TRAFFIC_STATS_POLL true Token 73 num clients 19
E/WifiTrafficPoller(  823):  packet count Tx=512664 Rx=970650
E/WifiTrafficPoller(  823): TRAFFIC_STATS_POLL true Token 73 num clients 19
E/WifiTrafficPoller(  823):  packet count Tx=512664 Rx=970673
E/WifiTrafficPoller(  823): TRAFFIC_STATS_POLL true Token 73 num clients 19
E/WifiTrafficPoller(  823):  packet count Tx=512664 Rx=970677
E/WifiStateMachine(  823):  ConnectedState (when=-5ms what=131155 arg1=43!CMD_RSSI_POLL 43 0 "Wenba 5G" 58:66:ba:af:6c:b1 rssi=-42 f=2412 sc=60 link=54 tx=0.1, 0.0, 0.0  rx=37.5 bcn=0 [on:0 tx:0 rx:0 period:3000] from screen [on:0 period:1130343092] gl u24 rssi=-42 ag=0 hr ticks 0,0,0 ls-=0 [56,56,56,56,61] brc=0 lrc=0
E/WifiStateMachine(  823):  L2ConnectedState (when=-8ms what=131155 arg1=43!CMD_RSSI_POLL 43 0 "Wenba 5G" 58:66:ba:af:6c:b1 rssi=-42 f=2412 sc=60 link=54 tx=0.1, 0.0, 0.0  rx=37.5 bcn=0 [on:0 tx:0 rx:0 period:2] from screen [on:0 period:1130343094] gl u24 rssi=-42 ag=0 hr ticks 0,0,0 ls-=0 [56,56,56,56,61] brc=0 lrc=0
E/WifiStateMachine(  823):  get link layer stats 0
D/wpa_supplicant( 1301): wlan0: Control interface command 'SIGNAL_POLL'
E/WifiConfigStore(  823): updateConfiguration freq=2412 BSSID=58:66:ba:af:6c:b1 RSSI=-41 "Wenba 5G"WPA_PSK
D/PermissionHistoryHelper(  823): getInteractionTime() userId: 0 timeBound(ns): 20000
D/PermissionHistoryHelper(  823): getInteractionTime() currentTime: 69581956 searchTime: 69561956
E/WifiTrafficPoller(  823): TRAFFIC_STATS_POLL true Token 73 num clients 19
E/WifiTrafficPoller(  823):  packet count Tx=512664 Rx=970695
E/WifiTrafficPoller(  823): TRAFFIC_STATS_POLL true Token 73 num clients 19
E/WifiTrafficPoller(  823):  packet count Tx=512664 Rx=970705
E/WifiTrafficPoller(  823): TRAFFIC_STATS_POLL true Token 73 num clients 19
E/WifiTrafficPoller(  823):  packet count Tx=512664 Rx=970721
E/WifiStateMachine(  823):  ConnectedState (when=-6ms what=131155 arg1=43!CMD_RSSI_POLL 43 0 "Wenba 5G" 58:66:ba:af:6c:b1 rssi=-42 f=2412 sc=60 link=54 tx=0.0, 0.0, 0.0  rx=41.2 bcn=0 [on:0 tx:0 rx:0 period:2999] from screen [on:0 period:1130346107] gl u24 rssi=-42 ag=0 hr ticks 0,0,0 ls-=0 [56,56,56,56,61] brc=0 lrc=0
E/WifiStateMachine(  823):  L2ConnectedState (when=-9ms what=131155 arg1=43!CMD_RSSI_POLL 43 0 "Wenba 5G" 58:66:ba:af:6c:b1 rssi=-42 f=2412 sc=60 link=54 tx=0.0, 0.0, 0.0  rx=41.2 bcn=0 [on:0 tx:0 rx:0 period:3] from screen [on:0 period:1130346110] gl u24 rssi=-42 ag=0 hr ticks 0,0,0 ls-=0 [56,56,56,56,61] brc=0 lrc=0
E/WifiStateMachine(  823):  get link layer stats 0
D/wpa_supplicant( 1301): wlan0: Control interface command 'SIGNAL_POLL'
E/WifiConfigStore(  823): updateConfiguration freq=2412 BSSID=58:66:ba:af:6c:b1 RSSI=-41 "Wenba 5G"WPA_PSK
E/WifiTrafficPoller(  823): TRAFFIC_STATS_POLL true Token 73 num clients 19
E/WifiTrafficPoller(  823):  packet count Tx=512664 Rx=970739
E/WifiTrafficPoller(  823): TRAFFIC_STATS_POLL true Token 73 num clients 19
E/WifiTrafficPoller(  823):  packet count Tx=512664 Rx=970747
E/WifiTrafficPoller(  823): TRAFFIC_STATS_POLL true Token 73 num clients 19
E/WifiTrafficPoller(  823):  packet count Tx=512664 Rx=970766
E/WifiStateMachine(  823):  ConnectedState (when=-5ms what=131155 arg1=43!CMD_RSSI_POLL 43 0 "Wenba 5G" 58:66:ba:af:6c:b1 rssi=-42 f=2412 sc=60 link=54 tx=0.0, 0.0, 0.0  rx=41.6 bcn=0 [on:0 tx:0 rx:0 period:2999] from screen [on:0 period:1130349141] gl u24 rssi=-42 ag=0 hr ticks 0,0,0 ls-=0 [56,56,56,56,61] brc=0 lrc=0
E/WifiStateMachine(  823):  L2ConnectedState (when=-8ms what=131155 arg1=43!CMD_RSSI_POLL 43 0 "Wenba 5G" 58:66:ba:af:6c:b1 rssi=-42 f=2412 sc=60 link=54 tx=0.0, 0.0, 0.0  rx=41.6 bcn=0 [on:0 tx:0 rx:0 period:2] from screen [on:0 period:1130349143] gl u24 rssi=-42 ag=0 hr ticks 0,0,0 ls-=0 [56,56,56,56,61] brc=0 lrc=0
E/WifiStateMachine(  823):  get link layer stats 0
D/wpa_supplicant( 1301): wlan0: Control interface command 'SIGNAL_POLL'
E/WifiConfigStore(  823): updateConfiguration freq=2412 BSSID=58:66:ba:af:6c:b1 RSSI=-41 "Wenba 5G"WPA_PSK
E/WifiTrafficPoller(  823): TRAFFIC_STATS_POLL true Token 73 num clients 19
E/WifiTrafficPoller(  823):  packet count Tx=512666 Rx=970777
E/WifiTrafficPoller(  823): notifying of data activity 3
E/WifiTrafficPoller(  823): TRAFFIC_STATS_POLL true Token 73 num clients 19
E/WifiTrafficPoller(  823):  packet count Tx=512666 Rx=970782
E/WifiTrafficPoller(  823): notifying of data activity 1
E/WifiTrafficPoller(  823): TRAFFIC_STATS_POLL true Token 73 num clients 19
E/WifiTrafficPoller(  823):  packet count Tx=512668 Rx=970792
E/WifiTrafficPoller(  823): notifying of data activity 3
E/WifiStateMachine(  823):  ConnectedState (when=-3ms what=131155 arg1=43!CMD_RSSI_POLL 43 0 "Wenba 5G" 58:66:ba:af:6c:b1 rssi=-42 f=2412 sc=60 link=54 tx=1.0, 0.0, 0.0  rx=41.3 bcn=0 [on:0 tx:0 rx:0 period:2996] from screen [on:0 period:1130352152] gl u24 rssi=-42 ag=0 hr ticks 0,0,0 ls-=0 [56,56,56,56,61] brc=0 lrc=0
E/WifiStateMachine(  823):  L2ConnectedState (when=-5ms what=131155 arg1=43!CMD_RSSI_POLL 43 0 "Wenba 5G" 58:66:ba:af:6c:b1 rssi=-42 f=2412 sc=60 link=54 tx=1.0, 0.0, 0.0  rx=41.3 bcn=0 [on:0 tx:0 rx:0 period:2] from screen [on:0 period:1130352154] gl u24 rssi=-42 ag=0 hr ticks 0,0,0 ls-=0 [56,56,56,56,61] brc=0 lrc=0
E/WifiStateMachine(  823):  get link layer stats 0
D/wpa_supplicant( 1301): wlan0: Control interface command 'SIGNAL_POLL'
E/WifiConfigStore(  823): updateConfiguration freq=2412 BSSID=58:66:ba:af:6c:b1 RSSI=-44 "Wenba 5G"WPA_PSK
E/WifiTrafficPoller(  823): TRAFFIC_STATS_POLL true Token 73 num clients 19
E/WifiTrafficPoller(  823):  packet count Tx=512668 Rx=970795
E/WifiTrafficPoller(  823): notifying of data activity 1
E/WifiTrafficPoller(  823): TRAFFIC_STATS_POLL true Token 73 num clients 19
E/WifiTrafficPoller(  823):  packet count Tx=512668 Rx=970799
E/WifiTrafficPoller(  823): TRAFFIC_STATS_POLL true Token 73 num clients 19
E/WifiTrafficPoller(  823):  packet count Tx=512668 Rx=970800
E/WifiStateMachine(  823):  ConnectedState (when=-4ms what=131143 arg1=-2 arg2=1747) !CMD_START_SCAN -2 1747 ic=0 proc(ms):20004 dur:2716 cnt=1747 rssi=-47 f=2412 sc=60 link=54 tx=1.5, 0.0, 0.0  rx=30.2 fiv=20000 [on:0 tx:0 rx:0 period:2908] from screen [on:0 period:1130355091]
